[2026-04-29 14:18:58] INFO Device: cuda
[2026-04-29 14:18:58] INFO GPU: NVIDIA GeForce RTX 5090
[2026-04-29 14:18:58] INFO Loaded outputs/full_0429/best.pth
[2026-04-29 14:18:58] INFO   ckpt epoch=145 best_mae=26.099386849979567
[2026-04-29 14:18:58] INFO Cases to infer: 200
C:\Users\USER\anaconda3\envs\nnunet\Lib\site-packages\monai\inferers\utils.py:226: UserWarning: Using a non-tuple sequence for multidimensional indexing is deprecated and will be changed in pytorch 2.9; use x[tuple(seq)] instead of x[seq]. In pytorch 2.9 this will be interpreted as tensor index, x[torch.tensor(seq)], which will result either in an error or a different result (Triggered internally at C:\actions-runner\_work\pytorch\pytorch\pytorch\torch\csrc\autograd\python_variable_indexing.cpp:353.)
  win_data = torch.cat([inputs[win_slice] for win_slice in unravel_slice]).to(sw_device)
C:\Users\USER\anaconda3\envs\nnunet\Lib\site-packages\monai\inferers\utils.py:370: UserWarning: Using a non-tuple sequence for multidimensional indexing is deprecated and will be changed in pytorch 2.9; use x[tuple(seq)] instead of x[seq]. In pytorch 2.9 this will be interpreted as tensor index, x[torch.tensor(seq)], which will result either in an error or a different result (Triggered internally at C:\actions-runner\_work\pytorch\pytorch\pytorch\torch\csrc\autograd\python_variable_indexing.cpp:353.)
  out[idx_zm] += p
[2026-04-29 14:18:59] INFO [1/200] 2HNA002 shape=(309, 307, 88) done in 0.8s
[2026-04-29 14:19:00] INFO [2/200] 2HNA005 shape=(311, 307, 83) done in 0.6s
[2026-04-29 14:19:00] INFO [3/200] 2HNA010 shape=(308, 309, 88) done in 0.6s
[2026-04-29 14:19:01] INFO [4/200] 2HNA011 shape=(314, 313, 79) done in 0.6s
[2026-04-29 14:19:02] INFO [5/200] 2HNA014 shape=(310, 309, 87) done in 0.6s
[2026-04-29 14:19:02] INFO [6/200] 2HNA016 shape=(308, 308, 88) done in 0.6s
[2026-04-29 14:19:03] INFO [7/200] 2HNA019 shape=(312, 309, 86) done in 0.6s
[2026-04-29 14:19:03] INFO [8/200] 2HNA021 shape=(308, 307, 88) done in 0.7s
[2026-04-29 14:19:04] INFO [9/200] 2HNA024 shape=(309, 309, 87) done in 0.6s
[2026-04-29 14:19:05] INFO [10/200] 2HNA025 shape=(309, 308, 87) done in 0.6s
[2026-04-29 14:19:05] INFO [11/200] 2HNA026 shape=(308, 309, 88) done in 0.6s
[2026-04-29 14:19:06] INFO [12/200] 2HNA027 shape=(307, 308, 88) done in 0.7s
[2026-04-29 14:19:06] INFO [13/200] 2HNA028 shape=(313, 313, 86) done in 0.6s
[2026-04-29 14:19:07] INFO [14/200] 2HNA029 shape=(309, 309, 82) done in 0.6s
[2026-04-29 14:19:08] INFO [15/200] 2HNA031 shape=(313, 308, 86) done in 0.6s
[2026-04-29 14:19:08] INFO [16/200] 2HNA032 shape=(307, 312, 86) done in 0.6s
[2026-04-29 14:19:09] INFO [17/200] 2HNA033 shape=(309, 307, 87) done in 0.6s
[2026-04-29 14:19:09] INFO [18/200] 2HNA034 shape=(309, 309, 87) done in 0.6s
[2026-04-29 14:19:10] INFO [19/200] 2HNA035 shape=(308, 307, 87) done in 0.6s
[2026-04-29 14:19:11] INFO [20/200] 2HNA036 shape=(309, 308, 87) done in 0.6s
[2026-04-29 14:19:11] INFO [21/200] 2HNA038 shape=(314, 309, 86) done in 0.6s
[2026-04-29 14:19:12] INFO [22/200] 2HNA039 shape=(310, 308, 88) done in 0.6s
[2026-04-29 14:19:12] INFO [23/200] 2HNA040 shape=(308, 307, 88) done in 0.7s
[2026-04-29 14:19:13] INFO [24/200] 2HNA041 shape=(307, 308, 87) done in 0.6s
[2026-04-29 14:19:14] INFO [25/200] 2HNA044 shape=(314, 311, 87) done in 0.6s
[2026-04-29 14:19:14] INFO [26/200] 2HNA045 shape=(309, 309, 87) done in 0.6s
[2026-04-29 14:19:15] INFO [27/200] 2HNA046 shape=(306, 307, 87) done in 0.6s
[2026-04-29 14:19:16] INFO [28/200] 2HNA047 shape=(310, 308, 86) done in 0.6s
[2026-04-29 14:19:16] INFO [29/200] 2HNA050 shape=(312, 307, 87) done in 0.6s
[2026-04-29 14:19:17] INFO [30/200] 2HNA056 shape=(311, 308, 87) done in 0.6s
[2026-04-29 14:19:17] INFO [31/200] 2HNA058 shape=(307, 307, 87) done in 0.6s
[2026-04-29 14:19:18] INFO [32/200] 2HNA061 shape=(311, 282, 51) done in 0.3s
[2026-04-29 14:19:18] INFO [33/200] 2HNA068 shape=(310, 308, 87) done in 0.6s
[2026-04-29 14:19:19] INFO [34/200] 2HNA070 shape=(309, 310, 88) done in 0.6s
[2026-04-29 14:19:20] INFO [35/200] 2HNA073 shape=(308, 310, 87) done in 0.6s
[2026-04-29 14:19:20] INFO [36/200] 2HNA076 shape=(308, 308, 88) done in 0.6s
[2026-04-29 14:19:21] INFO [37/200] 2HNA077 shape=(308, 308, 88) done in 0.6s
[2026-04-29 14:19:21] INFO [38/200] 2HNA082 shape=(309, 308, 87) done in 0.6s
[2026-04-29 14:19:22] INFO [39/200] 2HNA083 shape=(309, 308, 87) done in 0.6s
[2026-04-29 14:19:23] INFO [40/200] 2HNA084 shape=(310, 309, 87) done in 0.6s
[2026-04-29 14:19:23] INFO [41/200] 2HNA086 shape=(312, 308, 87) done in 0.6s
[2026-04-29 14:19:24] INFO [42/200] 2HNA087 shape=(310, 309, 82) done in 0.6s
[2026-04-29 14:19:24] INFO [43/200] 2HNA088 shape=(308, 310, 88) done in 0.6s
[2026-04-29 14:19:25] INFO [44/200] 2HNA089 shape=(308, 311, 88) done in 0.6s
[2026-04-29 14:19:26] INFO [45/200] 2HNA090 shape=(309, 309, 88) done in 0.6s
[2026-04-29 14:19:26] INFO [46/200] 2HNA091 shape=(312, 308, 87) done in 0.6s
[2026-04-29 14:19:27] INFO [47/200] 2HNA092 shape=(310, 309, 88) done in 0.6s
[2026-04-29 14:19:27] INFO [48/200] 2HNA093 shape=(312, 310, 86) done in 0.6s
[2026-04-29 14:19:28] INFO [49/200] 2HNA094 shape=(309, 310, 87) done in 0.6s
[2026-04-29 14:19:29] INFO [50/200] 2HNA095 shape=(310, 309, 87) done in 0.6s
[2026-04-29 14:19:29] INFO [51/200] 2HNA096 shape=(308, 307, 87) done in 0.6s
[2026-04-29 14:19:30] INFO [52/200] 2HNA097 shape=(310, 308, 87) done in 0.6s
[2026-04-29 14:19:30] INFO [53/200] 2HNA098 shape=(273, 288, 82) done in 0.6s
[2026-04-29 14:19:31] INFO [54/200] 2HNA099 shape=(309, 309, 88) done in 0.6s
[2026-04-29 14:19:32] INFO [55/200] 2HNA100 shape=(307, 307, 88) done in 0.7s
[2026-04-29 14:19:32] INFO [56/200] 2HNA102 shape=(307, 310, 87) done in 0.7s
[2026-04-29 14:19:33] INFO [57/200] 2HNA104 shape=(309, 311, 86) done in 0.7s
[2026-04-29 14:19:34] INFO [58/200] 2HNA105 shape=(311, 308, 87) done in 0.7s
[2026-04-29 14:19:34] INFO [59/200] 2HNA106 shape=(309, 309, 87) done in 0.6s
[2026-04-29 14:19:35] INFO [60/200] 2HNA107 shape=(308, 310, 87) done in 0.6s
[2026-04-29 14:19:36] INFO [61/200] 2HNA108 shape=(308, 225, 88) done in 0.5s
[2026-04-29 14:19:36] INFO [62/200] 2HNA110 shape=(307, 308, 87) done in 0.6s
[2026-04-29 14:19:37] INFO [63/200] 2HNA111 shape=(308, 311, 81) done in 0.6s
[2026-04-29 14:19:37] INFO [64/200] 2HNA113 shape=(310, 310, 87) done in 0.6s
[2026-04-29 14:19:38] INFO [65/200] 2HNA115 shape=(307, 309, 87) done in 0.6s
[2026-04-29 14:19:39] INFO [66/200] 2HNB001 shape=(308, 310, 88) done in 0.6s
[2026-04-29 14:19:39] INFO [67/200] 2HNB002 shape=(311, 313, 87) done in 0.6s
[2026-04-29 14:19:40] INFO [68/200] 2HNB005 shape=(309, 309, 88) done in 0.6s
[2026-04-29 14:19:40] INFO [69/200] 2HNB006 shape=(307, 309, 88) done in 0.6s
[2026-04-29 14:19:41] INFO [70/200] 2HNB007 shape=(308, 309, 88) done in 0.6s
[2026-04-29 14:19:42] INFO [71/200] 2HNB009 shape=(309, 309, 88) done in 0.6s
[2026-04-29 14:19:42] INFO [72/200] 2HNB010 shape=(312, 308, 87) done in 0.6s
[2026-04-29 14:19:43] INFO [73/200] 2HNB011 shape=(310, 308, 87) done in 0.6s
[2026-04-29 14:19:43] INFO [74/200] 2HNB013 shape=(309, 311, 88) done in 0.6s
[2026-04-29 14:19:44] INFO [75/200] 2HNB014 shape=(308, 308, 88) done in 0.6s
[2026-04-29 14:19:45] INFO [76/200] 2HNB015 shape=(308, 308, 88) done in 0.6s
[2026-04-29 14:19:45] INFO [77/200] 2HNB016 shape=(307, 307, 49) done in 0.4s
[2026-04-29 14:19:46] INFO [78/200] 2HNB019 shape=(309, 308, 88) done in 0.6s
[2026-04-29 14:19:46] INFO [79/200] 2HNB020 shape=(307, 310, 88) done in 0.6s
[2026-04-29 14:19:47] INFO [80/200] 2HNB023 shape=(315, 315, 86) done in 0.7s
[2026-04-29 14:19:48] INFO [81/200] 2HNB024 shape=(307, 306, 88) done in 0.7s
[2026-04-29 14:19:48] INFO [82/200] 2HNB030 shape=(311, 310, 87) done in 0.6s
[2026-04-29 14:19:49] INFO [83/200] 2HNB031 shape=(308, 311, 87) done in 0.6s
[2026-04-29 14:19:50] INFO [84/200] 2HNB033 shape=(308, 309, 88) done in 0.6s
[2026-04-29 14:19:50] INFO [85/200] 2HNB034 shape=(309, 310, 87) done in 0.7s
[2026-04-29 14:19:51] INFO [86/200] 2HNB036 shape=(309, 309, 88) done in 0.7s
[2026-04-29 14:19:52] INFO [87/200] 2HNB037 shape=(309, 312, 87) done in 0.7s
[2026-04-29 14:19:52] INFO [88/200] 2HNB039 shape=(311, 310, 87) done in 0.6s
[2026-04-29 14:19:53] INFO [89/200] 2HNB043 shape=(311, 310, 88) done in 0.6s
[2026-04-29 14:19:54] INFO [90/200] 2HNB044 shape=(309, 308, 88) done in 0.6s
[2026-04-29 14:19:54] INFO [91/200] 2HNB045 shape=(310, 309, 87) done in 0.7s
[2026-04-29 14:19:55] INFO [92/200] 2HNB047 shape=(311, 310, 87) done in 0.6s
[2026-04-29 14:19:55] INFO [93/200] 2HNB050 shape=(311, 312, 87) done in 0.6s
[2026-04-29 14:19:56] INFO [94/200] 2HNB051 shape=(311, 309, 88) done in 0.6s
[2026-04-29 14:19:57] INFO [95/200] 2HNB053 shape=(310, 308, 88) done in 0.6s
[2026-04-29 14:19:57] INFO [96/200] 2HNB054 shape=(309, 310, 88) done in 0.6s
[2026-04-29 14:19:58] INFO [97/200] 2HNB055 shape=(310, 308, 87) done in 0.6s
[2026-04-29 14:19:59] INFO [98/200] 2HNB058 shape=(308, 311, 87) done in 0.6s
[2026-04-29 14:19:59] INFO [99/200] 2HNB059 shape=(308, 309, 88) done in 0.6s
[2026-04-29 14:20:00] INFO [100/200] 2HNB060 shape=(311, 311, 87) done in 0.6s
[2026-04-29 14:20:00] INFO [101/200] 2HNB061 shape=(309, 307, 87) done in 0.6s
[2026-04-29 14:20:01] INFO [102/200] 2HNB063 shape=(311, 310, 87) done in 0.6s
[2026-04-29 14:20:02] INFO [103/200] 2HNB064 shape=(309, 309, 88) done in 0.6s
[2026-04-29 14:20:02] INFO [104/200] 2HNB065 shape=(308, 309, 82) done in 0.6s
[2026-04-29 14:20:03] INFO [105/200] 2HNB067 shape=(309, 309, 88) done in 0.6s
[2026-04-29 14:20:04] INFO [106/200] 2HNB070 shape=(308, 311, 87) done in 0.6s
[2026-04-29 14:20:04] INFO [107/200] 2HNB071 shape=(313, 310, 87) done in 0.6s
[2026-04-29 14:20:05] INFO [108/200] 2HNB072 shape=(309, 310, 88) done in 0.6s
[2026-04-29 14:20:05] INFO [109/200] 2HNB074 shape=(311, 309, 87) done in 0.6s
[2026-04-29 14:20:06] INFO [110/200] 2HNB075 shape=(309, 310, 88) done in 0.7s
[2026-04-29 14:20:07] INFO [111/200] 2HNB078 shape=(308, 308, 88) done in 0.6s
[2026-04-29 14:20:07] INFO [112/200] 2HNB081 shape=(309, 310, 87) done in 0.6s
[2026-04-29 14:20:08] INFO [113/200] 2HNB082 shape=(310, 309, 87) done in 0.6s
[2026-04-29 14:20:09] INFO [114/200] 2HNB085 shape=(312, 312, 87) done in 0.6s
[2026-04-29 14:20:09] INFO [115/200] 2HNB086 shape=(311, 309, 87) done in 0.7s
[2026-04-29 14:20:10] INFO [116/200] 2HNB089 shape=(311, 312, 87) done in 0.7s
[2026-04-29 14:20:10] INFO [117/200] 2HNB091 shape=(310, 312, 87) done in 0.6s
[2026-04-29 14:20:11] INFO [118/200] 2HNB093 shape=(309, 307, 87) done in 0.6s
[2026-04-29 14:20:12] INFO [119/200] 2HNB098 shape=(308, 312, 87) done in 0.7s
[2026-04-29 14:20:12] INFO [120/200] 2HNB099 shape=(309, 307, 88) done in 0.7s
[2026-04-29 14:20:13] INFO [121/200] 2HNB101 shape=(312, 308, 87) done in 0.7s
[2026-04-29 14:20:14] INFO [122/200] 2HNB102 shape=(307, 311, 87) done in 0.7s
[2026-04-29 14:20:14] INFO [123/200] 2HNB103 shape=(311, 312, 87) done in 0.6s
[2026-04-29 14:20:15] INFO [124/200] 2HNB104 shape=(311, 310, 81) done in 0.6s
[2026-04-29 14:20:16] INFO [125/200] 2HNB105 shape=(312, 308, 87) done in 0.6s
[2026-04-29 14:20:16] INFO [126/200] 2HNB106 shape=(308, 310, 88) done in 0.6s
[2026-04-29 14:20:17] INFO [127/200] 2HNB107 shape=(309, 311, 87) done in 0.7s
[2026-04-29 14:20:18] INFO [128/200] 2HNB108 shape=(310, 309, 87) done in 0.6s
[2026-04-29 14:20:18] INFO [129/200] 2HNB109 shape=(317, 311, 86) done in 0.7s
[2026-04-29 14:20:19] INFO [130/200] 2HNB111 shape=(308, 308, 88) done in 0.6s
[2026-04-29 14:20:20] INFO [131/200] 2HNC017 shape=(309, 311, 88) done in 0.6s
[2026-04-29 14:20:20] INFO [132/200] 2HNC018 shape=(311, 311, 51) done in 0.4s
[2026-04-29 14:20:21] INFO [133/200] 2HNC020 shape=(309, 311, 87) done in 0.6s
[2026-04-29 14:20:21] INFO [134/200] 2HNC021 shape=(307, 310, 86) done in 0.6s
[2026-04-29 14:20:22] INFO [135/200] 2HNC024 shape=(308, 311, 88) done in 0.6s
[2026-04-29 14:20:22] INFO [136/200] 2HNC025 shape=(309, 309, 88) done in 0.6s
[2026-04-29 14:20:23] INFO [137/200] 2HNC027 shape=(312, 311, 87) done in 0.6s
[2026-04-29 14:20:24] INFO [138/200] 2HNC028 shape=(307, 310, 87) done in 0.6s
[2026-04-29 14:20:24] INFO [139/200] 2HNC029 shape=(311, 309, 86) done in 0.6s
[2026-04-29 14:20:25] INFO [140/200] 2HNC030 shape=(311, 310, 88) done in 0.6s
[2026-04-29 14:20:25] INFO [141/200] 2HNC034 shape=(308, 312, 87) done in 0.7s
[2026-04-29 14:20:26] INFO [142/200] 2HNC036 shape=(311, 308, 86) done in 0.6s
[2026-04-29 14:20:27] INFO [143/200] 2HNC037 shape=(312, 311, 87) done in 0.6s
[2026-04-29 14:20:27] INFO [144/200] 2HNC040 shape=(314, 313, 85) done in 0.6s
[2026-04-29 14:20:28] INFO [145/200] 2HNC042 shape=(311, 311, 86) done in 0.6s
[2026-04-29 14:20:28] INFO [146/200] 2HNC043 shape=(309, 308, 88) done in 0.6s
[2026-04-29 14:20:29] INFO [147/200] 2HNC046 shape=(313, 314, 86) done in 0.6s
[2026-04-29 14:20:30] INFO [148/200] 2HNC048 shape=(312, 312, 87) done in 0.6s
[2026-04-29 14:20:30] INFO [149/200] 2HNC049 shape=(311, 314, 87) done in 0.6s
[2026-04-29 14:20:31] INFO [150/200] 2HNC051 shape=(312, 308, 86) done in 0.6s
[2026-04-29 14:20:31] INFO [151/200] 2HNC052 shape=(312, 308, 87) done in 0.6s
[2026-04-29 14:20:32] INFO [152/200] 2HNC053 shape=(308, 313, 88) done in 0.6s
[2026-04-29 14:20:33] INFO [153/200] 2HNC055 shape=(309, 307, 87) done in 0.6s
[2026-04-29 14:20:33] INFO [154/200] 2HNC057 shape=(308, 311, 87) done in 0.6s
[2026-04-29 14:20:34] INFO [155/200] 2HNC058 shape=(311, 317, 85) done in 0.6s
[2026-04-29 14:20:34] INFO [156/200] 2HNC060 shape=(311, 307, 87) done in 0.6s
[2026-04-29 14:20:35] INFO [157/200] 2HNC061 shape=(312, 308, 88) done in 0.6s
[2026-04-29 14:20:36] INFO [158/200] 2HNC062 shape=(310, 310, 87) done in 0.6s
[2026-04-29 14:20:36] INFO [159/200] 2HNC063 shape=(311, 311, 87) done in 0.6s
[2026-04-29 14:20:37] INFO [160/200] 2HNC066 shape=(310, 308, 52) done in 0.4s
[2026-04-29 14:20:37] INFO [161/200] 2HNC069 shape=(307, 309, 87) done in 0.6s
[2026-04-29 14:20:38] INFO [162/200] 2HNC072 shape=(311, 308, 87) done in 0.6s
[2026-04-29 14:20:39] INFO [163/200] 2HNC074 shape=(310, 308, 87) done in 0.7s
[2026-04-29 14:20:39] INFO [164/200] 2HNC075 shape=(309, 310, 87) done in 0.6s
[2026-04-29 14:20:40] INFO [165/200] 2HNC076 shape=(309, 309, 88) done in 0.7s
[2026-04-29 14:20:40] INFO [166/200] 2HNC077 shape=(309, 309, 87) done in 0.6s
[2026-04-29 14:20:41] INFO [167/200] 2HNC078 shape=(314, 310, 86) done in 0.6s
[2026-04-29 14:20:42] INFO [168/200] 2HNC079 shape=(308, 309, 88) done in 0.6s
[2026-04-29 14:20:42] INFO [169/200] 2HNC080 shape=(312, 314, 86) done in 0.6s
[2026-04-29 14:20:43] INFO [170/200] 2HNC081 shape=(309, 308, 88) done in 0.7s
[2026-04-29 14:20:44] INFO [171/200] 2HNC082 shape=(310, 309, 87) done in 0.6s
[2026-04-29 14:20:44] INFO [172/200] 2HNC084 shape=(310, 309, 87) done in 0.6s
[2026-04-29 14:20:45] INFO [173/200] 2HNC085 shape=(309, 312, 87) done in 0.6s
[2026-04-29 14:20:45] INFO [174/200] 2HNC086 shape=(310, 310, 88) done in 0.6s
[2026-04-29 14:20:46] INFO [175/200] 2HNC087 shape=(311, 313, 86) done in 0.6s
[2026-04-29 14:20:47] INFO [176/200] 2HNC088 shape=(310, 311, 87) done in 0.6s
[2026-04-29 14:20:47] INFO [177/200] 2HNC091 shape=(309, 311, 87) done in 0.6s
[2026-04-29 14:20:48] INFO [178/200] 2HNC092 shape=(312, 311, 86) done in 0.6s
[2026-04-29 14:20:49] INFO [179/200] 2HNC094 shape=(310, 311, 87) done in 0.6s
[2026-04-29 14:20:49] INFO [180/200] 2HNC097 shape=(307, 309, 87) done in 0.6s
[2026-04-29 14:20:50] INFO [181/200] 2HNC098 shape=(311, 310, 85) done in 0.6s
[2026-04-29 14:20:50] INFO [182/200] 2HNC099 shape=(308, 312, 88) done in 0.6s
[2026-04-29 14:20:51] INFO [183/200] 2HNC100 shape=(319, 293, 85) done in 0.6s
[2026-04-29 14:20:52] INFO [184/200] 2HNC101 shape=(308, 308, 86) done in 0.6s
[2026-04-29 14:20:52] INFO [185/200] 2HNC102 shape=(309, 310, 87) done in 0.6s
[2026-04-29 14:20:53] INFO [186/200] 2HNC104 shape=(310, 309, 87) done in 0.6s
[2026-04-29 14:20:53] INFO [187/200] 2HNC108 shape=(310, 307, 53) done in 0.4s
[2026-04-29 14:20:54] INFO [188/200] 2HNC112 shape=(312, 308, 87) done in 0.6s
[2026-04-29 14:20:54] INFO [189/200] 2HNC113 shape=(307, 308, 54) done in 0.4s
[2026-04-29 14:20:55] INFO [190/200] 2HNC117 shape=(307, 309, 88) done in 0.6s
[2026-04-29 14:20:55] INFO [191/200] 2HNC118 shape=(307, 308, 88) done in 0.6s
[2026-04-29 14:20:56] INFO [192/200] 2HNC119 shape=(310, 307, 87) done in 0.6s
[2026-04-29 14:20:56] INFO [193/200] 2HNC121 shape=(308, 307, 88) done in 0.6s
[2026-04-29 14:20:57] INFO [194/200] 2HNC123 shape=(307, 310, 87) done in 0.6s
[2026-04-29 14:20:58] INFO [195/200] 2HNC125 shape=(311, 311, 77) done in 0.6s
[2026-04-29 14:20:58] INFO [196/200] 2HNE001 shape=(298, 299, 72) done in 0.5s
[2026-04-29 14:20:59] INFO [197/200] 2HNE003 shape=(498, 496, 66) done in 1.1s
[2026-04-29 14:21:00] INFO [198/200] 2HNE004 shape=(298, 297, 71) done in 0.5s
[2026-04-29 14:21:00] INFO [199/200] 2HNE006 shape=(304, 305, 74) done in 0.5s
[2026-04-29 14:21:01] INFO [200/200] 2HNE007 shape=(297, 298, 72) done in 0.5s
[2026-04-29 14:21:01] INFO Total: 200 cases in 122.5s (0.6s/case)
