[2026-06-01 19:05:46] INFO Device: cuda
[2026-06-01 19:05:46] INFO GPU: NVIDIA GeForce RTX 5090
[2026-06-01 19:06:42] INFO Train cases: ['2HNA002', '2HNA005', '2HNA010', '2HNA011', '2HNA014', '2HNA016', '2HNA019', '2HNA021', '2HNA024', '2HNA025', '2HNA027', '2HNA028', '2HNA029', '2HNA031', '2HNA032', '2HNA035', '2HNA036', '2HNA039', '2HNA040', '2HNA041', '2HNA044', '2HNA045', '2HNA046', '2HNA050', '2HNA056', '2HNA058', '2HNA061', '2HNA068', '2HNA070', '2HNA073', '2HNA076', '2HNA077', '2HNA082', '2HNA083', '2HNA084', '2HNA086', '2HNA087', '2HNA088', '2HNA089', '2HNA090', '2HNA091', '2HNA092', '2HNA093', '2HNA094', '2HNA095', '2HNA097', '2HNA099', '2HNA105', '2HNA106', '2HNA107', '2HNA108', '2HNA111', '2HNA113', '2HNA115', '2HNB001', '2HNB002', '2HNB005', '2HNB006', '2HNB007', '2HNB009', '2HNB010', '2HNB011', '2HNB014', '2HNB015', '2HNB016', '2HNB019', '2HNB020', '2HNB023', '2HNB024', '2HNB030', '2HNB031', '2HNB033', '2HNB034', '2HNB036', '2HNB037', '2HNB039', '2HNB043', '2HNB044', '2HNB045', '2HNB047', '2HNB050', '2HNB051', '2HNB053', '2HNB055', '2HNB058', '2HNB059', '2HNB060', '2HNB063', '2HNB065', '2HNB067', '2HNB070', '2HNB072', '2HNB074', '2HNB075', '2HNB078', '2HNB081', '2HNB082', '2HNB085', '2HNB086', '2HNB089', '2HNB091', '2HNB093', '2HNB098', '2HNB099', '2HNB101', '2HNB102', '2HNB104', '2HNB105', '2HNB106', '2HNB107', '2HNB109', '2HNB111', '2HNC018', '2HNC021', '2HNC024', '2HNC027', '2HNC028', '2HNC029', '2HNC037', '2HNC040', '2HNC046', '2HNC048', '2HNC049', '2HNC052', '2HNC053', '2HNC055', '2HNC057', '2HNC058', '2HNC066', '2HNC069', '2HNC072', '2HNC074', '2HNC075', '2HNC076', '2HNC077', '2HNC078', '2HNC079', '2HNC080', '2HNC081', '2HNC082', '2HNC085', '2HNC088', '2HNC091', '2HNC092', '2HNC097', '2HNC098', '2HNC099', '2HNC100', '2HNC102', '2HNC104', '2HNC108', '2HNC112', '2HNC113', '2HNC118', '2HNC121', '2HNC123', '2HNC125', '2HNE003', '2HNE004', '2HNE007']
[2026-06-01 19:06:42] INFO Val cases:   ['2HNA026', '2HNA033', '2HNA034', '2HNA038', '2HNA047', '2HNA096', '2HNA098', '2HNA100', '2HNA102', '2HNA104', '2HNA110', '2HNB013', '2HNB054', '2HNB061', '2HNB064', '2HNB071', '2HNB103', '2HNB108', '2HNC017', '2HNC020', '2HNC025', '2HNC030', '2HNC034', '2HNC036', '2HNC042', '2HNC043', '2HNC051', '2HNC060', '2HNC061', '2HNC062', '2HNC063', '2HNC084', '2HNC086', '2HNC087', '2HNC094', '2HNC101', '2HNC117', '2HNC119', '2HNE001', '2HNE006']
[2026-06-01 19:06:42] INFO Train slices: 13634  Val slices: 3451
[2026-06-01 19:06:42] INFO Model params: 6.50M
[2026-06-01 19:06:42] INFO Optimizer: SGD(lr=0.0001, momentum=0.99, nesterov=True, wd=1e-05)
[2026-06-01 19:07:37] INFO epoch 0 it 50/1704 loss 1.1832
[2026-06-01 19:07:38] INFO epoch 0 it 100/1704 loss 0.9035
[2026-06-01 19:07:39] INFO epoch 0 it 150/1704 loss 0.5764
[2026-06-01 19:07:40] INFO epoch 0 it 200/1704 loss 0.3856
[2026-06-01 19:07:41] INFO epoch 0 it 250/1704 loss 0.2964
[2026-06-01 19:07:42] INFO epoch 0 it 300/1704 loss 0.2202
[2026-06-01 19:07:43] INFO epoch 0 it 350/1704 loss 0.1337
[2026-06-01 19:07:44] INFO epoch 0 it 400/1704 loss 0.1369
[2026-06-01 19:07:45] INFO epoch 0 it 450/1704 loss 0.1009
[2026-06-01 19:07:45] INFO epoch 0 it 500/1704 loss 0.0982
[2026-06-01 19:07:46] INFO epoch 0 it 550/1704 loss 0.0897
[2026-06-01 19:07:47] INFO epoch 0 it 600/1704 loss 0.0866
[2026-06-01 19:07:48] INFO epoch 0 it 650/1704 loss 0.0867
[2026-06-01 19:07:49] INFO epoch 0 it 700/1704 loss 0.0808
[2026-06-01 19:07:50] INFO epoch 0 it 750/1704 loss 0.0821
[2026-06-01 19:07:51] INFO epoch 0 it 800/1704 loss 0.0827
[2026-06-01 19:07:52] INFO epoch 0 it 850/1704 loss 0.0809
[2026-06-01 19:07:53] INFO epoch 0 it 900/1704 loss 0.0874
[2026-06-01 19:07:53] INFO epoch 0 it 950/1704 loss 0.0850
[2026-06-01 19:07:54] INFO epoch 0 it 1000/1704 loss 0.0851
[2026-06-01 19:07:55] INFO epoch 0 it 1050/1704 loss 0.0845
[2026-06-01 19:07:56] INFO epoch 0 it 1100/1704 loss 0.0870
[2026-06-01 19:07:57] INFO epoch 0 it 1150/1704 loss 0.0876
[2026-06-01 19:07:58] INFO epoch 0 it 1200/1704 loss 0.0834
[2026-06-01 19:07:58] INFO epoch 0 it 1250/1704 loss 0.0854
[2026-06-01 19:07:59] INFO epoch 0 it 1300/1704 loss 0.0853
[2026-06-01 19:08:00] INFO epoch 0 it 1350/1704 loss 0.0894
[2026-06-01 19:08:01] INFO epoch 0 it 1400/1704 loss 0.0875
[2026-06-01 19:08:02] INFO epoch 0 it 1450/1704 loss 0.0877
[2026-06-01 19:08:03] INFO epoch 0 it 1500/1704 loss 0.0852
[2026-06-01 19:08:04] INFO epoch 0 it 1550/1704 loss 0.0876
[2026-06-01 19:08:04] INFO epoch 0 it 1600/1704 loss 0.0849
[2026-06-01 19:08:05] INFO epoch 0 it 1650/1704 loss 0.0841
[2026-06-01 19:08:06] INFO epoch 0 it 1700/1704 loss 0.0910
[2026-06-01 19:08:08] INFO epoch 0 done in 86.0s lr=1.00e-04 avg_train_loss=0.1790
C:\Users\USER\anaconda3\envs\nnunet\Lib\site-packages\monai\inferers\utils.py:226: UserWarning: Using a non-tuple sequence for multidimensional indexing is deprecated and will be changed in pytorch 2.9; use x[tuple(seq)] instead of x[seq]. In pytorch 2.9 this will be interpreted as tensor index, x[torch.tensor(seq)], which will result either in an error or a different result (Triggered internally at C:\actions-runner\_work\pytorch\pytorch\pytorch\torch\csrc\autograd\python_variable_indexing.cpp:353.)
  win_data = torch.cat([inputs[win_slice] for win_slice in unravel_slice]).to(sw_device)
C:\Users\USER\anaconda3\envs\nnunet\Lib\site-packages\monai\inferers\utils.py:370: UserWarning: Using a non-tuple sequence for multidimensional indexing is deprecated and will be changed in pytorch 2.9; use x[tuple(seq)] instead of x[seq]. In pytorch 2.9 this will be interpreted as tensor index, x[torch.tensor(seq)], which will result either in an error or a different result (Triggered internally at C:\actions-runner\_work\pytorch\pytorch\pytorch\torch\csrc\autograd\python_variable_indexing.cpp:353.)
  out[idx_zm] += p
[2026-06-01 19:08:52] INFO epoch 0 val MAE(HU): 108.91
[2026-06-01 19:08:52] INFO new best MAE: 108.91 ¡æ saved best.pth
[2026-06-01 19:09:41] INFO epoch 1 it 50/1704 loss 0.0878
[2026-06-01 19:09:42] INFO epoch 1 it 100/1704 loss 0.0862
[2026-06-01 19:09:43] INFO epoch 1 it 150/1704 loss 0.0869
[2026-06-01 19:09:44] INFO epoch 1 it 200/1704 loss 0.0866
[2026-06-01 19:09:45] INFO epoch 1 it 250/1704 loss 0.0862
[2026-06-01 19:09:46] INFO epoch 1 it 300/1704 loss 0.0836
[2026-06-01 19:09:47] INFO epoch 1 it 350/1704 loss 0.0897
[2026-06-01 19:09:48] INFO epoch 1 it 400/1704 loss 0.0851
[2026-06-01 19:09:48] INFO epoch 1 it 450/1704 loss 0.0893
[2026-06-01 19:09:49] INFO epoch 1 it 500/1704 loss 0.0861
[2026-06-01 19:09:50] INFO epoch 1 it 550/1704 loss 0.0856
[2026-06-01 19:09:51] INFO epoch 1 it 600/1704 loss 0.0841
[2026-06-01 19:09:52] INFO epoch 1 it 650/1704 loss 0.0887
[2026-06-01 19:09:53] INFO epoch 1 it 700/1704 loss 0.0843
[2026-06-01 19:09:54] INFO epoch 1 it 750/1704 loss 0.0873
[2026-06-01 19:09:55] INFO epoch 1 it 800/1704 loss 0.0895
[2026-06-01 19:09:56] INFO epoch 1 it 850/1704 loss 0.0895
[2026-06-01 19:09:57] INFO epoch 1 it 900/1704 loss 0.0877
[2026-06-01 19:09:58] INFO epoch 1 it 950/1704 loss 0.0865
[2026-06-01 19:09:59] INFO epoch 1 it 1000/1704 loss 0.0853
[2026-06-01 19:10:00] INFO epoch 1 it 1050/1704 loss 0.0854
[2026-06-01 19:10:01] INFO epoch 1 it 1100/1704 loss 0.0867
[2026-06-01 19:10:01] INFO epoch 1 it 1150/1704 loss 0.0872
[2026-06-01 19:10:02] INFO epoch 1 it 1200/1704 loss 0.0860
[2026-06-01 19:10:03] INFO epoch 1 it 1250/1704 loss 0.0874
[2026-06-01 19:10:04] INFO epoch 1 it 1300/1704 loss 0.0861
[2026-06-01 19:10:05] INFO epoch 1 it 1350/1704 loss 0.0871
[2026-06-01 19:10:06] INFO epoch 1 it 1400/1704 loss 0.0886
[2026-06-01 19:10:07] INFO epoch 1 it 1450/1704 loss 0.0862
[2026-06-01 19:10:08] INFO epoch 1 it 1500/1704 loss 0.0862
[2026-06-01 19:10:09] INFO epoch 1 it 1550/1704 loss 0.0852
[2026-06-01 19:10:10] INFO epoch 1 it 1600/1704 loss 0.0869
[2026-06-01 19:10:11] INFO epoch 1 it 1650/1704 loss 0.0834
[2026-06-01 19:10:12] INFO epoch 1 it 1700/1704 loss 0.0856
[2026-06-01 19:10:13] INFO epoch 1 done in 80.7s lr=9.99e-05 avg_train_loss=0.0866
[2026-06-01 19:10:58] INFO epoch 1 val MAE(HU): 108.76
[2026-06-01 19:10:59] INFO new best MAE: 108.76 ¡æ saved best.pth
[2026-06-01 19:11:47] INFO epoch 2 it 50/1704 loss 0.0871
[2026-06-01 19:11:48] INFO epoch 2 it 100/1704 loss 0.0855
[2026-06-01 19:11:49] INFO epoch 2 it 150/1704 loss 0.0865
[2026-06-01 19:11:50] INFO epoch 2 it 200/1704 loss 0.0872
[2026-06-01 19:11:51] INFO epoch 2 it 250/1704 loss 0.0872
[2026-06-01 19:11:52] INFO epoch 2 it 300/1704 loss nan
[2026-06-01 19:11:53] INFO epoch 2 it 350/1704 loss nan
[2026-06-01 19:11:54] INFO epoch 2 it 400/1704 loss nan
[2026-06-01 19:11:55] INFO epoch 2 it 450/1704 loss nan
[2026-06-01 19:11:56] INFO epoch 2 it 500/1704 loss nan
[2026-06-01 19:11:56] INFO epoch 2 it 550/1704 loss nan
[2026-06-01 19:11:57] INFO epoch 2 it 600/1704 loss nan
[2026-06-01 19:11:58] INFO epoch 2 it 650/1704 loss nan
[2026-06-01 19:11:59] INFO epoch 2 it 700/1704 loss nan
[2026-06-01 19:12:00] INFO epoch 2 it 750/1704 loss nan
[2026-06-01 19:12:01] INFO epoch 2 it 800/1704 loss nan
[2026-06-01 19:12:02] INFO epoch 2 it 850/1704 loss nan
[2026-06-01 19:12:03] INFO epoch 2 it 900/1704 loss nan
[2026-06-01 19:12:03] INFO epoch 2 it 950/1704 loss nan
[2026-06-01 19:12:04] INFO epoch 2 it 1000/1704 loss nan
[2026-06-01 19:12:05] INFO epoch 2 it 1050/1704 loss nan
[2026-06-01 19:12:06] INFO epoch 2 it 1100/1704 loss nan
[2026-06-01 19:12:07] INFO epoch 2 it 1150/1704 loss nan
[2026-06-01 19:12:08] INFO epoch 2 it 1200/1704 loss nan
[2026-06-01 19:12:09] INFO epoch 2 it 1250/1704 loss nan
[2026-06-01 19:12:10] INFO epoch 2 it 1300/1704 loss nan
[2026-06-01 19:12:11] INFO epoch 2 it 1350/1704 loss nan
[2026-06-01 19:12:11] INFO epoch 2 it 1400/1704 loss nan
[2026-06-01 19:12:12] INFO epoch 2 it 1450/1704 loss nan
[2026-06-01 19:12:13] INFO epoch 2 it 1500/1704 loss nan
[2026-06-01 19:12:14] INFO epoch 2 it 1550/1704 loss nan
[2026-06-01 19:12:15] INFO epoch 2 it 1600/1704 loss nan
[2026-06-01 19:12:16] INFO epoch 2 it 1650/1704 loss nan
[2026-06-01 19:12:17] INFO epoch 2 it 1700/1704 loss nan
[2026-06-01 19:12:18] INFO epoch 2 done in 79.4s lr=9.98e-05 avg_train_loss=nan
[2026-06-01 19:13:06] INFO epoch 2 val MAE(HU): nan
[2026-06-01 19:13:54] INFO epoch 3 it 50/1704 loss nan
[2026-06-01 19:13:55] INFO epoch 3 it 100/1704 loss nan
[2026-06-01 19:13:56] INFO epoch 3 it 150/1704 loss nan
[2026-06-01 19:13:56] INFO epoch 3 it 200/1704 loss nan
[2026-06-01 19:13:57] INFO epoch 3 it 250/1704 loss nan
[2026-06-01 19:13:58] INFO epoch 3 it 300/1704 loss nan
[2026-06-01 19:13:59] INFO epoch 3 it 350/1704 loss nan
[2026-06-01 19:14:00] INFO epoch 3 it 400/1704 loss nan
[2026-06-01 19:14:01] INFO epoch 3 it 450/1704 loss nan
[2026-06-01 19:14:02] INFO epoch 3 it 500/1704 loss nan
[2026-06-01 19:14:03] INFO epoch 3 it 550/1704 loss nan
[2026-06-01 19:14:03] INFO epoch 3 it 600/1704 loss nan
[2026-06-01 19:14:04] INFO epoch 3 it 650/1704 loss nan
[2026-06-01 19:14:05] INFO epoch 3 it 700/1704 loss nan
[2026-06-01 19:14:06] INFO epoch 3 it 750/1704 loss nan
[2026-06-01 19:14:07] INFO epoch 3 it 800/1704 loss nan
[2026-06-01 19:14:08] INFO epoch 3 it 850/1704 loss nan
[2026-06-01 19:14:09] INFO epoch 3 it 900/1704 loss nan
[2026-06-01 19:14:10] INFO epoch 3 it 950/1704 loss nan
[2026-06-01 19:14:10] INFO epoch 3 it 1000/1704 loss nan
[2026-06-01 19:14:11] INFO epoch 3 it 1050/1704 loss nan
[2026-06-01 19:14:12] INFO epoch 3 it 1100/1704 loss nan
[2026-06-01 19:14:13] INFO epoch 3 it 1150/1704 loss nan
[2026-06-01 19:14:14] INFO epoch 3 it 1200/1704 loss nan
[2026-06-01 19:14:15] INFO epoch 3 it 1250/1704 loss nan
[2026-06-01 19:14:16] INFO epoch 3 it 1300/1704 loss nan
[2026-06-01 19:14:16] INFO epoch 3 it 1350/1704 loss nan
[2026-06-01 19:14:17] INFO epoch 3 it 1400/1704 loss nan
[2026-06-01 19:14:18] INFO epoch 3 it 1450/1704 loss nan
[2026-06-01 19:14:19] INFO epoch 3 it 1500/1704 loss nan
[2026-06-01 19:14:20] INFO epoch 3 it 1550/1704 loss nan
[2026-06-01 19:14:21] INFO epoch 3 it 1600/1704 loss nan
[2026-06-01 19:14:21] INFO epoch 3 it 1650/1704 loss nan
[2026-06-01 19:14:22] INFO epoch 3 it 1700/1704 loss nan
[2026-06-01 19:14:24] INFO epoch 3 done in 78.0s lr=9.96e-05 avg_train_loss=nan
[2026-06-01 19:15:10] INFO epoch 3 val MAE(HU): nan
[2026-06-01 19:16:02] INFO epoch 4 it 50/1704 loss nan
[2026-06-01 19:16:03] INFO epoch 4 it 100/1704 loss nan
[2026-06-01 19:16:04] INFO epoch 4 it 150/1704 loss nan
[2026-06-01 19:16:05] INFO epoch 4 it 200/1704 loss nan
[2026-06-01 19:16:06] INFO epoch 4 it 250/1704 loss nan
[2026-06-01 19:16:07] INFO epoch 4 it 300/1704 loss nan
[2026-06-01 19:16:08] INFO epoch 4 it 350/1704 loss nan
[2026-06-01 19:16:08] INFO epoch 4 it 400/1704 loss nan
[2026-06-01 19:16:09] INFO epoch 4 it 450/1704 loss nan
[2026-06-01 19:16:10] INFO epoch 4 it 500/1704 loss nan
[2026-06-01 19:16:11] INFO epoch 4 it 550/1704 loss nan
[2026-06-01 19:16:12] INFO epoch 4 it 600/1704 loss nan
[2026-06-01 19:16:13] INFO epoch 4 it 650/1704 loss nan
[2026-06-01 19:16:13] INFO epoch 4 it 700/1704 loss nan
[2026-06-01 19:16:14] INFO epoch 4 it 750/1704 loss nan
[2026-06-01 19:16:15] INFO epoch 4 it 800/1704 loss nan
[2026-06-01 19:16:16] INFO epoch 4 it 850/1704 loss nan
[2026-06-01 19:16:17] INFO epoch 4 it 900/1704 loss nan
[2026-06-01 19:16:18] INFO epoch 4 it 950/1704 loss nan
[2026-06-01 19:16:18] INFO epoch 4 it 1000/1704 loss nan
[2026-06-01 19:16:19] INFO epoch 4 it 1050/1704 loss nan
[2026-06-01 19:16:20] INFO epoch 4 it 1100/1704 loss nan
[2026-06-01 19:16:21] INFO epoch 4 it 1150/1704 loss nan
[2026-06-01 19:16:22] INFO epoch 4 it 1200/1704 loss nan
[2026-06-01 19:16:22] INFO epoch 4 it 1250/1704 loss nan
[2026-06-01 19:16:23] INFO epoch 4 it 1300/1704 loss nan
[2026-06-01 19:16:24] INFO epoch 4 it 1350/1704 loss nan
[2026-06-01 19:16:25] INFO epoch 4 it 1400/1704 loss nan
[2026-06-01 19:16:26] INFO epoch 4 it 1450/1704 loss nan
[2026-06-01 19:16:27] INFO epoch 4 it 1500/1704 loss nan
[2026-06-01 19:16:27] INFO epoch 4 it 1550/1704 loss nan
[2026-06-01 19:16:28] INFO epoch 4 it 1600/1704 loss nan
[2026-06-01 19:16:29] INFO epoch 4 it 1650/1704 loss nan
[2026-06-01 19:16:30] INFO epoch 4 it 1700/1704 loss nan
[2026-06-01 19:16:31] INFO epoch 4 done in 81.4s lr=9.94e-05 avg_train_loss=nan
[2026-06-01 19:17:15] INFO epoch 4 val MAE(HU): nan
[2026-06-01 19:18:02] INFO epoch 5 it 50/1704 loss nan
[2026-06-01 19:18:03] INFO epoch 5 it 100/1704 loss nan
[2026-06-01 19:18:03] INFO epoch 5 it 150/1704 loss nan
[2026-06-01 19:18:04] INFO epoch 5 it 200/1704 loss nan
[2026-06-01 19:18:05] INFO epoch 5 it 250/1704 loss nan
[2026-06-01 19:18:06] INFO epoch 5 it 300/1704 loss nan
[2026-06-01 19:18:07] INFO epoch 5 it 350/1704 loss nan
[2026-06-01 19:18:08] INFO epoch 5 it 400/1704 loss nan
[2026-06-01 19:18:08] INFO epoch 5 it 450/1704 loss nan
[2026-06-01 19:18:09] INFO epoch 5 it 500/1704 loss nan
[2026-06-01 19:18:10] INFO epoch 5 it 550/1704 loss nan
[2026-06-01 19:18:11] INFO epoch 5 it 600/1704 loss nan
[2026-06-01 19:18:12] INFO epoch 5 it 650/1704 loss nan
[2026-06-01 19:18:12] INFO epoch 5 it 700/1704 loss nan
[2026-06-01 19:18:13] INFO epoch 5 it 750/1704 loss nan
[2026-06-01 19:18:14] INFO epoch 5 it 800/1704 loss nan
[2026-06-01 19:18:15] INFO epoch 5 it 850/1704 loss nan
[2026-06-01 19:18:16] INFO epoch 5 it 900/1704 loss nan
[2026-06-01 19:18:17] INFO epoch 5 it 950/1704 loss nan
[2026-06-01 19:18:17] INFO epoch 5 it 1000/1704 loss nan
[2026-06-01 19:18:18] INFO epoch 5 it 1050/1704 loss nan
[2026-06-01 19:18:19] INFO epoch 5 it 1100/1704 loss nan
[2026-06-01 19:18:20] INFO epoch 5 it 1150/1704 loss nan
[2026-06-01 19:18:21] INFO epoch 5 it 1200/1704 loss nan
[2026-06-01 19:18:21] INFO epoch 5 it 1250/1704 loss nan
[2026-06-01 19:18:22] INFO epoch 5 it 1300/1704 loss nan
[2026-06-01 19:18:23] INFO epoch 5 it 1350/1704 loss nan
[2026-06-01 19:18:24] INFO epoch 5 it 1400/1704 loss nan
[2026-06-01 19:18:25] INFO epoch 5 it 1450/1704 loss nan
[2026-06-01 19:18:26] INFO epoch 5 it 1500/1704 loss nan
[2026-06-01 19:18:26] INFO epoch 5 it 1550/1704 loss nan
[2026-06-01 19:18:27] INFO epoch 5 it 1600/1704 loss nan
[2026-06-01 19:18:28] INFO epoch 5 it 1650/1704 loss nan
[2026-06-01 19:18:29] INFO epoch 5 it 1700/1704 loss nan
[2026-06-01 19:18:31] INFO epoch 5 done in 75.6s lr=9.91e-05 avg_train_loss=nan
[2026-06-01 19:19:16] INFO epoch 5 val MAE(HU): nan
[2026-06-01 19:20:04] INFO epoch 6 it 50/1704 loss nan
[2026-06-01 19:20:04] INFO epoch 6 it 100/1704 loss nan
[2026-06-01 19:20:05] INFO epoch 6 it 150/1704 loss nan
[2026-06-01 19:20:06] INFO epoch 6 it 200/1704 loss nan
[2026-06-01 19:20:07] INFO epoch 6 it 250/1704 loss nan
[2026-06-01 19:20:08] INFO epoch 6 it 300/1704 loss nan
[2026-06-01 19:20:09] INFO epoch 6 it 350/1704 loss nan
[2026-06-01 19:20:10] INFO epoch 6 it 400/1704 loss nan
[2026-06-01 19:20:10] INFO epoch 6 it 450/1704 loss nan
[2026-06-01 19:20:11] INFO epoch 6 it 500/1704 loss nan
[2026-06-01 19:20:12] INFO epoch 6 it 550/1704 loss nan
[2026-06-01 19:20:13] INFO epoch 6 it 600/1704 loss nan
[2026-06-01 19:20:14] INFO epoch 6 it 650/1704 loss nan
[2026-06-01 19:20:15] INFO epoch 6 it 700/1704 loss nan
[2026-06-01 19:20:16] INFO epoch 6 it 750/1704 loss nan
[2026-06-01 19:20:16] INFO epoch 6 it 800/1704 loss nan
[2026-06-01 19:20:17] INFO epoch 6 it 850/1704 loss nan
[2026-06-01 19:20:18] INFO epoch 6 it 900/1704 loss nan
[2026-06-01 19:20:19] INFO epoch 6 it 950/1704 loss nan
[2026-06-01 19:20:20] INFO epoch 6 it 1000/1704 loss nan
[2026-06-01 19:20:21] INFO epoch 6 it 1050/1704 loss nan
[2026-06-01 19:20:22] INFO epoch 6 it 1100/1704 loss nan
[2026-06-01 19:20:22] INFO epoch 6 it 1150/1704 loss nan
[2026-06-01 19:20:23] INFO epoch 6 it 1200/1704 loss nan
[2026-06-01 19:20:24] INFO epoch 6 it 1250/1704 loss nan
[2026-06-01 19:20:25] INFO epoch 6 it 1300/1704 loss nan
[2026-06-01 19:20:26] INFO epoch 6 it 1350/1704 loss nan
[2026-06-01 19:20:27] INFO epoch 6 it 1400/1704 loss nan
[2026-06-01 19:20:28] INFO epoch 6 it 1450/1704 loss nan
[2026-06-01 19:20:28] INFO epoch 6 it 1500/1704 loss nan
[2026-06-01 19:20:29] INFO epoch 6 it 1550/1704 loss nan
[2026-06-01 19:20:30] INFO epoch 6 it 1600/1704 loss nan
[2026-06-01 19:20:31] INFO epoch 6 it 1650/1704 loss nan
[2026-06-01 19:20:32] INFO epoch 6 it 1700/1704 loss nan
[2026-06-01 19:20:34] INFO epoch 6 done in 77.1s lr=9.88e-05 avg_train_loss=nan
[2026-06-01 19:21:20] INFO epoch 6 val MAE(HU): nan
[2026-06-01 19:22:07] INFO epoch 7 it 50/1704 loss nan
[2026-06-01 19:22:08] INFO epoch 7 it 100/1704 loss nan
[2026-06-01 19:22:09] INFO epoch 7 it 150/1704 loss nan
[2026-06-01 19:22:10] INFO epoch 7 it 200/1704 loss nan
[2026-06-01 19:22:10] INFO epoch 7 it 250/1704 loss nan
[2026-06-01 19:22:11] INFO epoch 7 it 300/1704 loss nan
[2026-06-01 19:22:12] INFO epoch 7 it 350/1704 loss nan
[2026-06-01 19:22:13] INFO epoch 7 it 400/1704 loss nan
[2026-06-01 19:22:14] INFO epoch 7 it 450/1704 loss nan
[2026-06-01 19:22:15] INFO epoch 7 it 500/1704 loss nan
[2026-06-01 19:22:16] INFO epoch 7 it 550/1704 loss nan
[2026-06-01 19:22:17] INFO epoch 7 it 600/1704 loss nan
[2026-06-01 19:22:18] INFO epoch 7 it 650/1704 loss nan
[2026-06-01 19:22:19] INFO epoch 7 it 700/1704 loss nan
[2026-06-01 19:22:19] INFO epoch 7 it 750/1704 loss nan
[2026-06-01 19:22:20] INFO epoch 7 it 800/1704 loss nan
[2026-06-01 19:22:21] INFO epoch 7 it 850/1704 loss nan
[2026-06-01 19:22:22] INFO epoch 7 it 900/1704 loss nan
[2026-06-01 19:22:23] INFO epoch 7 it 950/1704 loss nan
[2026-06-01 19:22:24] INFO epoch 7 it 1000/1704 loss nan
[2026-06-01 19:22:25] INFO epoch 7 it 1050/1704 loss nan
[2026-06-01 19:22:26] INFO epoch 7 it 1100/1704 loss nan
[2026-06-01 19:22:26] INFO epoch 7 it 1150/1704 loss nan
[2026-06-01 19:22:27] INFO epoch 7 it 1200/1704 loss nan
[2026-06-01 19:22:28] INFO epoch 7 it 1250/1704 loss nan
[2026-06-01 19:22:29] INFO epoch 7 it 1300/1704 loss nan
[2026-06-01 19:22:30] INFO epoch 7 it 1350/1704 loss nan
[2026-06-01 19:22:31] INFO epoch 7 it 1400/1704 loss nan
[2026-06-01 19:22:32] INFO epoch 7 it 1450/1704 loss nan
[2026-06-01 19:22:33] INFO epoch 7 it 1500/1704 loss nan
[2026-06-01 19:22:33] INFO epoch 7 it 1550/1704 loss nan
[2026-06-01 19:22:34] INFO epoch 7 it 1600/1704 loss nan
[2026-06-01 19:22:35] INFO epoch 7 it 1650/1704 loss nan
[2026-06-01 19:22:36] INFO epoch 7 it 1700/1704 loss nan
[2026-06-01 19:22:38] INFO epoch 7 done in 77.4s lr=9.84e-05 avg_train_loss=nan
[2026-06-01 19:23:24] INFO epoch 7 val MAE(HU): nan
[2026-06-01 19:24:13] INFO epoch 8 it 50/1704 loss nan
[2026-06-01 19:24:14] INFO epoch 8 it 100/1704 loss nan
[2026-06-01 19:24:15] INFO epoch 8 it 150/1704 loss nan
[2026-06-01 19:24:16] INFO epoch 8 it 200/1704 loss nan
[2026-06-01 19:24:17] INFO epoch 8 it 250/1704 loss nan
[2026-06-01 19:24:18] INFO epoch 8 it 300/1704 loss nan
[2026-06-01 19:24:18] INFO epoch 8 it 350/1704 loss nan
[2026-06-01 19:24:19] INFO epoch 8 it 400/1704 loss nan
[2026-06-01 19:24:20] INFO epoch 8 it 450/1704 loss nan
[2026-06-01 19:24:21] INFO epoch 8 it 500/1704 loss nan
[2026-06-01 19:24:22] INFO epoch 8 it 550/1704 loss nan
[2026-06-01 19:24:23] INFO epoch 8 it 600/1704 loss nan
[2026-06-01 19:24:24] INFO epoch 8 it 650/1704 loss nan
[2026-06-01 19:24:24] INFO epoch 8 it 700/1704 loss nan
[2026-06-01 19:24:25] INFO epoch 8 it 750/1704 loss nan
[2026-06-01 19:24:26] INFO epoch 8 it 800/1704 loss nan
[2026-06-01 19:24:27] INFO epoch 8 it 850/1704 loss nan
[2026-06-01 19:24:28] INFO epoch 8 it 900/1704 loss nan
[2026-06-01 19:24:29] INFO epoch 8 it 950/1704 loss nan
[2026-06-01 19:24:30] INFO epoch 8 it 1000/1704 loss nan
[2026-06-01 19:24:31] INFO epoch 8 it 1050/1704 loss nan
[2026-06-01 19:24:31] INFO epoch 8 it 1100/1704 loss nan
[2026-06-01 19:24:32] INFO epoch 8 it 1150/1704 loss nan
[2026-06-01 19:24:33] INFO epoch 8 it 1200/1704 loss nan
[2026-06-01 19:24:34] INFO epoch 8 it 1250/1704 loss nan
[2026-06-01 19:24:35] INFO epoch 8 it 1300/1704 loss nan
[2026-06-01 19:24:36] INFO epoch 8 it 1350/1704 loss nan
[2026-06-01 19:24:37] INFO epoch 8 it 1400/1704 loss nan
[2026-06-01 19:24:37] INFO epoch 8 it 1450/1704 loss nan
[2026-06-01 19:24:38] INFO epoch 8 it 1500/1704 loss nan
[2026-06-01 19:24:39] INFO epoch 8 it 1550/1704 loss nan
[2026-06-01 19:24:40] INFO epoch 8 it 1600/1704 loss nan
[2026-06-01 19:24:41] INFO epoch 8 it 1650/1704 loss nan
[2026-06-01 19:24:42] INFO epoch 8 it 1700/1704 loss nan
[2026-06-01 19:24:44] INFO epoch 8 done in 79.5s lr=9.80e-05 avg_train_loss=nan
[2026-06-01 19:25:28] INFO epoch 8 val MAE(HU): nan
[2026-06-01 19:26:17] INFO epoch 9 it 50/1704 loss nan
[2026-06-01 19:26:17] INFO epoch 9 it 100/1704 loss nan
[2026-06-01 19:26:18] INFO epoch 9 it 150/1704 loss nan
[2026-06-01 19:26:19] INFO epoch 9 it 200/1704 loss nan
[2026-06-01 19:26:20] INFO epoch 9 it 250/1704 loss nan
[2026-06-01 19:26:21] INFO epoch 9 it 300/1704 loss nan
[2026-06-01 19:26:22] INFO epoch 9 it 350/1704 loss nan
[2026-06-01 19:26:23] INFO epoch 9 it 400/1704 loss nan
[2026-06-01 19:26:24] INFO epoch 9 it 450/1704 loss nan
[2026-06-01 19:26:24] INFO epoch 9 it 500/1704 loss nan
[2026-06-01 19:26:25] INFO epoch 9 it 550/1704 loss nan
[2026-06-01 19:26:26] INFO epoch 9 it 600/1704 loss nan
[2026-06-01 19:26:27] INFO epoch 9 it 650/1704 loss nan
[2026-06-01 19:26:28] INFO epoch 9 it 700/1704 loss nan
[2026-06-01 19:26:29] INFO epoch 9 it 750/1704 loss nan
[2026-06-01 19:26:30] INFO epoch 9 it 800/1704 loss nan
[2026-06-01 19:26:31] INFO epoch 9 it 850/1704 loss nan
[2026-06-01 19:26:31] INFO epoch 9 it 900/1704 loss nan
[2026-06-01 19:26:32] INFO epoch 9 it 950/1704 loss nan
[2026-06-01 19:26:33] INFO epoch 9 it 1000/1704 loss nan
[2026-06-01 19:26:34] INFO epoch 9 it 1050/1704 loss nan
[2026-06-01 19:26:35] INFO epoch 9 it 1100/1704 loss nan
[2026-06-01 19:26:36] INFO epoch 9 it 1150/1704 loss nan
[2026-06-01 19:26:37] INFO epoch 9 it 1200/1704 loss nan
[2026-06-01 19:26:38] INFO epoch 9 it 1250/1704 loss nan
[2026-06-01 19:26:38] INFO epoch 9 it 1300/1704 loss nan
[2026-06-01 19:26:39] INFO epoch 9 it 1350/1704 loss nan
[2026-06-01 19:26:40] INFO epoch 9 it 1400/1704 loss nan
[2026-06-01 19:26:41] INFO epoch 9 it 1450/1704 loss nan
[2026-06-01 19:26:42] INFO epoch 9 it 1500/1704 loss nan
[2026-06-01 19:26:43] INFO epoch 9 it 1550/1704 loss nan
[2026-06-01 19:26:44] INFO epoch 9 it 1600/1704 loss nan
[2026-06-01 19:26:45] INFO epoch 9 it 1650/1704 loss nan
[2026-06-01 19:26:45] INFO epoch 9 it 1700/1704 loss nan
[2026-06-01 19:26:47] INFO epoch 9 done in 79.0s lr=9.76e-05 avg_train_loss=nan
[2026-06-01 19:27:33] INFO epoch 9 val MAE(HU): nan
[2026-06-01 19:28:22] INFO epoch 10 it 50/1704 loss nan
[2026-06-01 19:28:23] INFO epoch 10 it 100/1704 loss nan
[2026-06-01 19:28:23] INFO epoch 10 it 150/1704 loss nan
[2026-06-01 19:28:24] INFO epoch 10 it 200/1704 loss nan
[2026-06-01 19:28:25] INFO epoch 10 it 250/1704 loss nan
[2026-06-01 19:28:26] INFO epoch 10 it 300/1704 loss nan
[2026-06-01 19:28:27] INFO epoch 10 it 350/1704 loss nan
[2026-06-01 19:28:28] INFO epoch 10 it 400/1704 loss nan
[2026-06-01 19:28:28] INFO epoch 10 it 450/1704 loss nan
[2026-06-01 19:28:29] INFO epoch 10 it 500/1704 loss nan
[2026-06-01 19:28:30] INFO epoch 10 it 550/1704 loss nan
[2026-06-01 19:28:31] INFO epoch 10 it 600/1704 loss nan
[2026-06-01 19:28:32] INFO epoch 10 it 650/1704 loss nan
[2026-06-01 19:28:32] INFO epoch 10 it 700/1704 loss nan
[2026-06-01 19:28:33] INFO epoch 10 it 750/1704 loss nan
[2026-06-01 19:28:34] INFO epoch 10 it 800/1704 loss nan
[2026-06-01 19:28:35] INFO epoch 10 it 850/1704 loss nan
[2026-06-01 19:28:36] INFO epoch 10 it 900/1704 loss nan
[2026-06-01 19:28:36] INFO epoch 10 it 950/1704 loss nan
[2026-06-01 19:28:37] INFO epoch 10 it 1000/1704 loss nan
[2026-06-01 19:28:38] INFO epoch 10 it 1050/1704 loss nan
[2026-06-01 19:28:39] INFO epoch 10 it 1100/1704 loss nan
[2026-06-01 19:28:40] INFO epoch 10 it 1150/1704 loss nan
[2026-06-01 19:28:40] INFO epoch 10 it 1200/1704 loss nan
[2026-06-01 19:28:41] INFO epoch 10 it 1250/1704 loss nan
[2026-06-01 19:28:42] INFO epoch 10 it 1300/1704 loss nan
[2026-06-01 19:28:43] INFO epoch 10 it 1350/1704 loss nan
[2026-06-01 19:28:44] INFO epoch 10 it 1400/1704 loss nan
[2026-06-01 19:28:44] INFO epoch 10 it 1450/1704 loss nan
[2026-06-01 19:28:45] INFO epoch 10 it 1500/1704 loss nan
[2026-06-01 19:28:46] INFO epoch 10 it 1550/1704 loss nan
[2026-06-01 19:28:47] INFO epoch 10 it 1600/1704 loss nan
[2026-06-01 19:28:48] INFO epoch 10 it 1650/1704 loss nan
[2026-06-01 19:28:49] INFO epoch 10 it 1700/1704 loss nan
[2026-06-01 19:28:50] INFO epoch 10 done in 76.6s lr=9.70e-05 avg_train_loss=nan
[2026-06-01 19:29:33] INFO epoch 10 val MAE(HU): nan
[2026-06-01 19:30:21] INFO epoch 11 it 50/1704 loss nan
[2026-06-01 19:30:22] INFO epoch 11 it 100/1704 loss nan
[2026-06-01 19:30:23] INFO epoch 11 it 150/1704 loss nan
[2026-06-01 19:30:24] INFO epoch 11 it 200/1704 loss nan
[2026-06-01 19:30:25] INFO epoch 11 it 250/1704 loss nan
[2026-06-01 19:30:26] INFO epoch 11 it 300/1704 loss nan
[2026-06-01 19:30:27] INFO epoch 11 it 350/1704 loss nan
[2026-06-01 19:30:27] INFO epoch 11 it 400/1704 loss nan
[2026-06-01 19:30:28] INFO epoch 11 it 450/1704 loss nan
[2026-06-01 19:30:29] INFO epoch 11 it 500/1704 loss nan
[2026-06-01 19:30:30] INFO epoch 11 it 550/1704 loss nan
[2026-06-01 19:30:31] INFO epoch 11 it 600/1704 loss nan
[2026-06-01 19:30:32] INFO epoch 11 it 650/1704 loss nan
[2026-06-01 19:30:33] INFO epoch 11 it 700/1704 loss nan
[2026-06-01 19:30:33] INFO epoch 11 it 750/1704 loss nan
[2026-06-01 19:30:34] INFO epoch 11 it 800/1704 loss nan
[2026-06-01 19:30:35] INFO epoch 11 it 850/1704 loss nan
[2026-06-01 19:30:36] INFO epoch 11 it 900/1704 loss nan
[2026-06-01 19:30:37] INFO epoch 11 it 950/1704 loss nan
[2026-06-01 19:30:38] INFO epoch 11 it 1000/1704 loss nan
[2026-06-01 19:30:39] INFO epoch 11 it 1050/1704 loss nan
[2026-06-01 19:30:39] INFO epoch 11 it 1100/1704 loss nan
[2026-06-01 19:30:40] INFO epoch 11 it 1150/1704 loss nan
[2026-06-01 19:30:41] INFO epoch 11 it 1200/1704 loss nan
[2026-06-01 19:30:42] INFO epoch 11 it 1250/1704 loss nan
[2026-06-01 19:30:43] INFO epoch 11 it 1300/1704 loss nan
[2026-06-01 19:30:44] INFO epoch 11 it 1350/1704 loss nan
[2026-06-01 19:30:45] INFO epoch 11 it 1400/1704 loss nan
[2026-06-01 19:30:45] INFO epoch 11 it 1450/1704 loss nan
[2026-06-01 19:30:46] INFO epoch 11 it 1500/1704 loss nan
[2026-06-01 19:30:47] INFO epoch 11 it 1550/1704 loss nan
[2026-06-01 19:30:48] INFO epoch 11 it 1600/1704 loss nan
[2026-06-01 19:30:49] INFO epoch 11 it 1650/1704 loss nan
[2026-06-01 19:30:50] INFO epoch 11 it 1700/1704 loss nan
[2026-06-01 19:30:51] INFO epoch 11 done in 78.0s lr=9.65e-05 avg_train_loss=nan
[2026-06-01 19:31:37] INFO epoch 11 val MAE(HU): nan
[2026-06-01 19:32:26] INFO epoch 12 it 50/1704 loss nan
[2026-06-01 19:32:26] INFO epoch 12 it 100/1704 loss nan
[2026-06-01 19:32:27] INFO epoch 12 it 150/1704 loss nan
[2026-06-01 19:32:28] INFO epoch 12 it 200/1704 loss nan
[2026-06-01 19:32:29] INFO epoch 12 it 250/1704 loss nan
[2026-06-01 19:32:30] INFO epoch 12 it 300/1704 loss nan
[2026-06-01 19:32:31] INFO epoch 12 it 350/1704 loss nan
[2026-06-01 19:32:32] INFO epoch 12 it 400/1704 loss nan
[2026-06-01 19:32:33] INFO epoch 12 it 450/1704 loss nan
[2026-06-01 19:32:34] INFO epoch 12 it 500/1704 loss nan
[2026-06-01 19:32:35] INFO epoch 12 it 550/1704 loss nan
[2026-06-01 19:32:36] INFO epoch 12 it 600/1704 loss nan
[2026-06-01 19:32:37] INFO epoch 12 it 650/1704 loss nan
[2026-06-01 19:32:38] INFO epoch 12 it 700/1704 loss nan
[2026-06-01 19:32:39] INFO epoch 12 it 750/1704 loss nan
[2026-06-01 19:32:40] INFO epoch 12 it 800/1704 loss nan
[2026-06-01 19:32:41] INFO epoch 12 it 850/1704 loss nan
[2026-06-01 19:32:41] INFO epoch 12 it 900/1704 loss nan
[2026-06-01 19:32:42] INFO epoch 12 it 950/1704 loss nan
[2026-06-01 19:32:43] INFO epoch 12 it 1000/1704 loss nan
[2026-06-01 19:32:44] INFO epoch 12 it 1050/1704 loss nan
[2026-06-01 19:32:45] INFO epoch 12 it 1100/1704 loss nan
[2026-06-01 19:32:46] INFO epoch 12 it 1150/1704 loss nan
[2026-06-01 19:32:47] INFO epoch 12 it 1200/1704 loss nan
[2026-06-01 19:32:48] INFO epoch 12 it 1250/1704 loss nan
[2026-06-01 19:32:48] INFO epoch 12 it 1300/1704 loss nan
[2026-06-01 19:32:49] INFO epoch 12 it 1350/1704 loss nan
[2026-06-01 19:32:50] INFO epoch 12 it 1400/1704 loss nan
[2026-06-01 19:32:51] INFO epoch 12 it 1450/1704 loss nan
[2026-06-01 19:32:52] INFO epoch 12 it 1500/1704 loss nan
[2026-06-01 19:32:53] INFO epoch 12 it 1550/1704 loss nan
[2026-06-01 19:32:54] INFO epoch 12 it 1600/1704 loss nan
[2026-06-01 19:32:55] INFO epoch 12 it 1650/1704 loss nan
[2026-06-01 19:32:56] INFO epoch 12 it 1700/1704 loss nan
[2026-06-01 19:32:57] INFO epoch 12 done in 80.0s lr=9.59e-05 avg_train_loss=nan
[2026-06-01 19:33:44] INFO epoch 12 val MAE(HU): nan
[2026-06-01 19:34:33] INFO epoch 13 it 50/1704 loss nan
[2026-06-01 19:34:34] INFO epoch 13 it 100/1704 loss nan
[2026-06-01 19:34:35] INFO epoch 13 it 150/1704 loss nan
[2026-06-01 19:34:36] INFO epoch 13 it 200/1704 loss nan
[2026-06-01 19:34:36] INFO epoch 13 it 250/1704 loss nan
[2026-06-01 19:34:37] INFO epoch 13 it 300/1704 loss nan
[2026-06-01 19:34:38] INFO epoch 13 it 350/1704 loss nan
[2026-06-01 19:34:39] INFO epoch 13 it 400/1704 loss nan
[2026-06-01 19:34:40] INFO epoch 13 it 450/1704 loss nan
[2026-06-01 19:34:41] INFO epoch 13 it 500/1704 loss nan
[2026-06-01 19:34:42] INFO epoch 13 it 550/1704 loss nan
[2026-06-01 19:34:43] INFO epoch 13 it 600/1704 loss nan
[2026-06-01 19:34:44] INFO epoch 13 it 650/1704 loss nan
[2026-06-01 19:34:44] INFO epoch 13 it 700/1704 loss nan
[2026-06-01 19:34:45] INFO epoch 13 it 750/1704 loss nan
[2026-06-01 19:34:46] INFO epoch 13 it 800/1704 loss nan
[2026-06-01 19:34:47] INFO epoch 13 it 850/1704 loss nan
[2026-06-01 19:34:48] INFO epoch 13 it 900/1704 loss nan
[2026-06-01 19:34:49] INFO epoch 13 it 950/1704 loss nan
[2026-06-01 19:34:50] INFO epoch 13 it 1000/1704 loss nan
[2026-06-01 19:34:51] INFO epoch 13 it 1050/1704 loss nan
[2026-06-01 19:34:51] INFO epoch 13 it 1100/1704 loss nan
[2026-06-01 19:34:52] INFO epoch 13 it 1150/1704 loss nan
[2026-06-01 19:34:53] INFO epoch 13 it 1200/1704 loss nan
[2026-06-01 19:34:54] INFO epoch 13 it 1250/1704 loss nan
[2026-06-01 19:34:55] INFO epoch 13 it 1300/1704 loss nan
[2026-06-01 19:34:56] INFO epoch 13 it 1350/1704 loss nan
[2026-06-01 19:34:57] INFO epoch 13 it 1400/1704 loss nan
[2026-06-01 19:34:58] INFO epoch 13 it 1450/1704 loss nan
[2026-06-01 19:34:58] INFO epoch 13 it 1500/1704 loss nan
[2026-06-01 19:34:59] INFO epoch 13 it 1550/1704 loss nan
[2026-06-01 19:35:00] INFO epoch 13 it 1600/1704 loss nan
[2026-06-01 19:35:01] INFO epoch 13 it 1650/1704 loss nan
[2026-06-01 19:35:02] INFO epoch 13 it 1700/1704 loss nan
[2026-06-01 19:35:04] INFO epoch 13 done in 79.7s lr=9.52e-05 avg_train_loss=nan
[2026-06-01 19:35:50] INFO epoch 13 val MAE(HU): nan
[2026-06-01 19:36:38] INFO epoch 14 it 50/1704 loss nan
[2026-06-01 19:36:39] INFO epoch 14 it 100/1704 loss nan
[2026-06-01 19:36:40] INFO epoch 14 it 150/1704 loss nan
[2026-06-01 19:36:41] INFO epoch 14 it 200/1704 loss nan
[2026-06-01 19:36:41] INFO epoch 14 it 250/1704 loss nan
[2026-06-01 19:36:42] INFO epoch 14 it 300/1704 loss nan
[2026-06-01 19:36:43] INFO epoch 14 it 350/1704 loss nan
[2026-06-01 19:36:44] INFO epoch 14 it 400/1704 loss nan
[2026-06-01 19:36:45] INFO epoch 14 it 450/1704 loss nan
[2026-06-01 19:36:46] INFO epoch 14 it 500/1704 loss nan
[2026-06-01 19:36:47] INFO epoch 14 it 550/1704 loss nan
[2026-06-01 19:36:48] INFO epoch 14 it 600/1704 loss nan
[2026-06-01 19:36:48] INFO epoch 14 it 650/1704 loss nan
[2026-06-01 19:36:49] INFO epoch 14 it 700/1704 loss nan
[2026-06-01 19:36:50] INFO epoch 14 it 750/1704 loss nan
[2026-06-01 19:36:51] INFO epoch 14 it 800/1704 loss nan
[2026-06-01 19:36:52] INFO epoch 14 it 850/1704 loss nan
[2026-06-01 19:36:53] INFO epoch 14 it 900/1704 loss nan
[2026-06-01 19:36:54] INFO epoch 14 it 950/1704 loss nan
[2026-06-01 19:36:54] INFO epoch 14 it 1000/1704 loss nan
[2026-06-01 19:36:55] INFO epoch 14 it 1050/1704 loss nan
[2026-06-01 19:36:56] INFO epoch 14 it 1100/1704 loss nan
[2026-06-01 19:36:57] INFO epoch 14 it 1150/1704 loss nan
[2026-06-01 19:36:58] INFO epoch 14 it 1200/1704 loss nan
[2026-06-01 19:36:59] INFO epoch 14 it 1250/1704 loss nan
[2026-06-01 19:37:00] INFO epoch 14 it 1300/1704 loss nan
[2026-06-01 19:37:01] INFO epoch 14 it 1350/1704 loss nan
[2026-06-01 19:37:02] INFO epoch 14 it 1400/1704 loss nan
[2026-06-01 19:37:03] INFO epoch 14 it 1450/1704 loss nan
[2026-06-01 19:37:03] INFO epoch 14 it 1500/1704 loss nan
[2026-06-01 19:37:04] INFO epoch 14 it 1550/1704 loss nan
[2026-06-01 19:37:05] INFO epoch 14 it 1600/1704 loss nan
[2026-06-01 19:37:06] INFO epoch 14 it 1650/1704 loss nan
[2026-06-01 19:37:07] INFO epoch 14 it 1700/1704 loss nan
[2026-06-01 19:37:09] INFO epoch 14 done in 78.5s lr=9.46e-05 avg_train_loss=nan
[2026-06-01 19:37:55] INFO epoch 14 val MAE(HU): nan
[2026-06-01 19:38:45] INFO epoch 15 it 50/1704 loss nan
[2026-06-01 19:38:46] INFO epoch 15 it 100/1704 loss nan
[2026-06-01 19:38:47] INFO epoch 15 it 150/1704 loss nan
[2026-06-01 19:38:48] INFO epoch 15 it 200/1704 loss nan
[2026-06-01 19:38:48] INFO epoch 15 it 250/1704 loss nan
[2026-06-01 19:38:49] INFO epoch 15 it 300/1704 loss nan
[2026-06-01 19:38:50] INFO epoch 15 it 350/1704 loss nan
[2026-06-01 19:38:51] INFO epoch 15 it 400/1704 loss nan
[2026-06-01 19:38:52] INFO epoch 15 it 450/1704 loss nan
[2026-06-01 19:38:53] INFO epoch 15 it 500/1704 loss nan
[2026-06-01 19:38:54] INFO epoch 15 it 550/1704 loss nan
[2026-06-01 19:38:55] INFO epoch 15 it 600/1704 loss nan
[2026-06-01 19:38:55] INFO epoch 15 it 650/1704 loss nan
[2026-06-01 19:38:56] INFO epoch 15 it 700/1704 loss nan
[2026-06-01 19:38:57] INFO epoch 15 it 750/1704 loss nan
[2026-06-01 19:38:58] INFO epoch 15 it 800/1704 loss nan
[2026-06-01 19:38:59] INFO epoch 15 it 850/1704 loss nan
[2026-06-01 19:39:00] INFO epoch 15 it 900/1704 loss nan
[2026-06-01 19:39:01] INFO epoch 15 it 950/1704 loss nan
[2026-06-01 19:39:02] INFO epoch 15 it 1000/1704 loss nan
[2026-06-01 19:39:03] INFO epoch 15 it 1050/1704 loss nan
[2026-06-01 19:39:03] INFO epoch 15 it 1100/1704 loss nan
[2026-06-01 19:39:04] INFO epoch 15 it 1150/1704 loss nan
[2026-06-01 19:39:05] INFO epoch 15 it 1200/1704 loss nan
[2026-06-01 19:39:06] INFO epoch 15 it 1250/1704 loss nan
[2026-06-01 19:39:07] INFO epoch 15 it 1300/1704 loss nan
[2026-06-01 19:39:08] INFO epoch 15 it 1350/1704 loss nan
[2026-06-01 19:39:09] INFO epoch 15 it 1400/1704 loss nan
[2026-06-01 19:39:10] INFO epoch 15 it 1450/1704 loss nan
[2026-06-01 19:39:10] INFO epoch 15 it 1500/1704 loss nan
[2026-06-01 19:39:11] INFO epoch 15 it 1550/1704 loss nan
[2026-06-01 19:39:12] INFO epoch 15 it 1600/1704 loss nan
[2026-06-01 19:39:13] INFO epoch 15 it 1650/1704 loss nan
[2026-06-01 19:39:14] INFO epoch 15 it 1700/1704 loss nan
[2026-06-01 19:39:16] INFO epoch 15 done in 80.5s lr=9.38e-05 avg_train_loss=nan
[2026-06-01 19:40:02] INFO epoch 15 val MAE(HU): nan
[2026-06-01 19:40:51] INFO epoch 16 it 50/1704 loss nan
[2026-06-01 19:40:52] INFO epoch 16 it 100/1704 loss nan
[2026-06-01 19:40:53] INFO epoch 16 it 150/1704 loss nan
[2026-06-01 19:40:54] INFO epoch 16 it 200/1704 loss nan
[2026-06-01 19:40:55] INFO epoch 16 it 250/1704 loss nan
[2026-06-01 19:40:56] INFO epoch 16 it 300/1704 loss nan
[2026-06-01 19:40:56] INFO epoch 16 it 350/1704 loss nan
[2026-06-01 19:40:57] INFO epoch 16 it 400/1704 loss nan
[2026-06-01 19:40:58] INFO epoch 16 it 450/1704 loss nan
[2026-06-01 19:40:59] INFO epoch 16 it 500/1704 loss nan
[2026-06-01 19:41:00] INFO epoch 16 it 550/1704 loss nan
[2026-06-01 19:41:01] INFO epoch 16 it 600/1704 loss nan
[2026-06-01 19:41:02] INFO epoch 16 it 650/1704 loss nan
[2026-06-01 19:41:03] INFO epoch 16 it 700/1704 loss nan
[2026-06-01 19:41:03] INFO epoch 16 it 750/1704 loss nan
[2026-06-01 19:41:04] INFO epoch 16 it 800/1704 loss nan
[2026-06-01 19:41:05] INFO epoch 16 it 850/1704 loss nan
[2026-06-01 19:41:06] INFO epoch 16 it 900/1704 loss nan
[2026-06-01 19:41:07] INFO epoch 16 it 950/1704 loss nan
[2026-06-01 19:41:08] INFO epoch 16 it 1000/1704 loss nan
[2026-06-01 19:41:09] INFO epoch 16 it 1050/1704 loss nan
[2026-06-01 19:41:10] INFO epoch 16 it 1100/1704 loss nan
[2026-06-01 19:41:10] INFO epoch 16 it 1150/1704 loss nan
[2026-06-01 19:41:11] INFO epoch 16 it 1200/1704 loss nan
[2026-06-01 19:41:12] INFO epoch 16 it 1250/1704 loss nan
[2026-06-01 19:41:13] INFO epoch 16 it 1300/1704 loss nan
[2026-06-01 19:41:14] INFO epoch 16 it 1350/1704 loss nan
[2026-06-01 19:41:15] INFO epoch 16 it 1400/1704 loss nan
[2026-06-01 19:41:16] INFO epoch 16 it 1450/1704 loss nan
[2026-06-01 19:41:17] INFO epoch 16 it 1500/1704 loss nan
[2026-06-01 19:41:17] INFO epoch 16 it 1550/1704 loss nan
[2026-06-01 19:41:18] INFO epoch 16 it 1600/1704 loss nan
[2026-06-01 19:41:19] INFO epoch 16 it 1650/1704 loss nan
[2026-06-01 19:41:20] INFO epoch 16 it 1700/1704 loss nan
[2026-06-01 19:41:22] INFO epoch 16 done in 79.6s lr=9.30e-05 avg_train_loss=nan
[2026-06-01 19:42:08] INFO epoch 16 val MAE(HU): nan
[2026-06-01 19:42:56] INFO epoch 17 it 50/1704 loss nan
[2026-06-01 19:42:56] INFO epoch 17 it 100/1704 loss nan
[2026-06-01 19:42:57] INFO epoch 17 it 150/1704 loss nan
[2026-06-01 19:42:58] INFO epoch 17 it 200/1704 loss nan
[2026-06-01 19:42:59] INFO epoch 17 it 250/1704 loss nan
[2026-06-01 19:43:00] INFO epoch 17 it 300/1704 loss nan
[2026-06-01 19:43:01] INFO epoch 17 it 350/1704 loss nan
[2026-06-01 19:43:02] INFO epoch 17 it 400/1704 loss nan
[2026-06-01 19:43:02] INFO epoch 17 it 450/1704 loss nan
[2026-06-01 19:43:03] INFO epoch 17 it 500/1704 loss nan
[2026-06-01 19:43:04] INFO epoch 17 it 550/1704 loss nan
[2026-06-01 19:43:05] INFO epoch 17 it 600/1704 loss nan
[2026-06-01 19:43:06] INFO epoch 17 it 650/1704 loss nan
[2026-06-01 19:43:07] INFO epoch 17 it 700/1704 loss nan
[2026-06-01 19:43:07] INFO epoch 17 it 750/1704 loss nan
[2026-06-01 19:43:08] INFO epoch 17 it 800/1704 loss nan
[2026-06-01 19:43:09] INFO epoch 17 it 850/1704 loss nan
[2026-06-01 19:43:10] INFO epoch 17 it 900/1704 loss nan
[2026-06-01 19:43:11] INFO epoch 17 it 950/1704 loss nan
[2026-06-01 19:43:12] INFO epoch 17 it 1000/1704 loss nan
[2026-06-01 19:43:12] INFO epoch 17 it 1050/1704 loss nan
[2026-06-01 19:43:13] INFO epoch 17 it 1100/1704 loss nan
[2026-06-01 19:43:14] INFO epoch 17 it 1150/1704 loss nan
[2026-06-01 19:43:15] INFO epoch 17 it 1200/1704 loss nan
[2026-06-01 19:43:16] INFO epoch 17 it 1250/1704 loss nan
[2026-06-01 19:43:17] INFO epoch 17 it 1300/1704 loss nan
[2026-06-01 19:43:17] INFO epoch 17 it 1350/1704 loss nan
[2026-06-01 19:43:18] INFO epoch 17 it 1400/1704 loss nan
[2026-06-01 19:43:19] INFO epoch 17 it 1450/1704 loss nan
[2026-06-01 19:43:20] INFO epoch 17 it 1500/1704 loss nan
[2026-06-01 19:43:21] INFO epoch 17 it 1550/1704 loss nan
[2026-06-01 19:43:22] INFO epoch 17 it 1600/1704 loss nan
[2026-06-01 19:43:22] INFO epoch 17 it 1650/1704 loss nan
[2026-06-01 19:43:23] INFO epoch 17 it 1700/1704 loss nan
[2026-06-01 19:43:25] INFO epoch 17 done in 76.7s lr=9.22e-05 avg_train_loss=nan
[2026-06-01 19:44:10] INFO epoch 17 val MAE(HU): nan
[2026-06-01 19:44:59] INFO epoch 18 it 50/1704 loss nan
[2026-06-01 19:45:00] INFO epoch 18 it 100/1704 loss nan
[2026-06-01 19:45:01] INFO epoch 18 it 150/1704 loss nan
[2026-06-01 19:45:02] INFO epoch 18 it 200/1704 loss nan
[2026-06-01 19:45:02] INFO epoch 18 it 250/1704 loss nan
[2026-06-01 19:45:03] INFO epoch 18 it 300/1704 loss nan
[2026-06-01 19:45:04] INFO epoch 18 it 350/1704 loss nan
[2026-06-01 19:45:05] INFO epoch 18 it 400/1704 loss nan
[2026-06-01 19:45:06] INFO epoch 18 it 450/1704 loss nan
[2026-06-01 19:45:07] INFO epoch 18 it 500/1704 loss nan
[2026-06-01 19:45:07] INFO epoch 18 it 550/1704 loss nan
[2026-06-01 19:45:08] INFO epoch 18 it 600/1704 loss nan
[2026-06-01 19:45:09] INFO epoch 18 it 650/1704 loss nan
[2026-06-01 19:45:10] INFO epoch 18 it 700/1704 loss nan
[2026-06-01 19:45:11] INFO epoch 18 it 750/1704 loss nan
[2026-06-01 19:45:12] INFO epoch 18 it 800/1704 loss nan
[2026-06-01 19:45:12] INFO epoch 18 it 850/1704 loss nan
[2026-06-01 19:45:13] INFO epoch 18 it 900/1704 loss nan
[2026-06-01 19:45:14] INFO epoch 18 it 950/1704 loss nan
[2026-06-01 19:45:15] INFO epoch 18 it 1000/1704 loss nan
[2026-06-01 19:45:16] INFO epoch 18 it 1050/1704 loss nan
[2026-06-01 19:45:17] INFO epoch 18 it 1100/1704 loss nan
[2026-06-01 19:45:18] INFO epoch 18 it 1150/1704 loss nan
[2026-06-01 19:45:18] INFO epoch 18 it 1200/1704 loss nan
[2026-06-01 19:45:19] INFO epoch 18 it 1250/1704 loss nan
[2026-06-01 19:45:20] INFO epoch 18 it 1300/1704 loss nan
[2026-06-01 19:45:21] INFO epoch 18 it 1350/1704 loss nan
[2026-06-01 19:45:22] INFO epoch 18 it 1400/1704 loss nan
[2026-06-01 19:45:22] INFO epoch 18 it 1450/1704 loss nan
[2026-06-01 19:45:23] INFO epoch 18 it 1500/1704 loss nan
[2026-06-01 19:45:24] INFO epoch 18 it 1550/1704 loss nan
[2026-06-01 19:45:25] INFO epoch 18 it 1600/1704 loss nan
[2026-06-01 19:45:26] INFO epoch 18 it 1650/1704 loss nan
[2026-06-01 19:45:27] INFO epoch 18 it 1700/1704 loss nan
[2026-06-01 19:45:28] INFO epoch 18 done in 77.9s lr=9.14e-05 avg_train_loss=nan
[2026-06-01 19:46:12] INFO epoch 18 val MAE(HU): nan
[2026-06-01 19:47:01] INFO epoch 19 it 50/1704 loss nan
[2026-06-01 19:47:01] INFO epoch 19 it 100/1704 loss nan
[2026-06-01 19:47:02] INFO epoch 19 it 150/1704 loss nan
[2026-06-01 19:47:03] INFO epoch 19 it 200/1704 loss nan
[2026-06-01 19:47:04] INFO epoch 19 it 250/1704 loss nan
[2026-06-01 19:47:05] INFO epoch 19 it 300/1704 loss nan
[2026-06-01 19:47:06] INFO epoch 19 it 350/1704 loss nan
[2026-06-01 19:47:06] INFO epoch 19 it 400/1704 loss nan
[2026-06-01 19:47:07] INFO epoch 19 it 450/1704 loss nan
[2026-06-01 19:47:08] INFO epoch 19 it 500/1704 loss nan
[2026-06-01 19:47:09] INFO epoch 19 it 550/1704 loss nan
[2026-06-01 19:47:10] INFO epoch 19 it 600/1704 loss nan
[2026-06-01 19:47:11] INFO epoch 19 it 650/1704 loss nan
[2026-06-01 19:47:11] INFO epoch 19 it 700/1704 loss nan
[2026-06-01 19:47:12] INFO epoch 19 it 750/1704 loss nan
[2026-06-01 19:47:13] INFO epoch 19 it 800/1704 loss nan
[2026-06-01 19:47:14] INFO epoch 19 it 850/1704 loss nan
[2026-06-01 19:47:15] INFO epoch 19 it 900/1704 loss nan
[2026-06-01 19:47:16] INFO epoch 19 it 950/1704 loss nan
[2026-06-01 19:47:16] INFO epoch 19 it 1000/1704 loss nan
[2026-06-01 19:47:17] INFO epoch 19 it 1050/1704 loss nan
[2026-06-01 19:47:18] INFO epoch 19 it 1100/1704 loss nan
[2026-06-01 19:47:19] INFO epoch 19 it 1150/1704 loss nan
[2026-06-01 19:47:20] INFO epoch 19 it 1200/1704 loss nan
[2026-06-01 19:47:21] INFO epoch 19 it 1250/1704 loss nan
[2026-06-01 19:47:21] INFO epoch 19 it 1300/1704 loss nan
[2026-06-01 19:47:22] INFO epoch 19 it 1350/1704 loss nan
[2026-06-01 19:47:23] INFO epoch 19 it 1400/1704 loss nan
[2026-06-01 19:47:24] INFO epoch 19 it 1450/1704 loss nan
[2026-06-01 19:47:25] INFO epoch 19 it 1500/1704 loss nan
[2026-06-01 19:47:26] INFO epoch 19 it 1550/1704 loss nan
[2026-06-01 19:47:26] INFO epoch 19 it 1600/1704 loss nan
[2026-06-01 19:47:27] INFO epoch 19 it 1650/1704 loss nan
[2026-06-01 19:47:28] INFO epoch 19 it 1700/1704 loss nan
[2026-06-01 19:47:30] INFO epoch 19 done in 77.6s lr=9.05e-05 avg_train_loss=nan
[2026-06-01 19:48:14] INFO epoch 19 val MAE(HU): nan
[2026-06-01 19:49:03] INFO epoch 20 it 50/1704 loss nan
[2026-06-01 19:49:04] INFO epoch 20 it 100/1704 loss nan
[2026-06-01 19:49:05] INFO epoch 20 it 150/1704 loss nan
[2026-06-01 19:49:06] INFO epoch 20 it 200/1704 loss nan
[2026-06-01 19:49:07] INFO epoch 20 it 250/1704 loss nan
[2026-06-01 19:49:08] INFO epoch 20 it 300/1704 loss nan
[2026-06-01 19:49:08] INFO epoch 20 it 350/1704 loss nan
[2026-06-01 19:49:09] INFO epoch 20 it 400/1704 loss nan
[2026-06-01 19:49:10] INFO epoch 20 it 450/1704 loss nan
[2026-06-01 19:49:11] INFO epoch 20 it 500/1704 loss nan
[2026-06-01 19:49:12] INFO epoch 20 it 550/1704 loss nan
[2026-06-01 19:49:13] INFO epoch 20 it 600/1704 loss nan
[2026-06-01 19:49:13] INFO epoch 20 it 650/1704 loss nan
[2026-06-01 19:49:14] INFO epoch 20 it 700/1704 loss nan
[2026-06-01 19:49:15] INFO epoch 20 it 750/1704 loss nan
[2026-06-01 19:49:16] INFO epoch 20 it 800/1704 loss nan
[2026-06-01 19:49:17] INFO epoch 20 it 850/1704 loss nan
[2026-06-01 19:49:18] INFO epoch 20 it 900/1704 loss nan
[2026-06-01 19:49:18] INFO epoch 20 it 950/1704 loss nan
[2026-06-01 19:49:19] INFO epoch 20 it 1000/1704 loss nan
[2026-06-01 19:49:20] INFO epoch 20 it 1050/1704 loss nan
[2026-06-01 19:49:21] INFO epoch 20 it 1100/1704 loss nan
[2026-06-01 19:49:22] INFO epoch 20 it 1150/1704 loss nan
[2026-06-01 19:49:23] INFO epoch 20 it 1200/1704 loss nan
[2026-06-01 19:49:23] INFO epoch 20 it 1250/1704 loss nan
[2026-06-01 19:49:24] INFO epoch 20 it 1300/1704 loss nan
[2026-06-01 19:49:25] INFO epoch 20 it 1350/1704 loss nan
[2026-06-01 19:49:26] INFO epoch 20 it 1400/1704 loss nan
[2026-06-01 19:49:27] INFO epoch 20 it 1450/1704 loss nan
[2026-06-01 19:49:28] INFO epoch 20 it 1500/1704 loss nan
[2026-06-01 19:49:29] INFO epoch 20 it 1550/1704 loss nan
[2026-06-01 19:49:29] INFO epoch 20 it 1600/1704 loss nan
[2026-06-01 19:49:30] INFO epoch 20 it 1650/1704 loss nan
[2026-06-01 19:49:31] INFO epoch 20 it 1700/1704 loss nan
[2026-06-01 19:49:33] INFO epoch 20 done in 78.0s lr=8.95e-05 avg_train_loss=nan
[2026-06-01 19:50:17] INFO epoch 20 val MAE(HU): nan
