[2026-06-01 20:00:16] INFO Device: cuda
[2026-06-01 20:00:16] INFO GPU: NVIDIA GeForce RTX 5090
[2026-06-01 20:01:08] INFO Train cases: ['2HNA002', '2HNA005', '2HNA010', '2HNA011', '2HNA014', '2HNA016', '2HNA019', '2HNA021', '2HNA024', '2HNA025', '2HNA027', '2HNA028', '2HNA029', '2HNA031', '2HNA032', '2HNA035', '2HNA036', '2HNA039', '2HNA040', '2HNA041', '2HNA044', '2HNA045', '2HNA046', '2HNA050', '2HNA056', '2HNA058', '2HNA061', '2HNA068', '2HNA070', '2HNA073', '2HNA076', '2HNA077', '2HNA082', '2HNA083', '2HNA084', '2HNA086', '2HNA087', '2HNA088', '2HNA089', '2HNA090', '2HNA091', '2HNA092', '2HNA093', '2HNA094', '2HNA095', '2HNA097', '2HNA099', '2HNA105', '2HNA106', '2HNA107', '2HNA108', '2HNA111', '2HNA113', '2HNA115', '2HNB001', '2HNB002', '2HNB005', '2HNB006', '2HNB007', '2HNB009', '2HNB010', '2HNB011', '2HNB014', '2HNB015', '2HNB016', '2HNB019', '2HNB020', '2HNB023', '2HNB024', '2HNB030', '2HNB031', '2HNB033', '2HNB034', '2HNB036', '2HNB037', '2HNB039', '2HNB043', '2HNB044', '2HNB045', '2HNB047', '2HNB050', '2HNB051', '2HNB053', '2HNB055', '2HNB058', '2HNB059', '2HNB060', '2HNB063', '2HNB065', '2HNB067', '2HNB070', '2HNB072', '2HNB074', '2HNB075', '2HNB078', '2HNB081', '2HNB082', '2HNB085', '2HNB086', '2HNB089', '2HNB091', '2HNB093', '2HNB098', '2HNB099', '2HNB101', '2HNB102', '2HNB104', '2HNB105', '2HNB106', '2HNB107', '2HNB109', '2HNB111', '2HNC018', '2HNC021', '2HNC024', '2HNC027', '2HNC028', '2HNC029', '2HNC037', '2HNC040', '2HNC046', '2HNC048', '2HNC049', '2HNC052', '2HNC053', '2HNC055', '2HNC057', '2HNC058', '2HNC066', '2HNC069', '2HNC072', '2HNC074', '2HNC075', '2HNC076', '2HNC077', '2HNC078', '2HNC079', '2HNC080', '2HNC081', '2HNC082', '2HNC085', '2HNC088', '2HNC091', '2HNC092', '2HNC097', '2HNC098', '2HNC099', '2HNC100', '2HNC102', '2HNC104', '2HNC108', '2HNC112', '2HNC113', '2HNC118', '2HNC121', '2HNC123', '2HNC125', '2HNE003', '2HNE004', '2HNE007']
[2026-06-01 20:01:08] INFO Val cases:   ['2HNA026', '2HNA033', '2HNA034', '2HNA038', '2HNA047', '2HNA096', '2HNA098', '2HNA100', '2HNA102', '2HNA104', '2HNA110', '2HNB013', '2HNB054', '2HNB061', '2HNB064', '2HNB071', '2HNB103', '2HNB108', '2HNC017', '2HNC020', '2HNC025', '2HNC030', '2HNC034', '2HNC036', '2HNC042', '2HNC043', '2HNC051', '2HNC060', '2HNC061', '2HNC062', '2HNC063', '2HNC084', '2HNC086', '2HNC087', '2HNC094', '2HNC101', '2HNC117', '2HNC119', '2HNE001', '2HNE006']
[2026-06-01 20:01:08] INFO Train slices: 13634  Val slices: 3451
[2026-06-01 20:01:08] INFO Model params: 6.50M
[2026-06-01 20:01:08] INFO Optimizer: SGD(lr=1e-05, momentum=0.99, nesterov=True, wd=1e-05)
[2026-06-01 20:01:57] INFO epoch 0 it 50/1704 loss 1.2418
[2026-06-01 20:01:58] INFO epoch 0 it 100/1704 loss 1.2024
[2026-06-01 20:01:59] INFO epoch 0 it 150/1704 loss 1.1459
[2026-06-01 20:02:00] INFO epoch 0 it 200/1704 loss 1.0900
[2026-06-01 20:02:01] INFO epoch 0 it 250/1704 loss 1.0294
[2026-06-01 20:02:02] INFO epoch 0 it 300/1704 loss 0.9592
[2026-06-01 20:02:02] INFO epoch 0 it 350/1704 loss 0.8873
[2026-06-01 20:02:03] INFO epoch 0 it 400/1704 loss 0.8424
[2026-06-01 20:02:04] INFO epoch 0 it 450/1704 loss 0.7776
[2026-06-01 20:02:05] INFO epoch 0 it 500/1704 loss 0.7249
[2026-06-01 20:02:06] INFO epoch 0 it 550/1704 loss 0.6703
[2026-06-01 20:02:07] INFO epoch 0 it 600/1704 loss 0.6295
[2026-06-01 20:02:07] INFO epoch 0 it 650/1704 loss 0.5845
[2026-06-01 20:02:08] INFO epoch 0 it 700/1704 loss 0.5430
[2026-06-01 20:02:09] INFO epoch 0 it 750/1704 loss 0.5013
[2026-06-01 20:02:10] INFO epoch 0 it 800/1704 loss 0.4616
[2026-06-01 20:02:11] INFO epoch 0 it 850/1704 loss 0.4248
[2026-06-01 20:02:12] INFO epoch 0 it 900/1704 loss 0.4045
[2026-06-01 20:02:12] INFO epoch 0 it 950/1704 loss 0.3702
[2026-06-01 20:02:13] INFO epoch 0 it 1000/1704 loss 0.3463
[2026-06-01 20:02:14] INFO epoch 0 it 1050/1704 loss 0.3219
[2026-06-01 20:02:15] INFO epoch 0 it 1100/1704 loss 0.2976
[2026-06-01 20:02:16] INFO epoch 0 it 1150/1704 loss 0.2780
[2026-06-01 20:02:17] INFO epoch 0 it 1200/1704 loss 0.2523
[2026-06-01 20:02:17] INFO epoch 0 it 1250/1704 loss 0.2362
[2026-06-01 20:02:18] INFO epoch 0 it 1300/1704 loss 0.2164
[2026-06-01 20:02:19] INFO epoch 0 it 1350/1704 loss 0.2117
[2026-06-01 20:02:20] INFO epoch 0 it 1400/1704 loss 0.1920
[2026-06-01 20:02:21] INFO epoch 0 it 1450/1704 loss 0.1829
[2026-06-01 20:02:22] INFO epoch 0 it 1500/1704 loss 0.1726
[2026-06-01 20:02:22] INFO epoch 0 it 1550/1704 loss 0.1640
[2026-06-01 20:02:23] INFO epoch 0 it 1600/1704 loss 0.1512
[2026-06-01 20:02:24] INFO epoch 0 it 1650/1704 loss 0.1466
[2026-06-01 20:02:25] INFO epoch 0 it 1700/1704 loss 0.1472
[2026-06-01 20:02:27] INFO epoch 0 done in 79.0s lr=1.00e-05 avg_train_loss=0.5229
C:\Users\USER\anaconda3\envs\nnunet\Lib\site-packages\monai\inferers\utils.py:226: UserWarning: Using a non-tuple sequence for multidimensional indexing is deprecated and will be changed in pytorch 2.9; use x[tuple(seq)] instead of x[seq]. In pytorch 2.9 this will be interpreted as tensor index, x[torch.tensor(seq)], which will result either in an error or a different result (Triggered internally at C:\actions-runner\_work\pytorch\pytorch\pytorch\torch\csrc\autograd\python_variable_indexing.cpp:353.)
  win_data = torch.cat([inputs[win_slice] for win_slice in unravel_slice]).to(sw_device)
C:\Users\USER\anaconda3\envs\nnunet\Lib\site-packages\monai\inferers\utils.py:370: UserWarning: Using a non-tuple sequence for multidimensional indexing is deprecated and will be changed in pytorch 2.9; use x[tuple(seq)] instead of x[seq]. In pytorch 2.9 this will be interpreted as tensor index, x[torch.tensor(seq)], which will result either in an error or a different result (Triggered internally at C:\actions-runner\_work\pytorch\pytorch\pytorch\torch\csrc\autograd\python_variable_indexing.cpp:353.)
  out[idx_zm] += p
[2026-06-01 20:03:10] INFO epoch 0 val MAE(HU): 132.17
[2026-06-01 20:03:10] INFO new best MAE: 132.17 ¡æ saved best.pth
[2026-06-01 20:03:59] INFO epoch 1 it 50/1704 loss 0.1389
[2026-06-01 20:04:00] INFO epoch 1 it 100/1704 loss 0.1339
[2026-06-01 20:04:01] INFO epoch 1 it 150/1704 loss 0.1329
[2026-06-01 20:04:02] INFO epoch 1 it 200/1704 loss 0.1280
[2026-06-01 20:04:02] INFO epoch 1 it 250/1704 loss 0.1258
[2026-06-01 20:04:03] INFO epoch 1 it 300/1704 loss 0.1172
[2026-06-01 20:04:04] INFO epoch 1 it 350/1704 loss 0.1208
[2026-06-01 20:04:05] INFO epoch 1 it 400/1704 loss 0.1137
[2026-06-01 20:04:06] INFO epoch 1 it 450/1704 loss 0.1160
[2026-06-01 20:04:07] INFO epoch 1 it 500/1704 loss 0.1116
[2026-06-01 20:04:07] INFO epoch 1 it 550/1704 loss 0.1113
[2026-06-01 20:04:08] INFO epoch 1 it 600/1704 loss 0.1067
[2026-06-01 20:04:09] INFO epoch 1 it 650/1704 loss 0.1087
[2026-06-01 20:04:10] INFO epoch 1 it 700/1704 loss 0.1028
[2026-06-01 20:04:11] INFO epoch 1 it 750/1704 loss 0.1073
[2026-06-01 20:04:12] INFO epoch 1 it 800/1704 loss 0.1070
[2026-06-01 20:04:12] INFO epoch 1 it 850/1704 loss 0.1065
[2026-06-01 20:04:13] INFO epoch 1 it 900/1704 loss 0.1046
[2026-06-01 20:04:14] INFO epoch 1 it 950/1704 loss 0.1026
[2026-06-01 20:04:15] INFO epoch 1 it 1000/1704 loss 0.0995
[2026-06-01 20:04:16] INFO epoch 1 it 1050/1704 loss 0.0971
[2026-06-01 20:04:17] INFO epoch 1 it 1100/1704 loss 0.0988
[2026-06-01 20:04:17] INFO epoch 1 it 1150/1704 loss 0.0989
[2026-06-01 20:04:18] INFO epoch 1 it 1200/1704 loss 0.0932
[2026-06-01 20:04:19] INFO epoch 1 it 1250/1704 loss 0.0975
[2026-06-01 20:04:20] INFO epoch 1 it 1300/1704 loss 0.0933
[2026-06-01 20:04:21] INFO epoch 1 it 1350/1704 loss 0.0962
[2026-06-01 20:04:22] INFO epoch 1 it 1400/1704 loss 0.0966
[2026-06-01 20:04:22] INFO epoch 1 it 1450/1704 loss 0.0931
[2026-06-01 20:04:23] INFO epoch 1 it 1500/1704 loss 0.0909
[2026-06-01 20:04:24] INFO epoch 1 it 1550/1704 loss 0.0908
[2026-06-01 20:04:25] INFO epoch 1 it 1600/1704 loss 0.0896
[2026-06-01 20:04:26] INFO epoch 1 it 1650/1704 loss 0.0880
[2026-06-01 20:04:27] INFO epoch 1 it 1700/1704 loss 0.0889
[2026-06-01 20:04:28] INFO epoch 1 done in 77.6s lr=9.99e-06 avg_train_loss=0.1061
[2026-06-01 20:05:12] INFO epoch 1 val MAE(HU): 97.43
[2026-06-01 20:05:12] INFO new best MAE: 97.43 ¡æ saved best.pth
[2026-06-01 20:06:01] INFO epoch 2 it 50/1704 loss 0.0907
[2026-06-01 20:06:01] INFO epoch 2 it 100/1704 loss 0.0887
[2026-06-01 20:06:02] INFO epoch 2 it 150/1704 loss 0.0892
[2026-06-01 20:06:03] INFO epoch 2 it 200/1704 loss 0.0890
[2026-06-01 20:06:04] INFO epoch 2 it 250/1704 loss 0.0898
[2026-06-01 20:06:05] INFO epoch 2 it 300/1704 loss 0.0902
[2026-06-01 20:06:06] INFO epoch 2 it 350/1704 loss 0.0875
[2026-06-01 20:06:07] INFO epoch 2 it 400/1704 loss 0.0869
[2026-06-01 20:06:07] INFO epoch 2 it 450/1704 loss 0.0852
[2026-06-01 20:06:08] INFO epoch 2 it 500/1704 loss 0.0880
[2026-06-01 20:06:09] INFO epoch 2 it 550/1704 loss 0.0843
[2026-06-01 20:06:10] INFO epoch 2 it 600/1704 loss 0.0891
[2026-06-01 20:06:11] INFO epoch 2 it 650/1704 loss 0.0845
[2026-06-01 20:06:12] INFO epoch 2 it 700/1704 loss 0.0872
[2026-06-01 20:06:12] INFO epoch 2 it 750/1704 loss 0.0881
[2026-06-01 20:06:13] INFO epoch 2 it 800/1704 loss 0.0874
[2026-06-01 20:06:14] INFO epoch 2 it 850/1704 loss 0.0881
[2026-06-01 20:06:15] INFO epoch 2 it 900/1704 loss 0.0818
[2026-06-01 20:06:16] INFO epoch 2 it 950/1704 loss 0.0847
[2026-06-01 20:06:17] INFO epoch 2 it 1000/1704 loss 0.0852
[2026-06-01 20:06:17] INFO epoch 2 it 1050/1704 loss 0.0820
[2026-06-01 20:06:18] INFO epoch 2 it 1100/1704 loss 0.0846
[2026-06-01 20:06:19] INFO epoch 2 it 1150/1704 loss 0.0864
[2026-06-01 20:06:20] INFO epoch 2 it 1200/1704 loss 0.0832
[2026-06-01 20:06:21] INFO epoch 2 it 1250/1704 loss 0.0873
[2026-06-01 20:06:22] INFO epoch 2 it 1300/1704 loss 0.0833
[2026-06-01 20:06:23] INFO epoch 2 it 1350/1704 loss 0.0870
[2026-06-01 20:06:23] INFO epoch 2 it 1400/1704 loss 0.0863
[2026-06-01 20:06:24] INFO epoch 2 it 1450/1704 loss 0.0864
[2026-06-01 20:06:25] INFO epoch 2 it 1500/1704 loss 0.0826
[2026-06-01 20:06:26] INFO epoch 2 it 1550/1704 loss 0.0845
[2026-06-01 20:06:27] INFO epoch 2 it 1600/1704 loss 0.0867
[2026-06-01 20:06:28] INFO epoch 2 it 1650/1704 loss 0.0857
[2026-06-01 20:06:28] INFO epoch 2 it 1700/1704 loss 0.0838
[2026-06-01 20:06:30] INFO epoch 2 done in 77.9s lr=9.98e-06 avg_train_loss=0.0863
[2026-06-01 20:07:16] INFO epoch 2 val MAE(HU): 93.52
[2026-06-01 20:07:16] INFO new best MAE: 93.52 ¡æ saved best.pth
[2026-06-01 20:08:03] INFO epoch 3 it 50/1704 loss 0.0847
[2026-06-01 20:08:04] INFO epoch 3 it 100/1704 loss 0.0870
[2026-06-01 20:08:05] INFO epoch 3 it 150/1704 loss 0.0876
[2026-06-01 20:08:06] INFO epoch 3 it 200/1704 loss 0.0834
[2026-06-01 20:08:07] INFO epoch 3 it 250/1704 loss 0.0861
[2026-06-01 20:08:07] INFO epoch 3 it 300/1704 loss 0.0860
[2026-06-01 20:08:08] INFO epoch 3 it 350/1704 loss 0.0881
[2026-06-01 20:08:09] INFO epoch 3 it 400/1704 loss 0.0849
[2026-06-01 20:08:10] INFO epoch 3 it 450/1704 loss 0.0859
[2026-06-01 20:08:11] INFO epoch 3 it 500/1704 loss 0.0857
[2026-06-01 20:08:12] INFO epoch 3 it 550/1704 loss 0.0879
[2026-06-01 20:08:12] INFO epoch 3 it 600/1704 loss 0.0852
[2026-06-01 20:08:13] INFO epoch 3 it 650/1704 loss 0.0893
[2026-06-01 20:08:14] INFO epoch 3 it 700/1704 loss 0.0881
[2026-06-01 20:08:15] INFO epoch 3 it 750/1704 loss 0.0857
[2026-06-01 20:08:16] INFO epoch 3 it 800/1704 loss 0.0859
[2026-06-01 20:08:17] INFO epoch 3 it 850/1704 loss 0.0828
[2026-06-01 20:08:17] INFO epoch 3 it 900/1704 loss 0.0875
[2026-06-01 20:08:18] INFO epoch 3 it 950/1704 loss 0.0829
[2026-06-01 20:08:19] INFO epoch 3 it 1000/1704 loss 0.0839
[2026-06-01 20:08:20] INFO epoch 3 it 1050/1704 loss 0.0792
[2026-06-01 20:08:21] INFO epoch 3 it 1100/1704 loss 0.0869
[2026-06-01 20:08:22] INFO epoch 3 it 1150/1704 loss 0.0863
[2026-06-01 20:08:22] INFO epoch 3 it 1200/1704 loss 0.0812
[2026-06-01 20:08:23] INFO epoch 3 it 1250/1704 loss 0.0867
[2026-06-01 20:08:24] INFO epoch 3 it 1300/1704 loss 0.0857
[2026-06-01 20:08:25] INFO epoch 3 it 1350/1704 loss 0.0881
[2026-06-01 20:08:26] INFO epoch 3 it 1400/1704 loss 0.0841
[2026-06-01 20:08:27] INFO epoch 3 it 1450/1704 loss 0.0856
[2026-06-01 20:08:27] INFO epoch 3 it 1500/1704 loss 0.0852
[2026-06-01 20:08:28] INFO epoch 3 it 1550/1704 loss 0.0869
[2026-06-01 20:08:29] INFO epoch 3 it 1600/1704 loss nan
[2026-06-01 20:08:30] INFO epoch 3 it 1650/1704 loss nan
[2026-06-01 20:08:31] INFO epoch 3 it 1700/1704 loss nan
[2026-06-01 20:08:32] INFO epoch 3 done in 76.4s lr=9.96e-06 avg_train_loss=nan
[2026-06-01 20:09:18] INFO epoch 3 val MAE(HU): nan
[2026-06-01 20:10:06] INFO epoch 4 it 50/1704 loss nan
[2026-06-01 20:10:07] INFO epoch 4 it 100/1704 loss nan
[2026-06-01 20:10:08] INFO epoch 4 it 150/1704 loss nan
[2026-06-01 20:10:09] INFO epoch 4 it 200/1704 loss nan
[2026-06-01 20:10:10] INFO epoch 4 it 250/1704 loss nan
[2026-06-01 20:10:11] INFO epoch 4 it 300/1704 loss nan
[2026-06-01 20:10:11] INFO epoch 4 it 350/1704 loss nan
[2026-06-01 20:10:12] INFO epoch 4 it 400/1704 loss nan
[2026-06-01 20:10:13] INFO epoch 4 it 450/1704 loss nan
[2026-06-01 20:10:14] INFO epoch 4 it 500/1704 loss nan
[2026-06-01 20:10:15] INFO epoch 4 it 550/1704 loss nan
[2026-06-01 20:10:16] INFO epoch 4 it 600/1704 loss nan
[2026-06-01 20:10:17] INFO epoch 4 it 650/1704 loss nan
[2026-06-01 20:10:17] INFO epoch 4 it 700/1704 loss nan
[2026-06-01 20:10:18] INFO epoch 4 it 750/1704 loss nan
[2026-06-01 20:10:19] INFO epoch 4 it 800/1704 loss nan
[2026-06-01 20:10:20] INFO epoch 4 it 850/1704 loss nan
[2026-06-01 20:10:21] INFO epoch 4 it 900/1704 loss nan
[2026-06-01 20:10:22] INFO epoch 4 it 950/1704 loss nan
[2026-06-01 20:10:23] INFO epoch 4 it 1000/1704 loss nan
[2026-06-01 20:10:24] INFO epoch 4 it 1050/1704 loss nan
[2026-06-01 20:10:24] INFO epoch 4 it 1100/1704 loss nan
[2026-06-01 20:10:25] INFO epoch 4 it 1150/1704 loss nan
[2026-06-01 20:10:26] INFO epoch 4 it 1200/1704 loss nan
[2026-06-01 20:10:27] INFO epoch 4 it 1250/1704 loss nan
[2026-06-01 20:10:28] INFO epoch 4 it 1300/1704 loss nan
[2026-06-01 20:10:29] INFO epoch 4 it 1350/1704 loss nan
[2026-06-01 20:10:30] INFO epoch 4 it 1400/1704 loss nan
[2026-06-01 20:10:30] INFO epoch 4 it 1450/1704 loss nan
[2026-06-01 20:10:31] INFO epoch 4 it 1500/1704 loss nan
[2026-06-01 20:10:32] INFO epoch 4 it 1550/1704 loss nan
[2026-06-01 20:10:33] INFO epoch 4 it 1600/1704 loss nan
[2026-06-01 20:10:34] INFO epoch 4 it 1650/1704 loss nan
[2026-06-01 20:10:35] INFO epoch 4 it 1700/1704 loss nan
[2026-06-01 20:10:36] INFO epoch 4 done in 78.0s lr=9.94e-06 avg_train_loss=nan
[2026-06-01 20:11:22] INFO epoch 4 val MAE(HU): nan
[2026-06-01 20:12:09] INFO epoch 5 it 50/1704 loss nan
[2026-06-01 20:12:09] INFO epoch 5 it 100/1704 loss nan
[2026-06-01 20:12:10] INFO epoch 5 it 150/1704 loss nan
[2026-06-01 20:12:11] INFO epoch 5 it 200/1704 loss nan
[2026-06-01 20:12:12] INFO epoch 5 it 250/1704 loss nan
[2026-06-01 20:12:13] INFO epoch 5 it 300/1704 loss nan
[2026-06-01 20:12:14] INFO epoch 5 it 350/1704 loss nan
[2026-06-01 20:12:15] INFO epoch 5 it 400/1704 loss nan
[2026-06-01 20:12:15] INFO epoch 5 it 450/1704 loss nan
[2026-06-01 20:12:16] INFO epoch 5 it 500/1704 loss nan
[2026-06-01 20:12:17] INFO epoch 5 it 550/1704 loss nan
[2026-06-01 20:12:18] INFO epoch 5 it 600/1704 loss nan
[2026-06-01 20:12:19] INFO epoch 5 it 650/1704 loss nan
[2026-06-01 20:12:20] INFO epoch 5 it 700/1704 loss nan
[2026-06-01 20:12:21] INFO epoch 5 it 750/1704 loss nan
[2026-06-01 20:12:22] INFO epoch 5 it 800/1704 loss nan
[2026-06-01 20:12:22] INFO epoch 5 it 850/1704 loss nan
[2026-06-01 20:12:23] INFO epoch 5 it 900/1704 loss nan
[2026-06-01 20:12:24] INFO epoch 5 it 950/1704 loss nan
[2026-06-01 20:12:25] INFO epoch 5 it 1000/1704 loss nan
[2026-06-01 20:12:26] INFO epoch 5 it 1050/1704 loss nan
[2026-06-01 20:12:27] INFO epoch 5 it 1100/1704 loss nan
[2026-06-01 20:12:28] INFO epoch 5 it 1150/1704 loss nan
[2026-06-01 20:12:28] INFO epoch 5 it 1200/1704 loss nan
[2026-06-01 20:12:29] INFO epoch 5 it 1250/1704 loss nan
[2026-06-01 20:12:30] INFO epoch 5 it 1300/1704 loss nan
[2026-06-01 20:12:31] INFO epoch 5 it 1350/1704 loss nan
[2026-06-01 20:12:32] INFO epoch 5 it 1400/1704 loss nan
[2026-06-01 20:12:33] INFO epoch 5 it 1450/1704 loss nan
[2026-06-01 20:12:34] INFO epoch 5 it 1500/1704 loss nan
[2026-06-01 20:12:34] INFO epoch 5 it 1550/1704 loss nan
[2026-06-01 20:12:35] INFO epoch 5 it 1600/1704 loss nan
[2026-06-01 20:12:36] INFO epoch 5 it 1650/1704 loss nan
[2026-06-01 20:12:37] INFO epoch 5 it 1700/1704 loss nan
[2026-06-01 20:12:39] INFO epoch 5 done in 76.1s lr=9.91e-06 avg_train_loss=nan
[2026-06-01 20:13:24] INFO epoch 5 val MAE(HU): nan
[2026-06-01 20:14:10] INFO epoch 6 it 50/1704 loss nan
[2026-06-01 20:14:11] INFO epoch 6 it 100/1704 loss nan
[2026-06-01 20:14:12] INFO epoch 6 it 150/1704 loss nan
[2026-06-01 20:14:13] INFO epoch 6 it 200/1704 loss nan
[2026-06-01 20:14:14] INFO epoch 6 it 250/1704 loss nan
[2026-06-01 20:14:14] INFO epoch 6 it 300/1704 loss nan
[2026-06-01 20:14:15] INFO epoch 6 it 350/1704 loss nan
[2026-06-01 20:14:16] INFO epoch 6 it 400/1704 loss nan
[2026-06-01 20:14:17] INFO epoch 6 it 450/1704 loss nan
[2026-06-01 20:14:18] INFO epoch 6 it 500/1704 loss nan
[2026-06-01 20:14:19] INFO epoch 6 it 550/1704 loss nan
[2026-06-01 20:14:20] INFO epoch 6 it 600/1704 loss nan
[2026-06-01 20:14:20] INFO epoch 6 it 650/1704 loss nan
[2026-06-01 20:14:21] INFO epoch 6 it 700/1704 loss nan
[2026-06-01 20:14:22] INFO epoch 6 it 750/1704 loss nan
[2026-06-01 20:14:23] INFO epoch 6 it 800/1704 loss nan
[2026-06-01 20:14:24] INFO epoch 6 it 850/1704 loss nan
[2026-06-01 20:14:25] INFO epoch 6 it 900/1704 loss nan
[2026-06-01 20:14:26] INFO epoch 6 it 950/1704 loss nan
[2026-06-01 20:14:27] INFO epoch 6 it 1000/1704 loss nan
[2026-06-01 20:14:27] INFO epoch 6 it 1050/1704 loss nan
[2026-06-01 20:14:28] INFO epoch 6 it 1100/1704 loss nan
[2026-06-01 20:14:29] INFO epoch 6 it 1150/1704 loss nan
[2026-06-01 20:14:30] INFO epoch 6 it 1200/1704 loss nan
[2026-06-01 20:14:31] INFO epoch 6 it 1250/1704 loss nan
[2026-06-01 20:14:32] INFO epoch 6 it 1300/1704 loss nan
[2026-06-01 20:14:32] INFO epoch 6 it 1350/1704 loss nan
[2026-06-01 20:14:33] INFO epoch 6 it 1400/1704 loss nan
[2026-06-01 20:14:34] INFO epoch 6 it 1450/1704 loss nan
[2026-06-01 20:14:35] INFO epoch 6 it 1500/1704 loss nan
[2026-06-01 20:14:36] INFO epoch 6 it 1550/1704 loss nan
[2026-06-01 20:14:37] INFO epoch 6 it 1600/1704 loss nan
[2026-06-01 20:14:38] INFO epoch 6 it 1650/1704 loss nan
[2026-06-01 20:14:38] INFO epoch 6 it 1700/1704 loss nan
[2026-06-01 20:14:40] INFO epoch 6 done in 76.2s lr=9.88e-06 avg_train_loss=nan
[2026-06-01 20:15:25] INFO epoch 6 val MAE(HU): nan
[2026-06-01 20:16:11] INFO epoch 7 it 50/1704 loss nan
[2026-06-01 20:16:12] INFO epoch 7 it 100/1704 loss nan
[2026-06-01 20:16:13] INFO epoch 7 it 150/1704 loss nan
[2026-06-01 20:16:14] INFO epoch 7 it 200/1704 loss nan
[2026-06-01 20:16:15] INFO epoch 7 it 250/1704 loss nan
[2026-06-01 20:16:15] INFO epoch 7 it 300/1704 loss nan
[2026-06-01 20:16:16] INFO epoch 7 it 350/1704 loss nan
[2026-06-01 20:16:17] INFO epoch 7 it 400/1704 loss nan
[2026-06-01 20:16:18] INFO epoch 7 it 450/1704 loss nan
[2026-06-01 20:16:19] INFO epoch 7 it 500/1704 loss nan
[2026-06-01 20:16:20] INFO epoch 7 it 550/1704 loss nan
[2026-06-01 20:16:21] INFO epoch 7 it 600/1704 loss nan
[2026-06-01 20:16:21] INFO epoch 7 it 650/1704 loss nan
[2026-06-01 20:16:22] INFO epoch 7 it 700/1704 loss nan
[2026-06-01 20:16:23] INFO epoch 7 it 750/1704 loss nan
[2026-06-01 20:16:24] INFO epoch 7 it 800/1704 loss nan
[2026-06-01 20:16:25] INFO epoch 7 it 850/1704 loss nan
[2026-06-01 20:16:26] INFO epoch 7 it 900/1704 loss nan
[2026-06-01 20:16:27] INFO epoch 7 it 950/1704 loss nan
[2026-06-01 20:16:27] INFO epoch 7 it 1000/1704 loss nan
[2026-06-01 20:16:28] INFO epoch 7 it 1050/1704 loss nan
[2026-06-01 20:16:29] INFO epoch 7 it 1100/1704 loss nan
[2026-06-01 20:16:30] INFO epoch 7 it 1150/1704 loss nan
[2026-06-01 20:16:31] INFO epoch 7 it 1200/1704 loss nan
[2026-06-01 20:16:32] INFO epoch 7 it 1250/1704 loss nan
[2026-06-01 20:16:33] INFO epoch 7 it 1300/1704 loss nan
[2026-06-01 20:16:33] INFO epoch 7 it 1350/1704 loss nan
[2026-06-01 20:16:34] INFO epoch 7 it 1400/1704 loss nan
[2026-06-01 20:16:35] INFO epoch 7 it 1450/1704 loss nan
[2026-06-01 20:16:36] INFO epoch 7 it 1500/1704 loss nan
[2026-06-01 20:16:37] INFO epoch 7 it 1550/1704 loss nan
[2026-06-01 20:16:38] INFO epoch 7 it 1600/1704 loss nan
[2026-06-01 20:16:39] INFO epoch 7 it 1650/1704 loss nan
[2026-06-01 20:16:39] INFO epoch 7 it 1700/1704 loss nan
[2026-06-01 20:16:41] INFO epoch 7 done in 75.6s lr=9.84e-06 avg_train_loss=nan
[2026-06-01 20:17:26] INFO epoch 7 val MAE(HU): nan
[2026-06-01 20:18:12] INFO epoch 8 it 50/1704 loss nan
[2026-06-01 20:18:13] INFO epoch 8 it 100/1704 loss nan
[2026-06-01 20:18:14] INFO epoch 8 it 150/1704 loss nan
[2026-06-01 20:18:14] INFO epoch 8 it 200/1704 loss nan
[2026-06-01 20:18:15] INFO epoch 8 it 250/1704 loss nan
[2026-06-01 20:18:16] INFO epoch 8 it 300/1704 loss nan
[2026-06-01 20:18:17] INFO epoch 8 it 350/1704 loss nan
[2026-06-01 20:18:18] INFO epoch 8 it 400/1704 loss nan
[2026-06-01 20:18:19] INFO epoch 8 it 450/1704 loss nan
[2026-06-01 20:18:20] INFO epoch 8 it 500/1704 loss nan
[2026-06-01 20:18:20] INFO epoch 8 it 550/1704 loss nan
[2026-06-01 20:18:21] INFO epoch 8 it 600/1704 loss nan
[2026-06-01 20:18:22] INFO epoch 8 it 650/1704 loss nan
[2026-06-01 20:18:23] INFO epoch 8 it 700/1704 loss nan
[2026-06-01 20:18:24] INFO epoch 8 it 750/1704 loss nan
[2026-06-01 20:18:25] INFO epoch 8 it 800/1704 loss nan
[2026-06-01 20:18:26] INFO epoch 8 it 850/1704 loss nan
[2026-06-01 20:18:26] INFO epoch 8 it 900/1704 loss nan
[2026-06-01 20:18:27] INFO epoch 8 it 950/1704 loss nan
[2026-06-01 20:18:28] INFO epoch 8 it 1000/1704 loss nan
[2026-06-01 20:18:29] INFO epoch 8 it 1050/1704 loss nan
[2026-06-01 20:18:30] INFO epoch 8 it 1100/1704 loss nan
[2026-06-01 20:18:31] INFO epoch 8 it 1150/1704 loss nan
[2026-06-01 20:18:32] INFO epoch 8 it 1200/1704 loss nan
[2026-06-01 20:18:32] INFO epoch 8 it 1250/1704 loss nan
[2026-06-01 20:18:33] INFO epoch 8 it 1300/1704 loss nan
[2026-06-01 20:18:34] INFO epoch 8 it 1350/1704 loss nan
[2026-06-01 20:18:35] INFO epoch 8 it 1400/1704 loss nan
[2026-06-01 20:18:36] INFO epoch 8 it 1450/1704 loss nan
[2026-06-01 20:18:37] INFO epoch 8 it 1500/1704 loss nan
[2026-06-01 20:18:38] INFO epoch 8 it 1550/1704 loss nan
[2026-06-01 20:18:38] INFO epoch 8 it 1600/1704 loss nan
[2026-06-01 20:18:39] INFO epoch 8 it 1650/1704 loss nan
[2026-06-01 20:18:40] INFO epoch 8 it 1700/1704 loss nan
[2026-06-01 20:18:42] INFO epoch 8 done in 76.2s lr=9.80e-06 avg_train_loss=nan
[2026-06-01 20:19:27] INFO epoch 8 val MAE(HU): nan
[2026-06-01 20:20:12] INFO epoch 9 it 50/1704 loss nan
[2026-06-01 20:20:13] INFO epoch 9 it 100/1704 loss nan
[2026-06-01 20:20:14] INFO epoch 9 it 150/1704 loss nan
[2026-06-01 20:20:15] INFO epoch 9 it 200/1704 loss nan
[2026-06-01 20:20:16] INFO epoch 9 it 250/1704 loss nan
[2026-06-01 20:20:17] INFO epoch 9 it 300/1704 loss nan
[2026-06-01 20:20:17] INFO epoch 9 it 350/1704 loss nan
[2026-06-01 20:20:18] INFO epoch 9 it 400/1704 loss nan
[2026-06-01 20:20:19] INFO epoch 9 it 450/1704 loss nan
[2026-06-01 20:20:20] INFO epoch 9 it 500/1704 loss nan
[2026-06-01 20:20:21] INFO epoch 9 it 550/1704 loss nan
[2026-06-01 20:20:22] INFO epoch 9 it 600/1704 loss nan
[2026-06-01 20:20:23] INFO epoch 9 it 650/1704 loss nan
[2026-06-01 20:20:23] INFO epoch 9 it 700/1704 loss nan
[2026-06-01 20:20:24] INFO epoch 9 it 750/1704 loss nan
[2026-06-01 20:20:25] INFO epoch 9 it 800/1704 loss nan
[2026-06-01 20:20:26] INFO epoch 9 it 850/1704 loss nan
[2026-06-01 20:20:27] INFO epoch 9 it 900/1704 loss nan
[2026-06-01 20:20:28] INFO epoch 9 it 950/1704 loss nan
[2026-06-01 20:20:29] INFO epoch 9 it 1000/1704 loss nan
[2026-06-01 20:20:29] INFO epoch 9 it 1050/1704 loss nan
[2026-06-01 20:20:30] INFO epoch 9 it 1100/1704 loss nan
[2026-06-01 20:20:31] INFO epoch 9 it 1150/1704 loss nan
[2026-06-01 20:20:32] INFO epoch 9 it 1200/1704 loss nan
[2026-06-01 20:20:33] INFO epoch 9 it 1250/1704 loss nan
[2026-06-01 20:20:34] INFO epoch 9 it 1300/1704 loss nan
[2026-06-01 20:20:35] INFO epoch 9 it 1350/1704 loss nan
[2026-06-01 20:20:35] INFO epoch 9 it 1400/1704 loss nan
[2026-06-01 20:20:36] INFO epoch 9 it 1450/1704 loss nan
[2026-06-01 20:20:37] INFO epoch 9 it 1500/1704 loss nan
[2026-06-01 20:20:38] INFO epoch 9 it 1550/1704 loss nan
[2026-06-01 20:20:39] INFO epoch 9 it 1600/1704 loss nan
[2026-06-01 20:20:40] INFO epoch 9 it 1650/1704 loss nan
[2026-06-01 20:20:41] INFO epoch 9 it 1700/1704 loss nan
[2026-06-01 20:20:42] INFO epoch 9 done in 75.1s lr=9.76e-06 avg_train_loss=nan
[2026-06-01 20:21:28] INFO epoch 9 val MAE(HU): nan
[2026-06-01 20:22:14] INFO epoch 10 it 50/1704 loss nan
[2026-06-01 20:22:14] INFO epoch 10 it 100/1704 loss nan
[2026-06-01 20:22:15] INFO epoch 10 it 150/1704 loss nan
[2026-06-01 20:22:16] INFO epoch 10 it 200/1704 loss nan
[2026-06-01 20:22:17] INFO epoch 10 it 250/1704 loss nan
[2026-06-01 20:22:18] INFO epoch 10 it 300/1704 loss nan
[2026-06-01 20:22:19] INFO epoch 10 it 350/1704 loss nan
[2026-06-01 20:22:20] INFO epoch 10 it 400/1704 loss nan
[2026-06-01 20:22:20] INFO epoch 10 it 450/1704 loss nan
[2026-06-01 20:22:21] INFO epoch 10 it 500/1704 loss nan
[2026-06-01 20:22:22] INFO epoch 10 it 550/1704 loss nan
[2026-06-01 20:22:23] INFO epoch 10 it 600/1704 loss nan
[2026-06-01 20:22:24] INFO epoch 10 it 650/1704 loss nan
[2026-06-01 20:22:25] INFO epoch 10 it 700/1704 loss nan
[2026-06-01 20:22:26] INFO epoch 10 it 750/1704 loss nan
[2026-06-01 20:22:26] INFO epoch 10 it 800/1704 loss nan
[2026-06-01 20:22:27] INFO epoch 10 it 850/1704 loss nan
[2026-06-01 20:22:28] INFO epoch 10 it 900/1704 loss nan
[2026-06-01 20:22:29] INFO epoch 10 it 950/1704 loss nan
[2026-06-01 20:22:30] INFO epoch 10 it 1000/1704 loss nan
[2026-06-01 20:22:31] INFO epoch 10 it 1050/1704 loss nan
[2026-06-01 20:22:32] INFO epoch 10 it 1100/1704 loss nan
[2026-06-01 20:22:32] INFO epoch 10 it 1150/1704 loss nan
[2026-06-01 20:22:33] INFO epoch 10 it 1200/1704 loss nan
[2026-06-01 20:22:34] INFO epoch 10 it 1250/1704 loss nan
[2026-06-01 20:22:35] INFO epoch 10 it 1300/1704 loss nan
[2026-06-01 20:22:36] INFO epoch 10 it 1350/1704 loss nan
[2026-06-01 20:22:37] INFO epoch 10 it 1400/1704 loss nan
[2026-06-01 20:22:38] INFO epoch 10 it 1450/1704 loss nan
[2026-06-01 20:22:38] INFO epoch 10 it 1500/1704 loss nan
[2026-06-01 20:22:39] INFO epoch 10 it 1550/1704 loss nan
[2026-06-01 20:22:40] INFO epoch 10 it 1600/1704 loss nan
[2026-06-01 20:22:41] INFO epoch 10 it 1650/1704 loss nan
[2026-06-01 20:22:42] INFO epoch 10 it 1700/1704 loss nan
[2026-06-01 20:22:43] INFO epoch 10 done in 75.6s lr=9.70e-06 avg_train_loss=nan
[2026-06-01 20:23:28] INFO epoch 10 val MAE(HU): nan
[2026-06-01 20:24:14] INFO epoch 11 it 50/1704 loss nan
[2026-06-01 20:24:15] INFO epoch 11 it 100/1704 loss nan
[2026-06-01 20:24:15] INFO epoch 11 it 150/1704 loss nan
[2026-06-01 20:24:16] INFO epoch 11 it 200/1704 loss nan
[2026-06-01 20:24:17] INFO epoch 11 it 250/1704 loss nan
[2026-06-01 20:24:18] INFO epoch 11 it 300/1704 loss nan
[2026-06-01 20:24:19] INFO epoch 11 it 350/1704 loss nan
[2026-06-01 20:24:20] INFO epoch 11 it 400/1704 loss nan
[2026-06-01 20:24:21] INFO epoch 11 it 450/1704 loss nan
[2026-06-01 20:24:21] INFO epoch 11 it 500/1704 loss nan
[2026-06-01 20:24:22] INFO epoch 11 it 550/1704 loss nan
[2026-06-01 20:24:23] INFO epoch 11 it 600/1704 loss nan
[2026-06-01 20:24:24] INFO epoch 11 it 650/1704 loss nan
[2026-06-01 20:24:25] INFO epoch 11 it 700/1704 loss nan
[2026-06-01 20:24:26] INFO epoch 11 it 750/1704 loss nan
[2026-06-01 20:24:27] INFO epoch 11 it 800/1704 loss nan
[2026-06-01 20:24:27] INFO epoch 11 it 850/1704 loss nan
[2026-06-01 20:24:28] INFO epoch 11 it 900/1704 loss nan
[2026-06-01 20:24:29] INFO epoch 11 it 950/1704 loss nan
[2026-06-01 20:24:30] INFO epoch 11 it 1000/1704 loss nan
[2026-06-01 20:24:31] INFO epoch 11 it 1050/1704 loss nan
[2026-06-01 20:24:32] INFO epoch 11 it 1100/1704 loss nan
[2026-06-01 20:24:33] INFO epoch 11 it 1150/1704 loss nan
[2026-06-01 20:24:34] INFO epoch 11 it 1200/1704 loss nan
[2026-06-01 20:24:34] INFO epoch 11 it 1250/1704 loss nan
[2026-06-01 20:24:35] INFO epoch 11 it 1300/1704 loss nan
[2026-06-01 20:24:36] INFO epoch 11 it 1350/1704 loss nan
[2026-06-01 20:24:37] INFO epoch 11 it 1400/1704 loss nan
[2026-06-01 20:24:38] INFO epoch 11 it 1450/1704 loss nan
[2026-06-01 20:24:39] INFO epoch 11 it 1500/1704 loss nan
[2026-06-01 20:24:40] INFO epoch 11 it 1550/1704 loss nan
[2026-06-01 20:24:40] INFO epoch 11 it 1600/1704 loss nan
[2026-06-01 20:24:41] INFO epoch 11 it 1650/1704 loss nan
[2026-06-01 20:24:42] INFO epoch 11 it 1700/1704 loss nan
[2026-06-01 20:24:44] INFO epoch 11 done in 75.6s lr=9.65e-06 avg_train_loss=nan
[2026-06-01 20:25:29] INFO epoch 11 val MAE(HU): nan
[2026-06-01 20:26:16] INFO epoch 12 it 50/1704 loss nan
[2026-06-01 20:26:16] INFO epoch 12 it 100/1704 loss nan
[2026-06-01 20:26:17] INFO epoch 12 it 150/1704 loss nan
[2026-06-01 20:26:18] INFO epoch 12 it 200/1704 loss nan
[2026-06-01 20:26:19] INFO epoch 12 it 250/1704 loss nan
[2026-06-01 20:26:20] INFO epoch 12 it 300/1704 loss nan
[2026-06-01 20:26:21] INFO epoch 12 it 350/1704 loss nan
[2026-06-01 20:26:21] INFO epoch 12 it 400/1704 loss nan
[2026-06-01 20:26:22] INFO epoch 12 it 450/1704 loss nan
[2026-06-01 20:26:23] INFO epoch 12 it 500/1704 loss nan
[2026-06-01 20:26:24] INFO epoch 12 it 550/1704 loss nan
[2026-06-01 20:26:25] INFO epoch 12 it 600/1704 loss nan
[2026-06-01 20:26:26] INFO epoch 12 it 650/1704 loss nan
[2026-06-01 20:26:26] INFO epoch 12 it 700/1704 loss nan
[2026-06-01 20:26:27] INFO epoch 12 it 750/1704 loss nan
[2026-06-01 20:26:28] INFO epoch 12 it 800/1704 loss nan
[2026-06-01 20:26:29] INFO epoch 12 it 850/1704 loss nan
[2026-06-01 20:26:30] INFO epoch 12 it 900/1704 loss nan
[2026-06-01 20:26:31] INFO epoch 12 it 950/1704 loss nan
[2026-06-01 20:26:31] INFO epoch 12 it 1000/1704 loss nan
[2026-06-01 20:26:32] INFO epoch 12 it 1050/1704 loss nan
[2026-06-01 20:26:33] INFO epoch 12 it 1100/1704 loss nan
[2026-06-01 20:26:34] INFO epoch 12 it 1150/1704 loss nan
[2026-06-01 20:26:35] INFO epoch 12 it 1200/1704 loss nan
[2026-06-01 20:26:35] INFO epoch 12 it 1250/1704 loss nan
[2026-06-01 20:26:36] INFO epoch 12 it 1300/1704 loss nan
[2026-06-01 20:26:37] INFO epoch 12 it 1350/1704 loss nan
[2026-06-01 20:26:38] INFO epoch 12 it 1400/1704 loss nan
[2026-06-01 20:26:39] INFO epoch 12 it 1450/1704 loss nan
[2026-06-01 20:26:40] INFO epoch 12 it 1500/1704 loss nan
[2026-06-01 20:26:40] INFO epoch 12 it 1550/1704 loss nan
[2026-06-01 20:26:41] INFO epoch 12 it 1600/1704 loss nan
[2026-06-01 20:26:42] INFO epoch 12 it 1650/1704 loss nan
[2026-06-01 20:26:43] INFO epoch 12 it 1700/1704 loss nan
[2026-06-01 20:26:44] INFO epoch 12 done in 74.9s lr=9.59e-06 avg_train_loss=nan
[2026-06-01 20:27:28] INFO epoch 12 val MAE(HU): nan
[2026-06-01 20:28:14] INFO epoch 13 it 50/1704 loss nan
[2026-06-01 20:28:15] INFO epoch 13 it 100/1704 loss nan
[2026-06-01 20:28:16] INFO epoch 13 it 150/1704 loss nan
[2026-06-01 20:28:17] INFO epoch 13 it 200/1704 loss nan
[2026-06-01 20:28:18] INFO epoch 13 it 250/1704 loss nan
[2026-06-01 20:28:19] INFO epoch 13 it 300/1704 loss nan
[2026-06-01 20:28:20] INFO epoch 13 it 350/1704 loss nan
[2026-06-01 20:28:20] INFO epoch 13 it 400/1704 loss nan
[2026-06-01 20:28:21] INFO epoch 13 it 450/1704 loss nan
[2026-06-01 20:28:22] INFO epoch 13 it 500/1704 loss nan
[2026-06-01 20:28:23] INFO epoch 13 it 550/1704 loss nan
[2026-06-01 20:28:24] INFO epoch 13 it 600/1704 loss nan
[2026-06-01 20:28:25] INFO epoch 13 it 650/1704 loss nan
[2026-06-01 20:28:26] INFO epoch 13 it 700/1704 loss nan
[2026-06-01 20:28:27] INFO epoch 13 it 750/1704 loss nan
[2026-06-01 20:28:28] INFO epoch 13 it 800/1704 loss nan
[2026-06-01 20:28:29] INFO epoch 13 it 850/1704 loss nan
[2026-06-01 20:28:29] INFO epoch 13 it 900/1704 loss nan
[2026-06-01 20:28:30] INFO epoch 13 it 950/1704 loss nan
[2026-06-01 20:28:31] INFO epoch 13 it 1000/1704 loss nan
[2026-06-01 20:28:32] INFO epoch 13 it 1050/1704 loss nan
[2026-06-01 20:28:33] INFO epoch 13 it 1100/1704 loss nan
[2026-06-01 20:28:34] INFO epoch 13 it 1150/1704 loss nan
[2026-06-01 20:28:34] INFO epoch 13 it 1200/1704 loss nan
[2026-06-01 20:28:35] INFO epoch 13 it 1250/1704 loss nan
[2026-06-01 20:28:36] INFO epoch 13 it 1300/1704 loss nan
[2026-06-01 20:28:37] INFO epoch 13 it 1350/1704 loss nan
[2026-06-01 20:28:38] INFO epoch 13 it 1400/1704 loss nan
[2026-06-01 20:28:39] INFO epoch 13 it 1450/1704 loss nan
[2026-06-01 20:28:39] INFO epoch 13 it 1500/1704 loss nan
[2026-06-01 20:28:40] INFO epoch 13 it 1550/1704 loss nan
