[2026-04-29 18:02:00] INFO Device: cuda
[2026-04-29 18:02:00] INFO GPU: NVIDIA GeForce RTX 5090
[2026-04-29 18:02:50] INFO Train cases: ['2HNA002', '2HNA005', '2HNA010', '2HNA011', '2HNA014', '2HNA016', '2HNA019', '2HNA021', '2HNA024', '2HNA025', '2HNA027', '2HNA028', '2HNA029', '2HNA031', '2HNA032', '2HNA035', '2HNA036', '2HNA039', '2HNA040', '2HNA041', '2HNA044', '2HNA045', '2HNA046', '2HNA050', '2HNA056', '2HNA058', '2HNA061', '2HNA068', '2HNA070', '2HNA073', '2HNA076', '2HNA077', '2HNA082', '2HNA083', '2HNA084', '2HNA086', '2HNA087', '2HNA088', '2HNA089', '2HNA090', '2HNA091', '2HNA092', '2HNA093', '2HNA094', '2HNA095', '2HNA097', '2HNA099', '2HNA105', '2HNA106', '2HNA107', '2HNA108', '2HNA111', '2HNA113', '2HNA115', '2HNB001', '2HNB002', '2HNB005', '2HNB006', '2HNB007', '2HNB009', '2HNB010', '2HNB011', '2HNB014', '2HNB015', '2HNB016', '2HNB019', '2HNB020', '2HNB023', '2HNB024', '2HNB030', '2HNB031', '2HNB033', '2HNB034', '2HNB036', '2HNB037', '2HNB039', '2HNB043', '2HNB044', '2HNB045', '2HNB047', '2HNB050', '2HNB051', '2HNB053', '2HNB055', '2HNB058', '2HNB059', '2HNB060', '2HNB063', '2HNB065', '2HNB067', '2HNB070', '2HNB072', '2HNB074', '2HNB075', '2HNB078', '2HNB081', '2HNB082', '2HNB085', '2HNB086', '2HNB089', '2HNB091', '2HNB093', '2HNB098', '2HNB099', '2HNB101', '2HNB102', '2HNB104', '2HNB105', '2HNB106', '2HNB107', '2HNB109', '2HNB111', '2HNC018', '2HNC021', '2HNC024', '2HNC027', '2HNC028', '2HNC029', '2HNC037', '2HNC040', '2HNC046', '2HNC048', '2HNC049', '2HNC052', '2HNC053', '2HNC055', '2HNC057', '2HNC058', '2HNC066', '2HNC069', '2HNC072', '2HNC074', '2HNC075', '2HNC076', '2HNC077', '2HNC078', '2HNC079', '2HNC080', '2HNC081', '2HNC082', '2HNC085', '2HNC088', '2HNC091', '2HNC092', '2HNC097', '2HNC098', '2HNC099', '2HNC100', '2HNC102', '2HNC104', '2HNC108', '2HNC112', '2HNC113', '2HNC118', '2HNC121', '2HNC123', '2HNC125', '2HNE003', '2HNE004', '2HNE007']
[2026-04-29 18:02:50] INFO Val cases:   ['2HNA026', '2HNA033', '2HNA034', '2HNA038', '2HNA047', '2HNA096', '2HNA098', '2HNA100', '2HNA102', '2HNA104', '2HNA110', '2HNB013', '2HNB054', '2HNB061', '2HNB064', '2HNB071', '2HNB103', '2HNB108', '2HNC017', '2HNC020', '2HNC025', '2HNC030', '2HNC034', '2HNC036', '2HNC042', '2HNC043', '2HNC051', '2HNC060', '2HNC061', '2HNC062', '2HNC063', '2HNC084', '2HNC086', '2HNC087', '2HNC094', '2HNC101', '2HNC117', '2HNC119', '2HNE001', '2HNE006']
[2026-04-29 18:02:50] INFO Train slices: 13634  Val slices: 3451
[2026-04-29 18:02:50] INFO Model params: 6.50M
[2026-04-29 18:02:50] INFO Resumed from C:\Users\USER\Desktop\dev\sct_unet\outputs\full_v2\last.pth at epoch 3
[2026-04-29 18:03:34] INFO epoch 3 it 50/1704 loss 0.1753
[2026-04-29 18:03:35] INFO epoch 3 it 100/1704 loss 0.1645
[2026-04-29 18:03:36] INFO epoch 3 it 150/1704 loss 0.1565
[2026-04-29 18:03:36] INFO epoch 3 it 200/1704 loss 0.1612
[2026-04-29 18:03:37] INFO epoch 3 it 250/1704 loss 0.1587
[2026-04-29 18:03:38] INFO epoch 3 it 300/1704 loss 0.1486
[2026-04-29 18:03:38] INFO epoch 3 it 350/1704 loss 0.1313
[2026-04-29 18:03:39] INFO epoch 3 it 400/1704 loss 0.1414
[2026-04-29 18:03:40] INFO epoch 3 it 450/1704 loss 0.1291
[2026-04-29 18:03:41] INFO epoch 3 it 500/1704 loss 0.1249
[2026-04-29 18:03:41] INFO epoch 3 it 550/1704 loss 0.1205
[2026-04-29 18:03:42] INFO epoch 3 it 600/1704 loss 0.1258
[2026-04-29 18:03:43] INFO epoch 3 it 650/1704 loss 0.1182
[2026-04-29 18:03:43] INFO epoch 3 it 700/1704 loss 0.1196
[2026-04-29 18:03:44] INFO epoch 3 it 750/1704 loss 0.1143
[2026-04-29 18:03:45] INFO epoch 3 it 800/1704 loss 0.1054
[2026-04-29 18:03:45] INFO epoch 3 it 850/1704 loss 0.1012
[2026-04-29 18:03:46] INFO epoch 3 it 900/1704 loss 0.1069
[2026-04-29 18:03:47] INFO epoch 3 it 950/1704 loss 0.0980
[2026-04-29 18:03:47] INFO epoch 3 it 1000/1704 loss 0.0990
[2026-04-29 18:03:48] INFO epoch 3 it 1050/1704 loss 0.0998
[2026-04-29 18:03:49] INFO epoch 3 it 1100/1704 loss 0.0929
[2026-04-29 18:03:49] INFO epoch 3 it 1150/1704 loss 0.0966
[2026-04-29 18:03:50] INFO epoch 3 it 1200/1704 loss 0.0893
[2026-04-29 18:03:51] INFO epoch 3 it 1250/1704 loss 0.0896
[2026-04-29 18:03:52] INFO epoch 3 it 1300/1704 loss 0.0826
[2026-04-29 18:03:52] INFO epoch 3 it 1350/1704 loss 0.0914
[2026-04-29 18:03:53] INFO epoch 3 it 1400/1704 loss 0.0829
[2026-04-29 18:03:54] INFO epoch 3 it 1450/1704 loss 0.0848
[2026-04-29 18:03:54] INFO epoch 3 it 1500/1704 loss 0.0871
[2026-04-29 18:03:55] INFO epoch 3 it 1550/1704 loss 0.0870
[2026-04-29 18:03:56] INFO epoch 3 it 1600/1704 loss 0.0783
[2026-04-29 18:03:56] INFO epoch 3 it 1650/1704 loss 0.0829
[2026-04-29 18:03:57] INFO epoch 3 it 1700/1704 loss 0.0848
[2026-04-29 18:03:59] INFO epoch 3 done in 68.3s lr=1.00e-04 avg_train_loss=0.1126
C:\Users\USER\anaconda3\envs\nnunet\Lib\site-packages\monai\inferers\utils.py:226: UserWarning: Using a non-tuple sequence for multidimensional indexing is deprecated and will be changed in pytorch 2.9; use x[tuple(seq)] instead of x[seq]. In pytorch 2.9 this will be interpreted as tensor index, x[torch.tensor(seq)], which will result either in an error or a different result (Triggered internally at C:\actions-runner\_work\pytorch\pytorch\pytorch\torch\csrc\autograd\python_variable_indexing.cpp:353.)
  win_data = torch.cat([inputs[win_slice] for win_slice in unravel_slice]).to(sw_device)
C:\Users\USER\anaconda3\envs\nnunet\Lib\site-packages\monai\inferers\utils.py:370: UserWarning: Using a non-tuple sequence for multidimensional indexing is deprecated and will be changed in pytorch 2.9; use x[tuple(seq)] instead of x[seq]. In pytorch 2.9 this will be interpreted as tensor index, x[torch.tensor(seq)], which will result either in an error or a different result (Triggered internally at C:\actions-runner\_work\pytorch\pytorch\pytorch\torch\csrc\autograd\python_variable_indexing.cpp:353.)
  out[idx_zm] += p
[2026-04-29 18:04:40] INFO epoch 3 val MAE(HU): 99.91
[2026-04-29 18:04:40] INFO new best MAE: 99.91 ¡æ saved best.pth
[2026-04-29 18:05:24] INFO epoch 4 it 50/1704 loss 0.0837
[2026-04-29 18:05:25] INFO epoch 4 it 100/1704 loss 0.0853
[2026-04-29 18:05:26] INFO epoch 4 it 150/1704 loss 0.0852
[2026-04-29 18:05:26] INFO epoch 4 it 200/1704 loss 0.0861
[2026-04-29 18:05:27] INFO epoch 4 it 250/1704 loss 0.0855
[2026-04-29 18:05:28] INFO epoch 4 it 300/1704 loss 0.0785
[2026-04-29 18:05:28] INFO epoch 4 it 350/1704 loss 0.0821
[2026-04-29 18:05:29] INFO epoch 4 it 400/1704 loss 0.0735
[2026-04-29 18:05:30] INFO epoch 4 it 450/1704 loss 0.0808
[2026-04-29 18:05:31] INFO epoch 4 it 500/1704 loss 0.0816
[2026-04-29 18:05:31] INFO epoch 4 it 550/1704 loss 0.0802
[2026-04-29 18:05:32] INFO epoch 4 it 600/1704 loss 0.0744
[2026-04-29 18:05:33] INFO epoch 4 it 650/1704 loss 0.0777
[2026-04-29 18:05:34] INFO epoch 4 it 700/1704 loss 0.0760
[2026-04-29 18:05:34] INFO epoch 4 it 750/1704 loss 0.0791
[2026-04-29 18:05:35] INFO epoch 4 it 800/1704 loss 0.0842
[2026-04-29 18:05:36] INFO epoch 4 it 850/1704 loss 0.0829
[2026-04-29 18:05:36] INFO epoch 4 it 900/1704 loss 0.0818
[2026-04-29 18:05:37] INFO epoch 4 it 950/1704 loss 0.0802
[2026-04-29 18:05:38] INFO epoch 4 it 1000/1704 loss 0.0778
[2026-04-29 18:05:38] INFO epoch 4 it 1050/1704 loss 0.0771
[2026-04-29 18:05:39] INFO epoch 4 it 1100/1704 loss 0.0810
[2026-04-29 18:05:40] INFO epoch 4 it 1150/1704 loss 0.0790
[2026-04-29 18:05:40] INFO epoch 4 it 1200/1704 loss 0.0756
[2026-04-29 18:05:41] INFO epoch 4 it 1250/1704 loss 0.0786
[2026-04-29 18:05:42] INFO epoch 4 it 1300/1704 loss 0.0757
[2026-04-29 18:05:42] INFO epoch 4 it 1350/1704 loss 0.0813
[2026-04-29 18:05:43] INFO epoch 4 it 1400/1704 loss 0.0840
[2026-04-29 18:05:44] INFO epoch 4 it 1450/1704 loss 0.0791
[2026-04-29 18:05:44] INFO epoch 4 it 1500/1704 loss 0.0733
[2026-04-29 18:05:45] INFO epoch 4 it 1550/1704 loss 0.0772
[2026-04-29 18:05:46] INFO epoch 4 it 1600/1704 loss 0.0761
[2026-04-29 18:05:46] INFO epoch 4 it 1650/1704 loss 0.0795
[2026-04-29 18:05:47] INFO epoch 4 it 1700/1704 loss 0.0767
[2026-04-29 18:05:48] INFO epoch 4 done in 68.2s lr=1.00e-04 avg_train_loss=0.0797
[2026-04-29 18:06:29] INFO epoch 4 val MAE(HU): 89.95
[2026-04-29 18:06:29] INFO new best MAE: 89.95 ¡æ saved best.pth
[2026-04-29 18:07:11] INFO epoch 5 it 50/1704 loss 0.0775
[2026-04-29 18:07:11] INFO epoch 5 it 100/1704 loss 0.0773
[2026-04-29 18:07:12] INFO epoch 5 it 150/1704 loss 0.0764
[2026-04-29 18:07:13] INFO epoch 5 it 200/1704 loss 0.0776
[2026-04-29 18:07:13] INFO epoch 5 it 250/1704 loss 0.0782
[2026-04-29 18:07:14] INFO epoch 5 it 300/1704 loss 0.0791
[2026-04-29 18:07:15] INFO epoch 5 it 350/1704 loss 0.0787
[2026-04-29 18:07:15] INFO epoch 5 it 400/1704 loss 0.0780
[2026-04-29 18:07:16] INFO epoch 5 it 450/1704 loss 0.0752
[2026-04-29 18:07:17] INFO epoch 5 it 500/1704 loss 0.0792
[2026-04-29 18:07:17] INFO epoch 5 it 550/1704 loss 0.0762
[2026-04-29 18:07:18] INFO epoch 5 it 600/1704 loss 0.0811
[2026-04-29 18:07:19] INFO epoch 5 it 650/1704 loss 0.0735
[2026-04-29 18:07:19] INFO epoch 5 it 700/1704 loss 0.0806
[2026-04-29 18:07:20] INFO epoch 5 it 750/1704 loss 0.0788
[2026-04-29 18:07:20] INFO epoch 5 it 800/1704 loss 0.0787
[2026-04-29 18:07:21] INFO epoch 5 it 850/1704 loss 0.0788
[2026-04-29 18:07:22] INFO epoch 5 it 900/1704 loss 0.0710
[2026-04-29 18:07:22] INFO epoch 5 it 950/1704 loss 0.0745
[2026-04-29 18:07:23] INFO epoch 5 it 1000/1704 loss 0.0751
[2026-04-29 18:07:24] INFO epoch 5 it 1050/1704 loss 0.0748
[2026-04-29 18:07:24] INFO epoch 5 it 1100/1704 loss 0.0742
[2026-04-29 18:07:25] INFO epoch 5 it 1150/1704 loss 0.0763
[2026-04-29 18:07:26] INFO epoch 5 it 1200/1704 loss 0.0729
[2026-04-29 18:07:26] INFO epoch 5 it 1250/1704 loss 0.0799
[2026-04-29 18:07:27] INFO epoch 5 it 1300/1704 loss 0.0729
[2026-04-29 18:07:28] INFO epoch 5 it 1350/1704 loss 0.0779
[2026-04-29 18:07:28] INFO epoch 5 it 1400/1704 loss 0.0774
[2026-04-29 18:07:29] INFO epoch 5 it 1450/1704 loss 0.0757
[2026-04-29 18:07:29] INFO epoch 5 it 1500/1704 loss 0.0744
[2026-04-29 18:07:30] INFO epoch 5 it 1550/1704 loss 0.0728
[2026-04-29 18:07:31] INFO epoch 5 it 1600/1704 loss 0.0791
[2026-04-29 18:07:31] INFO epoch 5 it 1650/1704 loss 0.0770
[2026-04-29 18:07:32] INFO epoch 5 it 1700/1704 loss 0.0756
[2026-04-29 18:07:33] INFO epoch 5 done in 64.3s lr=1.00e-04 avg_train_loss=0.0766
[2026-04-29 18:08:14] INFO epoch 5 val MAE(HU): 85.58
[2026-04-29 18:08:14] INFO new best MAE: 85.58 ¡æ saved best.pth
[2026-04-29 18:08:56] INFO epoch 6 it 50/1704 loss 0.0767
[2026-04-29 18:08:56] INFO epoch 6 it 100/1704 loss 0.0775
[2026-04-29 18:08:57] INFO epoch 6 it 150/1704 loss 0.0771
[2026-04-29 18:08:58] INFO epoch 6 it 200/1704 loss 0.0724
[2026-04-29 18:08:58] INFO epoch 6 it 250/1704 loss 0.0760
[2026-04-29 18:08:59] INFO epoch 6 it 300/1704 loss 0.0772
[2026-04-29 18:08:59] INFO epoch 6 it 350/1704 loss 0.0807
[2026-04-29 18:09:00] INFO epoch 6 it 400/1704 loss 0.0724
[2026-04-29 18:09:01] INFO epoch 6 it 450/1704 loss 0.0755
[2026-04-29 18:09:01] INFO epoch 6 it 500/1704 loss 0.0762
[2026-04-29 18:09:02] INFO epoch 6 it 550/1704 loss 0.0753
[2026-04-29 18:09:02] INFO epoch 6 it 600/1704 loss 0.0737
[2026-04-29 18:09:03] INFO epoch 6 it 650/1704 loss 0.0761
[2026-04-29 18:09:04] INFO epoch 6 it 700/1704 loss 0.0781
[2026-04-29 18:09:04] INFO epoch 6 it 750/1704 loss 0.0738
[2026-04-29 18:09:05] INFO epoch 6 it 800/1704 loss 0.0723
[2026-04-29 18:09:06] INFO epoch 6 it 850/1704 loss 0.0706
[2026-04-29 18:09:06] INFO epoch 6 it 900/1704 loss 0.0736
[2026-04-29 18:09:07] INFO epoch 6 it 950/1704 loss 0.0722
[2026-04-29 18:09:08] INFO epoch 6 it 1000/1704 loss 0.0719
[2026-04-29 18:09:08] INFO epoch 6 it 1050/1704 loss 0.0651
[2026-04-29 18:09:09] INFO epoch 6 it 1100/1704 loss 0.0723
[2026-04-29 18:09:10] INFO epoch 6 it 1150/1704 loss 0.0743
[2026-04-29 18:09:10] INFO epoch 6 it 1200/1704 loss 0.0679
[2026-04-29 18:09:11] INFO epoch 6 it 1250/1704 loss 0.0762
[2026-04-29 18:09:12] INFO epoch 6 it 1300/1704 loss 0.0728
[2026-04-29 18:09:12] INFO epoch 6 it 1350/1704 loss 0.0725
[2026-04-29 18:09:13] INFO epoch 6 it 1400/1704 loss 0.0716
[2026-04-29 18:09:14] INFO epoch 6 it 1450/1704 loss 0.0724
[2026-04-29 18:09:14] INFO epoch 6 it 1500/1704 loss 0.0720
[2026-04-29 18:09:15] INFO epoch 6 it 1550/1704 loss 0.0726
[2026-04-29 18:09:15] INFO epoch 6 it 1600/1704 loss 0.0750
[2026-04-29 18:09:16] INFO epoch 6 it 1650/1704 loss 0.0678
[2026-04-29 18:09:17] INFO epoch 6 it 1700/1704 loss 0.0687
[2026-04-29 18:09:18] INFO epoch 6 done in 64.2s lr=1.00e-04 avg_train_loss=0.0736
[2026-04-29 18:09:59] INFO epoch 6 val MAE(HU): 83.95
[2026-04-29 18:09:59] INFO new best MAE: 83.95 ¡æ saved best.pth
[2026-04-29 18:10:39] INFO epoch 7 it 50/1704 loss 0.0691
[2026-04-29 18:10:40] INFO epoch 7 it 100/1704 loss 0.0738
[2026-04-29 18:10:41] INFO epoch 7 it 150/1704 loss 0.0692
[2026-04-29 18:10:41] INFO epoch 7 it 200/1704 loss 0.0740
[2026-04-29 18:10:42] INFO epoch 7 it 250/1704 loss 0.0731
[2026-04-29 18:10:43] INFO epoch 7 it 300/1704 loss 0.0689
[2026-04-29 18:10:43] INFO epoch 7 it 350/1704 loss 0.0695
[2026-04-29 18:10:44] INFO epoch 7 it 400/1704 loss 0.0730
[2026-04-29 18:10:44] INFO epoch 7 it 450/1704 loss 0.0714
[2026-04-29 18:10:45] INFO epoch 7 it 500/1704 loss 0.0698
[2026-04-29 18:10:46] INFO epoch 7 it 550/1704 loss 0.0726
[2026-04-29 18:10:46] INFO epoch 7 it 600/1704 loss 0.0693
[2026-04-29 18:10:47] INFO epoch 7 it 650/1704 loss 0.0657
[2026-04-29 18:10:48] INFO epoch 7 it 700/1704 loss 0.0651
[2026-04-29 18:10:48] INFO epoch 7 it 750/1704 loss 0.0704
[2026-04-29 18:10:49] INFO epoch 7 it 800/1704 loss 0.0722
[2026-04-29 18:10:50] INFO epoch 7 it 850/1704 loss 0.0737
[2026-04-29 18:10:50] INFO epoch 7 it 900/1704 loss 0.0663
[2026-04-29 18:10:51] INFO epoch 7 it 950/1704 loss 0.0697
[2026-04-29 18:10:52] INFO epoch 7 it 1000/1704 loss 0.0696
[2026-04-29 18:10:52] INFO epoch 7 it 1050/1704 loss 0.0713
[2026-04-29 18:10:53] INFO epoch 7 it 1100/1704 loss 0.0690
[2026-04-29 18:10:54] INFO epoch 7 it 1150/1704 loss 0.0722
[2026-04-29 18:10:54] INFO epoch 7 it 1200/1704 loss 0.0718
[2026-04-29 18:10:55] INFO epoch 7 it 1250/1704 loss 0.0649
[2026-04-29 18:10:56] INFO epoch 7 it 1300/1704 loss 0.0686
[2026-04-29 18:10:56] INFO epoch 7 it 1350/1704 loss 0.0665
[2026-04-29 18:10:57] INFO epoch 7 it 1400/1704 loss 0.0691
[2026-04-29 18:10:58] INFO epoch 7 it 1450/1704 loss 0.0703
[2026-04-29 18:10:58] INFO epoch 7 it 1500/1704 loss 0.0643
[2026-04-29 18:10:59] INFO epoch 7 it 1550/1704 loss 0.0716
[2026-04-29 18:11:00] INFO epoch 7 it 1600/1704 loss 0.0668
[2026-04-29 18:11:00] INFO epoch 7 it 1650/1704 loss 0.0666
[2026-04-29 18:11:01] INFO epoch 7 it 1700/1704 loss 0.0696
[2026-04-29 18:11:02] INFO epoch 7 done in 63.1s lr=1.00e-04 avg_train_loss=0.0697
[2026-04-29 18:11:43] INFO epoch 7 val MAE(HU): 78.02
[2026-04-29 18:11:43] INFO new best MAE: 78.02 ¡æ saved best.pth
[2026-04-29 18:12:22] INFO epoch 8 it 50/1704 loss 0.0690
[2026-04-29 18:12:23] INFO epoch 8 it 100/1704 loss 0.0676
[2026-04-29 18:12:24] INFO epoch 8 it 150/1704 loss 0.0670
[2026-04-29 18:12:24] INFO epoch 8 it 200/1704 loss 0.0661
[2026-04-29 18:12:25] INFO epoch 8 it 250/1704 loss 0.0661
[2026-04-29 18:12:26] INFO epoch 8 it 300/1704 loss 0.0638
[2026-04-29 18:12:26] INFO epoch 8 it 350/1704 loss 0.0656
[2026-04-29 18:12:27] INFO epoch 8 it 400/1704 loss 0.0643
[2026-04-29 18:12:28] INFO epoch 8 it 450/1704 loss 0.0720
[2026-04-29 18:12:28] INFO epoch 8 it 500/1704 loss 0.0679
[2026-04-29 18:12:29] INFO epoch 8 it 550/1704 loss 0.0674
[2026-04-29 18:12:30] INFO epoch 8 it 600/1704 loss 0.0648
[2026-04-29 18:12:30] INFO epoch 8 it 650/1704 loss 0.0673
[2026-04-29 18:12:31] INFO epoch 8 it 700/1704 loss 0.0677
[2026-04-29 18:12:32] INFO epoch 8 it 750/1704 loss 0.0630
[2026-04-29 18:12:32] INFO epoch 8 it 800/1704 loss 0.0662
[2026-04-29 18:12:33] INFO epoch 8 it 850/1704 loss 0.0644
[2026-04-29 18:12:33] INFO epoch 8 it 900/1704 loss 0.0635
[2026-04-29 18:12:34] INFO epoch 8 it 950/1704 loss 0.0644
[2026-04-29 18:12:35] INFO epoch 8 it 1000/1704 loss 0.0604
[2026-04-29 18:12:35] INFO epoch 8 it 1050/1704 loss 0.0624
[2026-04-29 18:12:36] INFO epoch 8 it 1100/1704 loss 0.0667
[2026-04-29 18:12:37] INFO epoch 8 it 1150/1704 loss 0.0642
[2026-04-29 18:12:37] INFO epoch 8 it 1200/1704 loss 0.0651
[2026-04-29 18:12:38] INFO epoch 8 it 1250/1704 loss 0.0636
[2026-04-29 18:12:39] INFO epoch 8 it 1300/1704 loss 0.0647
[2026-04-29 18:12:39] INFO epoch 8 it 1350/1704 loss 0.0655
[2026-04-29 18:12:40] INFO epoch 8 it 1400/1704 loss 0.0637
[2026-04-29 18:12:41] INFO epoch 8 it 1450/1704 loss 0.0667
[2026-04-29 18:12:41] INFO epoch 8 it 1500/1704 loss 0.0625
[2026-04-29 18:12:42] INFO epoch 8 it 1550/1704 loss 0.0650
[2026-04-29 18:12:43] INFO epoch 8 it 1600/1704 loss 0.0635
[2026-04-29 18:12:43] INFO epoch 8 it 1650/1704 loss 0.0616
[2026-04-29 18:12:44] INFO epoch 8 it 1700/1704 loss 0.0646
[2026-04-29 18:12:45] INFO epoch 8 done in 62.5s lr=1.00e-04 avg_train_loss=0.0652
[2026-04-29 18:13:25] INFO epoch 8 val MAE(HU): 70.60
[2026-04-29 18:13:26] INFO new best MAE: 70.60 ¡æ saved best.pth
[2026-04-29 18:14:05] INFO epoch 9 it 50/1704 loss 0.0610
[2026-04-29 18:14:06] INFO epoch 9 it 100/1704 loss 0.0606
[2026-04-29 18:14:07] INFO epoch 9 it 150/1704 loss 0.0662
[2026-04-29 18:14:07] INFO epoch 9 it 200/1704 loss 0.0633
[2026-04-29 18:14:08] INFO epoch 9 it 250/1704 loss 0.0633
[2026-04-29 18:14:09] INFO epoch 9 it 300/1704 loss 0.0632
[2026-04-29 18:14:09] INFO epoch 9 it 350/1704 loss 0.0610
[2026-04-29 18:14:10] INFO epoch 9 it 400/1704 loss 0.0618
[2026-04-29 18:14:11] INFO epoch 9 it 450/1704 loss 0.0621
[2026-04-29 18:14:11] INFO epoch 9 it 500/1704 loss 0.0609
[2026-04-29 18:14:12] INFO epoch 9 it 550/1704 loss 0.0599
[2026-04-29 18:14:13] INFO epoch 9 it 600/1704 loss 0.0606
[2026-04-29 18:14:13] INFO epoch 9 it 650/1704 loss 0.0599
[2026-04-29 18:14:14] INFO epoch 9 it 700/1704 loss 0.0614
[2026-04-29 18:14:15] INFO epoch 9 it 750/1704 loss 0.0620
[2026-04-29 18:14:15] INFO epoch 9 it 800/1704 loss 0.0578
[2026-04-29 18:14:16] INFO epoch 9 it 850/1704 loss 0.0588
[2026-04-29 18:14:17] INFO epoch 9 it 900/1704 loss 0.0563
[2026-04-29 18:14:17] INFO epoch 9 it 950/1704 loss 0.0592
[2026-04-29 18:14:18] INFO epoch 9 it 1000/1704 loss 0.0571
[2026-04-29 18:14:18] INFO epoch 9 it 1050/1704 loss 0.0621
[2026-04-29 18:14:19] INFO epoch 9 it 1100/1704 loss 0.0566
[2026-04-29 18:14:20] INFO epoch 9 it 1150/1704 loss 0.0624
[2026-04-29 18:14:20] INFO epoch 9 it 1200/1704 loss 0.0600
[2026-04-29 18:14:21] INFO epoch 9 it 1250/1704 loss 0.0556
[2026-04-29 18:14:22] INFO epoch 9 it 1300/1704 loss 0.0599
[2026-04-29 18:14:22] INFO epoch 9 it 1350/1704 loss 0.0621
[2026-04-29 18:14:23] INFO epoch 9 it 1400/1704 loss 0.0577
[2026-04-29 18:14:24] INFO epoch 9 it 1450/1704 loss 0.0576
[2026-04-29 18:14:24] INFO epoch 9 it 1500/1704 loss 0.0572
[2026-04-29 18:14:25] INFO epoch 9 it 1550/1704 loss 0.0567
[2026-04-29 18:14:26] INFO epoch 9 it 1600/1704 loss 0.0574
[2026-04-29 18:14:26] INFO epoch 9 it 1650/1704 loss 0.0552
[2026-04-29 18:14:27] INFO epoch 9 it 1700/1704 loss 0.0564
[2026-04-29 18:14:29] INFO epoch 9 done in 62.7s lr=1.00e-04 avg_train_loss=0.0598
[2026-04-29 18:15:08] INFO epoch 9 val MAE(HU): 63.02
[2026-04-29 18:15:09] INFO new best MAE: 63.02 ¡æ saved best.pth
[2026-04-29 18:15:49] INFO epoch 10 it 50/1704 loss 0.0565
[2026-04-29 18:15:50] INFO epoch 10 it 100/1704 loss 0.0567
[2026-04-29 18:15:50] INFO epoch 10 it 150/1704 loss 0.0557
[2026-04-29 18:15:51] INFO epoch 10 it 200/1704 loss 0.0557
[2026-04-29 18:15:52] INFO epoch 10 it 250/1704 loss 0.0538
[2026-04-29 18:15:52] INFO epoch 10 it 300/1704 loss 0.0614
[2026-04-29 18:15:53] INFO epoch 10 it 350/1704 loss 0.0562
[2026-04-29 18:15:54] INFO epoch 10 it 400/1704 loss 0.0525
[2026-04-29 18:15:54] INFO epoch 10 it 450/1704 loss 0.0546
[2026-04-29 18:15:55] INFO epoch 10 it 500/1704 loss 0.0510
[2026-04-29 18:15:56] INFO epoch 10 it 550/1704 loss 0.0548
[2026-04-29 18:15:56] INFO epoch 10 it 600/1704 loss 0.0539
[2026-04-29 18:15:57] INFO epoch 10 it 650/1704 loss 0.0532
[2026-04-29 18:15:58] INFO epoch 10 it 700/1704 loss 0.0547
[2026-04-29 18:15:58] INFO epoch 10 it 750/1704 loss 0.0530
[2026-04-29 18:15:59] INFO epoch 10 it 800/1704 loss 0.0539
[2026-04-29 18:15:59] INFO epoch 10 it 850/1704 loss 0.0519
[2026-04-29 18:16:00] INFO epoch 10 it 900/1704 loss 0.0531
[2026-04-29 18:16:01] INFO epoch 10 it 950/1704 loss 0.0505
[2026-04-29 18:16:01] INFO epoch 10 it 1000/1704 loss 0.0525
[2026-04-29 18:16:02] INFO epoch 10 it 1050/1704 loss 0.0499
[2026-04-29 18:16:03] INFO epoch 10 it 1100/1704 loss 0.0510
[2026-04-29 18:16:03] INFO epoch 10 it 1150/1704 loss 0.0517
[2026-04-29 18:16:04] INFO epoch 10 it 1200/1704 loss 0.0523
[2026-04-29 18:16:05] INFO epoch 10 it 1250/1704 loss 0.0496
[2026-04-29 18:16:05] INFO epoch 10 it 1300/1704 loss 0.0498
[2026-04-29 18:16:06] INFO epoch 10 it 1350/1704 loss 0.0512
[2026-04-29 18:16:06] INFO epoch 10 it 1400/1704 loss 0.0500
[2026-04-29 18:16:07] INFO epoch 10 it 1450/1704 loss 0.0515
[2026-04-29 18:16:08] INFO epoch 10 it 1500/1704 loss 0.0493
[2026-04-29 18:16:08] INFO epoch 10 it 1550/1704 loss 0.0486
[2026-04-29 18:16:09] INFO epoch 10 it 1600/1704 loss 0.0490
[2026-04-29 18:16:10] INFO epoch 10 it 1650/1704 loss 0.0487
[2026-04-29 18:16:10] INFO epoch 10 it 1700/1704 loss 0.0501
[2026-04-29 18:16:12] INFO epoch 10 done in 63.0s lr=1.00e-04 avg_train_loss=0.0526
[2026-04-29 18:16:52] INFO epoch 10 val MAE(HU): 51.55
[2026-04-29 18:16:52] INFO new best MAE: 51.55 ¡æ saved best.pth
[2026-04-29 18:17:32] INFO epoch 11 it 50/1704 loss 0.0490
[2026-04-29 18:17:33] INFO epoch 11 it 100/1704 loss 0.0465
[2026-04-29 18:17:33] INFO epoch 11 it 150/1704 loss 0.0483
[2026-04-29 18:17:34] INFO epoch 11 it 200/1704 loss 0.0471
[2026-04-29 18:17:35] INFO epoch 11 it 250/1704 loss 0.0465
[2026-04-29 18:17:35] INFO epoch 11 it 300/1704 loss 0.0460
[2026-04-29 18:17:36] INFO epoch 11 it 350/1704 loss 0.0456
[2026-04-29 18:17:37] INFO epoch 11 it 400/1704 loss 0.0466
[2026-04-29 18:17:37] INFO epoch 11 it 450/1704 loss 0.0460
[2026-04-29 18:17:38] INFO epoch 11 it 500/1704 loss 0.0457
[2026-04-29 18:17:39] INFO epoch 11 it 550/1704 loss 0.0442
[2026-04-29 18:17:39] INFO epoch 11 it 600/1704 loss 0.0449
[2026-04-29 18:17:40] INFO epoch 11 it 650/1704 loss 0.0456
[2026-04-29 18:17:40] INFO epoch 11 it 700/1704 loss 0.0435
[2026-04-29 18:17:41] INFO epoch 11 it 750/1704 loss 0.0441
[2026-04-29 18:17:42] INFO epoch 11 it 800/1704 loss 0.0437
[2026-04-29 18:17:42] INFO epoch 11 it 850/1704 loss 0.0420
[2026-04-29 18:17:43] INFO epoch 11 it 900/1704 loss 0.0436
[2026-04-29 18:17:44] INFO epoch 11 it 950/1704 loss 0.0413
[2026-04-29 18:17:44] INFO epoch 11 it 1000/1704 loss 0.0431
[2026-04-29 18:17:45] INFO epoch 11 it 1050/1704 loss 0.0417
[2026-04-29 18:17:46] INFO epoch 11 it 1100/1704 loss 0.0430
[2026-04-29 18:17:46] INFO epoch 11 it 1150/1704 loss 0.0419
[2026-04-29 18:17:47] INFO epoch 11 it 1200/1704 loss 0.0414
[2026-04-29 18:17:48] INFO epoch 11 it 1250/1704 loss 0.0393
[2026-04-29 18:17:48] INFO epoch 11 it 1300/1704 loss 0.0412
[2026-04-29 18:17:49] INFO epoch 11 it 1350/1704 loss 0.0401
[2026-04-29 18:17:49] INFO epoch 11 it 1400/1704 loss 0.0393
[2026-04-29 18:17:50] INFO epoch 11 it 1450/1704 loss 0.0385
[2026-04-29 18:17:51] INFO epoch 11 it 1500/1704 loss 0.0365
[2026-04-29 18:17:51] INFO epoch 11 it 1550/1704 loss 0.0379
[2026-04-29 18:17:52] INFO epoch 11 it 1600/1704 loss 0.0376
[2026-04-29 18:17:53] INFO epoch 11 it 1650/1704 loss 0.0369
[2026-04-29 18:17:53] INFO epoch 11 it 1700/1704 loss 0.0365
[2026-04-29 18:17:55] INFO epoch 11 done in 62.8s lr=1.00e-04 avg_train_loss=0.0428
[2026-04-29 18:18:35] INFO epoch 11 val MAE(HU): 39.39
[2026-04-29 18:18:35] INFO new best MAE: 39.39 ¡æ saved best.pth
[2026-04-29 18:19:14] INFO epoch 12 it 50/1704 loss 0.0360
[2026-04-29 18:19:15] INFO epoch 12 it 100/1704 loss 0.0350
[2026-04-29 18:19:15] INFO epoch 12 it 150/1704 loss 0.0355
[2026-04-29 18:19:16] INFO epoch 12 it 200/1704 loss 0.0355
[2026-04-29 18:19:17] INFO epoch 12 it 250/1704 loss 0.0360
[2026-04-29 18:19:17] INFO epoch 12 it 300/1704 loss 0.0353
[2026-04-29 18:19:18] INFO epoch 12 it 350/1704 loss 0.0340
[2026-04-29 18:19:19] INFO epoch 12 it 400/1704 loss 0.0348
[2026-04-29 18:19:19] INFO epoch 12 it 450/1704 loss 0.0325
[2026-04-29 18:19:20] INFO epoch 12 it 500/1704 loss 0.0326
[2026-04-29 18:19:21] INFO epoch 12 it 550/1704 loss 0.0338
[2026-04-29 18:19:21] INFO epoch 12 it 600/1704 loss 0.0318
[2026-04-29 18:19:22] INFO epoch 12 it 650/1704 loss 0.0314
[2026-04-29 18:19:23] INFO epoch 12 it 700/1704 loss 0.0318
[2026-04-29 18:19:23] INFO epoch 12 it 750/1704 loss 0.0292
[2026-04-29 18:19:24] INFO epoch 12 it 800/1704 loss 0.0308
[2026-04-29 18:19:25] INFO epoch 12 it 850/1704 loss 0.0298
[2026-04-29 18:19:25] INFO epoch 12 it 900/1704 loss 0.0296
[2026-04-29 18:19:26] INFO epoch 12 it 950/1704 loss 0.0295
[2026-04-29 18:19:27] INFO epoch 12 it 1000/1704 loss 0.0287
[2026-04-29 18:19:27] INFO epoch 12 it 1050/1704 loss 0.0287
[2026-04-29 18:19:28] INFO epoch 12 it 1100/1704 loss 0.0277
[2026-04-29 18:19:29] INFO epoch 12 it 1150/1704 loss 0.0278
[2026-04-29 18:19:29] INFO epoch 12 it 1200/1704 loss 0.0268
[2026-04-29 18:19:30] INFO epoch 12 it 1250/1704 loss 0.0261
[2026-04-29 18:19:31] INFO epoch 12 it 1300/1704 loss 0.0272
[2026-04-29 18:19:31] INFO epoch 12 it 1350/1704 loss 0.0270
[2026-04-29 18:19:32] INFO epoch 12 it 1400/1704 loss 0.0259
[2026-04-29 18:19:33] INFO epoch 12 it 1450/1704 loss 0.0264
[2026-04-29 18:19:33] INFO epoch 12 it 1500/1704 loss 0.0251
[2026-04-29 18:19:34] INFO epoch 12 it 1550/1704 loss 0.0243
[2026-04-29 18:19:35] INFO epoch 12 it 1600/1704 loss 0.0258
[2026-04-29 18:19:35] INFO epoch 12 it 1650/1704 loss 0.0252
[2026-04-29 18:19:36] INFO epoch 12 it 1700/1704 loss 0.0256
[2026-04-29 18:19:38] INFO epoch 12 done in 62.3s lr=1.00e-04 avg_train_loss=0.0301
[2026-04-29 18:20:17] INFO epoch 12 val MAE(HU): 27.89
[2026-04-29 18:20:18] INFO new best MAE: 27.89 ¡æ saved best.pth
[2026-04-29 18:20:57] INFO epoch 13 it 50/1704 loss 0.0256
[2026-04-29 18:20:58] INFO epoch 13 it 100/1704 loss 0.0260
[2026-04-29 18:20:59] INFO epoch 13 it 150/1704 loss 0.0247
[2026-04-29 18:20:59] INFO epoch 13 it 200/1704 loss 0.0247
[2026-04-29 18:21:00] INFO epoch 13 it 250/1704 loss 0.0252
[2026-04-29 18:21:01] INFO epoch 13 it 300/1704 loss 0.0248
[2026-04-29 18:21:01] INFO epoch 13 it 350/1704 loss 0.0259
[2026-04-29 18:21:02] INFO epoch 13 it 400/1704 loss 0.0252
[2026-04-29 18:21:03] INFO epoch 13 it 450/1704 loss 0.0242
[2026-04-29 18:21:03] INFO epoch 13 it 500/1704 loss 0.0247
[2026-04-29 18:21:04] INFO epoch 13 it 550/1704 loss 0.0257
[2026-04-29 18:21:05] INFO epoch 13 it 600/1704 loss 0.0251
[2026-04-29 18:21:05] INFO epoch 13 it 650/1704 loss 0.0253
[2026-04-29 18:21:06] INFO epoch 13 it 700/1704 loss 0.0257
[2026-04-29 18:21:07] INFO epoch 13 it 750/1704 loss 0.0249
[2026-04-29 18:21:07] INFO epoch 13 it 800/1704 loss 0.0248
[2026-04-29 18:21:08] INFO epoch 13 it 850/1704 loss 0.0254
[2026-04-29 18:21:09] INFO epoch 13 it 900/1704 loss 0.0254
[2026-04-29 18:21:09] INFO epoch 13 it 950/1704 loss 0.0249
[2026-04-29 18:21:10] INFO epoch 13 it 1000/1704 loss 0.0242
[2026-04-29 18:21:11] INFO epoch 13 it 1050/1704 loss 0.0241
[2026-04-29 18:21:11] INFO epoch 13 it 1100/1704 loss 0.0237
[2026-04-29 18:21:12] INFO epoch 13 it 1150/1704 loss 0.0247
[2026-04-29 18:21:12] INFO epoch 13 it 1200/1704 loss 0.0242
[2026-04-29 18:21:13] INFO epoch 13 it 1250/1704 loss 0.0241
[2026-04-29 18:21:14] INFO epoch 13 it 1300/1704 loss 0.0247
[2026-04-29 18:21:14] INFO epoch 13 it 1350/1704 loss 0.0253
[2026-04-29 18:21:15] INFO epoch 13 it 1400/1704 loss 0.0243
[2026-04-29 18:21:16] INFO epoch 13 it 1450/1704 loss 0.0248
[2026-04-29 18:21:16] INFO epoch 13 it 1500/1704 loss 0.0255
[2026-04-29 18:21:17] INFO epoch 13 it 1550/1704 loss 0.0238
[2026-04-29 18:21:18] INFO epoch 13 it 1600/1704 loss 0.0242
[2026-04-29 18:21:18] INFO epoch 13 it 1650/1704 loss 0.0241
[2026-04-29 18:21:19] INFO epoch 13 it 1700/1704 loss 0.0251
[2026-04-29 18:21:20] INFO epoch 13 done in 62.7s lr=1.00e-04 avg_train_loss=0.0248
[2026-04-29 18:22:00] INFO epoch 13 val MAE(HU): 27.77
[2026-04-29 18:22:00] INFO new best MAE: 27.77 ¡æ saved best.pth
[2026-04-29 18:22:40] INFO epoch 14 it 50/1704 loss 0.0241
[2026-04-29 18:22:41] INFO epoch 14 it 100/1704 loss 0.0235
[2026-04-29 18:22:42] INFO epoch 14 it 150/1704 loss 0.0246
[2026-04-29 18:22:42] INFO epoch 14 it 200/1704 loss 0.0251
[2026-04-29 18:22:43] INFO epoch 14 it 250/1704 loss 0.0248
[2026-04-29 18:22:44] INFO epoch 14 it 300/1704 loss 0.0245
[2026-04-29 18:22:44] INFO epoch 14 it 350/1704 loss 0.0241
[2026-04-29 18:22:45] INFO epoch 14 it 400/1704 loss 0.0245
[2026-04-29 18:22:46] INFO epoch 14 it 450/1704 loss 0.0240
[2026-04-29 18:22:46] INFO epoch 14 it 500/1704 loss 0.0252
[2026-04-29 18:22:47] INFO epoch 14 it 550/1704 loss 0.0242
[2026-04-29 18:22:48] INFO epoch 14 it 600/1704 loss 0.0246
[2026-04-29 18:22:48] INFO epoch 14 it 650/1704 loss 0.0241
[2026-04-29 18:22:49] INFO epoch 14 it 700/1704 loss 0.0251
[2026-04-29 18:22:50] INFO epoch 14 it 750/1704 loss 0.0248
[2026-04-29 18:22:50] INFO epoch 14 it 800/1704 loss 0.0241
[2026-04-29 18:22:51] INFO epoch 14 it 850/1704 loss 0.0239
[2026-04-29 18:22:52] INFO epoch 14 it 900/1704 loss 0.0241
[2026-04-29 18:22:52] INFO epoch 14 it 950/1704 loss 0.0238
[2026-04-29 18:22:53] INFO epoch 14 it 1000/1704 loss 0.0241
[2026-04-29 18:22:54] INFO epoch 14 it 1050/1704 loss 0.0240
[2026-04-29 18:22:54] INFO epoch 14 it 1100/1704 loss 0.0243
[2026-04-29 18:22:55] INFO epoch 14 it 1150/1704 loss 0.0244
[2026-04-29 18:22:56] INFO epoch 14 it 1200/1704 loss 0.0237
[2026-04-29 18:22:56] INFO epoch 14 it 1250/1704 loss 0.0247
[2026-04-29 18:22:57] INFO epoch 14 it 1300/1704 loss 0.0246
[2026-04-29 18:22:57] INFO epoch 14 it 1350/1704 loss 0.0237
[2026-04-29 18:22:58] INFO epoch 14 it 1400/1704 loss 0.0237
[2026-04-29 18:22:59] INFO epoch 14 it 1450/1704 loss 0.0243
[2026-04-29 18:22:59] INFO epoch 14 it 1500/1704 loss 0.0249
[2026-04-29 18:23:00] INFO epoch 14 it 1550/1704 loss 0.0235
[2026-04-29 18:23:01] INFO epoch 14 it 1600/1704 loss 0.0241
[2026-04-29 18:23:02] INFO epoch 14 it 1650/1704 loss 0.0240
[2026-04-29 18:23:02] INFO epoch 14 it 1700/1704 loss 0.0242
[2026-04-29 18:23:04] INFO epoch 14 done in 63.2s lr=9.99e-05 avg_train_loss=0.0243
[2026-04-29 18:23:44] INFO epoch 14 val MAE(HU): 27.66
[2026-04-29 18:23:44] INFO new best MAE: 27.66 ¡æ saved best.pth
[2026-04-29 18:24:25] INFO epoch 15 it 50/1704 loss 0.0243
[2026-04-29 18:24:25] INFO epoch 15 it 100/1704 loss 0.0241
[2026-04-29 18:24:26] INFO epoch 15 it 150/1704 loss 0.0242
[2026-04-29 18:24:27] INFO epoch 15 it 200/1704 loss 0.0231
[2026-04-29 18:24:27] INFO epoch 15 it 250/1704 loss 0.0246
[2026-04-29 18:24:28] INFO epoch 15 it 300/1704 loss 0.0245
[2026-04-29 18:24:29] INFO epoch 15 it 350/1704 loss 0.0238
[2026-04-29 18:24:29] INFO epoch 15 it 400/1704 loss 0.0228
[2026-04-29 18:24:30] INFO epoch 15 it 450/1704 loss 0.0231
[2026-04-29 18:24:31] INFO epoch 15 it 500/1704 loss 0.0235
[2026-04-29 18:24:31] INFO epoch 15 it 550/1704 loss 0.0236
[2026-04-29 18:24:32] INFO epoch 15 it 600/1704 loss 0.0238
[2026-04-29 18:24:33] INFO epoch 15 it 650/1704 loss 0.0238
[2026-04-29 18:24:33] INFO epoch 15 it 700/1704 loss 0.0237
[2026-04-29 18:24:34] INFO epoch 15 it 750/1704 loss 0.0238
[2026-04-29 18:24:34] INFO epoch 15 it 800/1704 loss 0.0231
[2026-04-29 18:24:35] INFO epoch 15 it 850/1704 loss 0.0243
[2026-04-29 18:24:36] INFO epoch 15 it 900/1704 loss 0.0236
[2026-04-29 18:24:36] INFO epoch 15 it 950/1704 loss 0.0235
[2026-04-29 18:24:37] INFO epoch 15 it 1000/1704 loss 0.0236
[2026-04-29 18:24:38] INFO epoch 15 it 1050/1704 loss 0.0231
[2026-04-29 18:24:38] INFO epoch 15 it 1100/1704 loss 0.0239
[2026-04-29 18:24:39] INFO epoch 15 it 1150/1704 loss 0.0240
[2026-04-29 18:24:40] INFO epoch 15 it 1200/1704 loss 0.0232
[2026-04-29 18:24:40] INFO epoch 15 it 1250/1704 loss 0.0238
[2026-04-29 18:24:41] INFO epoch 15 it 1300/1704 loss 0.0228
[2026-04-29 18:24:42] INFO epoch 15 it 1350/1704 loss 0.0241
[2026-04-29 18:24:42] INFO epoch 15 it 1400/1704 loss 0.0238
[2026-04-29 18:24:43] INFO epoch 15 it 1450/1704 loss 0.0234
[2026-04-29 18:24:43] INFO epoch 15 it 1500/1704 loss 0.0245
[2026-04-29 18:24:44] INFO epoch 15 it 1550/1704 loss 0.0241
[2026-04-29 18:24:45] INFO epoch 15 it 1600/1704 loss 0.0248
[2026-04-29 18:24:45] INFO epoch 15 it 1650/1704 loss 0.0243
[2026-04-29 18:24:46] INFO epoch 15 it 1700/1704 loss 0.0237
[2026-04-29 18:24:48] INFO epoch 15 done in 63.3s lr=9.99e-05 avg_train_loss=0.0238
[2026-04-29 18:25:28] INFO epoch 15 val MAE(HU): 27.35
[2026-04-29 18:25:28] INFO new best MAE: 27.35 ¡æ saved best.pth
[2026-04-29 18:26:08] INFO epoch 16 it 50/1704 loss 0.0242
[2026-04-29 18:26:08] INFO epoch 16 it 100/1704 loss 0.0238
[2026-04-29 18:26:09] INFO epoch 16 it 150/1704 loss 0.0244
[2026-04-29 18:26:10] INFO epoch 16 it 200/1704 loss 0.0224
[2026-04-29 18:26:10] INFO epoch 16 it 250/1704 loss 0.0228
[2026-04-29 18:26:11] INFO epoch 16 it 300/1704 loss 0.0234
[2026-04-29 18:26:12] INFO epoch 16 it 350/1704 loss 0.0235
[2026-04-29 18:26:12] INFO epoch 16 it 400/1704 loss 0.0239
[2026-04-29 18:26:13] INFO epoch 16 it 450/1704 loss 0.0235
[2026-04-29 18:26:14] INFO epoch 16 it 500/1704 loss 0.0243
[2026-04-29 18:26:14] INFO epoch 16 it 550/1704 loss 0.0241
[2026-04-29 18:26:15] INFO epoch 16 it 600/1704 loss 0.0238
[2026-04-29 18:26:16] INFO epoch 16 it 650/1704 loss 0.0235
[2026-04-29 18:26:16] INFO epoch 16 it 700/1704 loss 0.0230
[2026-04-29 18:26:17] INFO epoch 16 it 750/1704 loss 0.0231
[2026-04-29 18:26:18] INFO epoch 16 it 800/1704 loss 0.0234
[2026-04-29 18:26:18] INFO epoch 16 it 850/1704 loss 0.0240
[2026-04-29 18:26:19] INFO epoch 16 it 900/1704 loss 0.0231
[2026-04-29 18:26:20] INFO epoch 16 it 950/1704 loss 0.0226
[2026-04-29 18:26:20] INFO epoch 16 it 1000/1704 loss 0.0234
[2026-04-29 18:26:21] INFO epoch 16 it 1050/1704 loss 0.0239
[2026-04-29 18:26:22] INFO epoch 16 it 1100/1704 loss 0.0233
[2026-04-29 18:26:22] INFO epoch 16 it 1150/1704 loss 0.0236
[2026-04-29 18:26:23] INFO epoch 16 it 1200/1704 loss 0.0237
[2026-04-29 18:26:24] INFO epoch 16 it 1250/1704 loss 0.0237
[2026-04-29 18:26:24] INFO epoch 16 it 1300/1704 loss 0.0228
[2026-04-29 18:26:25] INFO epoch 16 it 1350/1704 loss 0.0237
[2026-04-29 18:26:26] INFO epoch 16 it 1400/1704 loss 0.0226
[2026-04-29 18:26:26] INFO epoch 16 it 1450/1704 loss 0.0218
[2026-04-29 18:26:27] INFO epoch 16 it 1500/1704 loss 0.0226
[2026-04-29 18:26:27] INFO epoch 16 it 1550/1704 loss 0.0228
[2026-04-29 18:26:28] INFO epoch 16 it 1600/1704 loss 0.0230
[2026-04-29 18:26:29] INFO epoch 16 it 1650/1704 loss 0.0229
[2026-04-29 18:26:29] INFO epoch 16 it 1700/1704 loss 0.0242
[2026-04-29 18:26:31] INFO epoch 16 done in 63.0s lr=9.99e-05 avg_train_loss=0.0234
[2026-04-29 18:27:11] INFO epoch 16 val MAE(HU): 27.28
[2026-04-29 18:27:11] INFO new best MAE: 27.28 ¡æ saved best.pth
[2026-04-29 18:27:51] INFO epoch 17 it 50/1704 loss 0.0238
[2026-04-29 18:27:52] INFO epoch 17 it 100/1704 loss 0.0232
[2026-04-29 18:27:52] INFO epoch 17 it 150/1704 loss 0.0235
[2026-04-29 18:27:53] INFO epoch 17 it 200/1704 loss 0.0245
[2026-04-29 18:27:54] INFO epoch 17 it 250/1704 loss 0.0240
[2026-04-29 18:27:55] INFO epoch 17 it 300/1704 loss 0.0233
[2026-04-29 18:27:55] INFO epoch 17 it 350/1704 loss 0.0228
[2026-04-29 18:27:56] INFO epoch 17 it 400/1704 loss 0.0238
[2026-04-29 18:27:57] INFO epoch 17 it 450/1704 loss 0.0226
[2026-04-29 18:27:57] INFO epoch 17 it 500/1704 loss 0.0227
[2026-04-29 18:27:58] INFO epoch 17 it 550/1704 loss 0.0232
[2026-04-29 18:27:59] INFO epoch 17 it 600/1704 loss 0.0229
[2026-04-29 18:27:59] INFO epoch 17 it 650/1704 loss 0.0227
[2026-04-29 18:28:00] INFO epoch 17 it 700/1704 loss 0.0233
[2026-04-29 18:28:01] INFO epoch 17 it 750/1704 loss 0.0224
[2026-04-29 18:28:01] INFO epoch 17 it 800/1704 loss 0.0234
[2026-04-29 18:28:02] INFO epoch 17 it 850/1704 loss 0.0236
[2026-04-29 18:28:02] INFO epoch 17 it 900/1704 loss 0.0234
[2026-04-29 18:28:03] INFO epoch 17 it 950/1704 loss 0.0229
[2026-04-29 18:28:04] INFO epoch 17 it 1000/1704 loss 0.0229
[2026-04-29 18:28:05] INFO epoch 17 it 1050/1704 loss 0.0226
[2026-04-29 18:28:05] INFO epoch 17 it 1100/1704 loss 0.0226
[2026-04-29 18:28:06] INFO epoch 17 it 1150/1704 loss 0.0228
[2026-04-29 18:28:07] INFO epoch 17 it 1200/1704 loss 0.0227
[2026-04-29 18:28:07] INFO epoch 17 it 1250/1704 loss 0.0235
[2026-04-29 18:28:08] INFO epoch 17 it 1300/1704 loss 0.0236
[2026-04-29 18:28:08] INFO epoch 17 it 1350/1704 loss 0.0224
[2026-04-29 18:28:09] INFO epoch 17 it 1400/1704 loss 0.0237
[2026-04-29 18:28:10] INFO epoch 17 it 1450/1704 loss 0.0229
[2026-04-29 18:28:10] INFO epoch 17 it 1500/1704 loss 0.0220
[2026-04-29 18:28:11] INFO epoch 17 it 1550/1704 loss 0.0228
[2026-04-29 18:28:12] INFO epoch 17 it 1600/1704 loss 0.0230
[2026-04-29 18:28:12] INFO epoch 17 it 1650/1704 loss 0.0232
[2026-04-29 18:28:13] INFO epoch 17 it 1700/1704 loss 0.0216
[2026-04-29 18:28:15] INFO epoch 17 done in 63.3s lr=9.99e-05 avg_train_loss=0.0231
[2026-04-29 18:28:55] INFO epoch 17 val MAE(HU): 27.11
[2026-04-29 18:28:55] INFO new best MAE: 27.11 ¡æ saved best.pth
[2026-04-29 18:29:35] INFO epoch 18 it 50/1704 loss 0.0234
[2026-04-29 18:29:36] INFO epoch 18 it 100/1704 loss 0.0232
[2026-04-29 18:29:37] INFO epoch 18 it 150/1704 loss 0.0218
[2026-04-29 18:29:37] INFO epoch 18 it 200/1704 loss 0.0224
[2026-04-29 18:29:38] INFO epoch 18 it 250/1704 loss 0.0241
[2026-04-29 18:29:39] INFO epoch 18 it 300/1704 loss 0.0231
[2026-04-29 18:29:39] INFO epoch 18 it 350/1704 loss 0.0227
[2026-04-29 18:29:40] INFO epoch 18 it 400/1704 loss 0.0228
[2026-04-29 18:29:41] INFO epoch 18 it 450/1704 loss 0.0224
[2026-04-29 18:29:41] INFO epoch 18 it 500/1704 loss 0.0230
[2026-04-29 18:29:42] INFO epoch 18 it 550/1704 loss 0.0225
[2026-04-29 18:29:43] INFO epoch 18 it 600/1704 loss 0.0224
[2026-04-29 18:29:43] INFO epoch 18 it 650/1704 loss 0.0229
[2026-04-29 18:29:44] INFO epoch 18 it 700/1704 loss 0.0225
[2026-04-29 18:29:45] INFO epoch 18 it 750/1704 loss 0.0225
[2026-04-29 18:29:45] INFO epoch 18 it 800/1704 loss 0.0225
[2026-04-29 18:29:46] INFO epoch 18 it 850/1704 loss 0.0225
[2026-04-29 18:29:47] INFO epoch 18 it 900/1704 loss 0.0234
[2026-04-29 18:29:47] INFO epoch 18 it 950/1704 loss 0.0223
[2026-04-29 18:29:48] INFO epoch 18 it 1000/1704 loss 0.0223
[2026-04-29 18:29:49] INFO epoch 18 it 1050/1704 loss 0.0222
[2026-04-29 18:29:49] INFO epoch 18 it 1100/1704 loss 0.0232
[2026-04-29 18:29:50] INFO epoch 18 it 1150/1704 loss 0.0225
[2026-04-29 18:29:51] INFO epoch 18 it 1200/1704 loss 0.0229
[2026-04-29 18:29:51] INFO epoch 18 it 1250/1704 loss 0.0230
[2026-04-29 18:29:52] INFO epoch 18 it 1300/1704 loss 0.0235
[2026-04-29 18:29:52] INFO epoch 18 it 1350/1704 loss 0.0236
[2026-04-29 18:29:53] INFO epoch 18 it 1400/1704 loss 0.0224
[2026-04-29 18:29:54] INFO epoch 18 it 1450/1704 loss 0.0219
[2026-04-29 18:29:54] INFO epoch 18 it 1500/1704 loss 0.0223
[2026-04-29 18:29:55] INFO epoch 18 it 1550/1704 loss 0.0229
[2026-04-29 18:29:56] INFO epoch 18 it 1600/1704 loss 0.0225
[2026-04-29 18:29:56] INFO epoch 18 it 1650/1704 loss 0.0223
[2026-04-29 18:29:57] INFO epoch 18 it 1700/1704 loss 0.0221
[2026-04-29 18:29:59] INFO epoch 18 done in 63.0s lr=9.99e-05 avg_train_loss=0.0227
[2026-04-29 18:30:39] INFO epoch 18 val MAE(HU): 27.23
[2026-04-29 18:31:21] INFO epoch 19 it 50/1704 loss 0.0228
[2026-04-29 18:31:21] INFO epoch 19 it 100/1704 loss 0.0231
[2026-04-29 18:31:22] INFO epoch 19 it 150/1704 loss 0.0223
[2026-04-29 18:31:23] INFO epoch 19 it 200/1704 loss 0.0227
[2026-04-29 18:31:23] INFO epoch 19 it 250/1704 loss 0.0221
[2026-04-29 18:31:24] INFO epoch 19 it 300/1704 loss 0.0218
[2026-04-29 18:31:25] INFO epoch 19 it 350/1704 loss 0.0230
[2026-04-29 18:31:25] INFO epoch 19 it 400/1704 loss 0.0224
[2026-04-29 18:31:26] INFO epoch 19 it 450/1704 loss 0.0227
[2026-04-29 18:31:27] INFO epoch 19 it 500/1704 loss 0.0216
[2026-04-29 18:31:27] INFO epoch 19 it 550/1704 loss 0.0223
[2026-04-29 18:31:28] INFO epoch 19 it 600/1704 loss 0.0225
[2026-04-29 18:31:29] INFO epoch 19 it 650/1704 loss 0.0224
[2026-04-29 18:31:29] INFO epoch 19 it 700/1704 loss 0.0225
[2026-04-29 18:31:30] INFO epoch 19 it 750/1704 loss 0.0233
[2026-04-29 18:31:31] INFO epoch 19 it 800/1704 loss 0.0227
[2026-04-29 18:31:31] INFO epoch 19 it 850/1704 loss 0.0223
[2026-04-29 18:31:32] INFO epoch 19 it 900/1704 loss 0.0223
[2026-04-29 18:31:33] INFO epoch 19 it 950/1704 loss 0.0229
[2026-04-29 18:31:33] INFO epoch 19 it 1000/1704 loss 0.0228
[2026-04-29 18:31:34] INFO epoch 19 it 1050/1704 loss 0.0226
[2026-04-29 18:31:35] INFO epoch 19 it 1100/1704 loss 0.0222
[2026-04-29 18:31:36] INFO epoch 19 it 1150/1704 loss 0.0216
[2026-04-29 18:31:36] INFO epoch 19 it 1200/1704 loss 0.0218
[2026-04-29 18:31:37] INFO epoch 19 it 1250/1704 loss 0.0231
[2026-04-29 18:31:38] INFO epoch 19 it 1300/1704 loss 0.0225
[2026-04-29 18:31:38] INFO epoch 19 it 1350/1704 loss 0.0218
[2026-04-29 18:31:39] INFO epoch 19 it 1400/1704 loss 0.0222
[2026-04-29 18:31:40] INFO epoch 19 it 1450/1704 loss 0.0216
[2026-04-29 18:31:40] INFO epoch 19 it 1500/1704 loss 0.0224
[2026-04-29 18:31:41] INFO epoch 19 it 1550/1704 loss 0.0227
[2026-04-29 18:31:41] INFO epoch 19 it 1600/1704 loss 0.0222
[2026-04-29 18:31:42] INFO epoch 19 it 1650/1704 loss 0.0223
[2026-04-29 18:31:43] INFO epoch 19 it 1700/1704 loss 0.0220
[2026-04-29 18:31:44] INFO epoch 19 done in 64.8s lr=9.99e-05 avg_train_loss=0.0224
[2026-04-29 18:32:26] INFO epoch 19 val MAE(HU): 27.04
[2026-04-29 18:32:26] INFO new best MAE: 27.04 ¡æ saved best.pth
[2026-04-29 18:33:08] INFO epoch 20 it 50/1704 loss 0.0220
[2026-04-29 18:33:09] INFO epoch 20 it 100/1704 loss 0.0216
[2026-04-29 18:33:09] INFO epoch 20 it 150/1704 loss 0.0218
[2026-04-29 18:33:10] INFO epoch 20 it 200/1704 loss 0.0222
[2026-04-29 18:33:11] INFO epoch 20 it 250/1704 loss 0.0218
[2026-04-29 18:33:11] INFO epoch 20 it 300/1704 loss 0.0214
[2026-04-29 18:33:12] INFO epoch 20 it 350/1704 loss 0.0221
[2026-04-29 18:33:13] INFO epoch 20 it 400/1704 loss 0.0227
[2026-04-29 18:33:13] INFO epoch 20 it 450/1704 loss 0.0217
[2026-04-29 18:33:14] INFO epoch 20 it 500/1704 loss 0.0228
[2026-04-29 18:33:15] INFO epoch 20 it 550/1704 loss 0.0229
[2026-04-29 18:33:16] INFO epoch 20 it 600/1704 loss 0.0230
[2026-04-29 18:33:16] INFO epoch 20 it 650/1704 loss 0.0219
[2026-04-29 18:33:17] INFO epoch 20 it 700/1704 loss 0.0216
[2026-04-29 18:33:18] INFO epoch 20 it 750/1704 loss 0.0217
[2026-04-29 18:33:18] INFO epoch 20 it 800/1704 loss 0.0221
[2026-04-29 18:33:19] INFO epoch 20 it 850/1704 loss 0.0220
[2026-04-29 18:33:19] INFO epoch 20 it 900/1704 loss 0.0217
[2026-04-29 18:33:20] INFO epoch 20 it 950/1704 loss 0.0219
[2026-04-29 18:33:21] INFO epoch 20 it 1000/1704 loss 0.0223
[2026-04-29 18:33:21] INFO epoch 20 it 1050/1704 loss 0.0227
[2026-04-29 18:33:22] INFO epoch 20 it 1100/1704 loss 0.0216
[2026-04-29 18:33:23] INFO epoch 20 it 1150/1704 loss 0.0226
[2026-04-29 18:33:23] INFO epoch 20 it 1200/1704 loss 0.0227
[2026-04-29 18:33:24] INFO epoch 20 it 1250/1704 loss 0.0221
[2026-04-29 18:33:25] INFO epoch 20 it 1300/1704 loss 0.0226
[2026-04-29 18:33:25] INFO epoch 20 it 1350/1704 loss 0.0214
[2026-04-29 18:33:26] INFO epoch 20 it 1400/1704 loss 0.0215
[2026-04-29 18:33:27] INFO epoch 20 it 1450/1704 loss 0.0214
[2026-04-29 18:33:27] INFO epoch 20 it 1500/1704 loss 0.0221
[2026-04-29 18:33:28] INFO epoch 20 it 1550/1704 loss 0.0225
[2026-04-29 18:33:29] INFO epoch 20 it 1600/1704 loss 0.0218
[2026-04-29 18:33:30] INFO epoch 20 it 1650/1704 loss 0.0222
[2026-04-29 18:33:30] INFO epoch 20 it 1700/1704 loss 0.0220
[2026-04-29 18:33:32] INFO epoch 20 done in 65.6s lr=9.99e-05 avg_train_loss=0.0221
[2026-04-29 18:34:12] INFO epoch 20 val MAE(HU): 27.06
[2026-04-29 18:34:53] INFO epoch 21 it 50/1704 loss 0.0213
[2026-04-29 18:34:54] INFO epoch 21 it 100/1704 loss 0.0212
[2026-04-29 18:34:54] INFO epoch 21 it 150/1704 loss 0.0227
[2026-04-29 18:34:55] INFO epoch 21 it 200/1704 loss 0.0217
[2026-04-29 18:34:56] INFO epoch 21 it 250/1704 loss 0.0226
[2026-04-29 18:34:56] INFO epoch 21 it 300/1704 loss 0.0221
[2026-04-29 18:34:57] INFO epoch 21 it 350/1704 loss 0.0215
[2026-04-29 18:34:58] INFO epoch 21 it 400/1704 loss 0.0212
[2026-04-29 18:34:58] INFO epoch 21 it 450/1704 loss 0.0216
[2026-04-29 18:34:59] INFO epoch 21 it 500/1704 loss 0.0220
[2026-04-29 18:34:59] INFO epoch 21 it 550/1704 loss 0.0231
[2026-04-29 18:35:00] INFO epoch 21 it 600/1704 loss 0.0216
[2026-04-29 18:35:01] INFO epoch 21 it 650/1704 loss 0.0227
[2026-04-29 18:35:01] INFO epoch 21 it 700/1704 loss 0.0219
[2026-04-29 18:35:02] INFO epoch 21 it 750/1704 loss 0.0216
[2026-04-29 18:35:03] INFO epoch 21 it 800/1704 loss 0.0215
[2026-04-29 18:35:03] INFO epoch 21 it 850/1704 loss 0.0213
[2026-04-29 18:35:04] INFO epoch 21 it 900/1704 loss 0.0215
[2026-04-29 18:35:05] INFO epoch 21 it 950/1704 loss 0.0216
[2026-04-29 18:35:05] INFO epoch 21 it 1000/1704 loss 0.0215
[2026-04-29 18:35:06] INFO epoch 21 it 1050/1704 loss 0.0210
[2026-04-29 18:35:07] INFO epoch 21 it 1100/1704 loss 0.0222
[2026-04-29 18:35:07] INFO epoch 21 it 1150/1704 loss 0.0217
[2026-04-29 18:35:08] INFO epoch 21 it 1200/1704 loss 0.0225
[2026-04-29 18:35:08] INFO epoch 21 it 1250/1704 loss 0.0223
[2026-04-29 18:35:09] INFO epoch 21 it 1300/1704 loss 0.0210
[2026-04-29 18:35:10] INFO epoch 21 it 1350/1704 loss 0.0213
[2026-04-29 18:35:10] INFO epoch 21 it 1400/1704 loss 0.0222
[2026-04-29 18:35:11] INFO epoch 21 it 1450/1704 loss 0.0218
[2026-04-29 18:35:12] INFO epoch 21 it 1500/1704 loss 0.0209
[2026-04-29 18:35:12] INFO epoch 21 it 1550/1704 loss 0.0213
[2026-04-29 18:35:13] INFO epoch 21 it 1600/1704 loss 0.0219
[2026-04-29 18:35:14] INFO epoch 21 it 1650/1704 loss 0.0214
[2026-04-29 18:35:14] INFO epoch 21 it 1700/1704 loss 0.0219
[2026-04-29 18:35:16] INFO epoch 21 done in 63.2s lr=9.99e-05 avg_train_loss=0.0217
[2026-04-29 18:35:57] INFO epoch 21 val MAE(HU): 26.55
[2026-04-29 18:35:57] INFO new best MAE: 26.55 ¡æ saved best.pth
[2026-04-29 18:36:37] INFO epoch 22 it 50/1704 loss 0.0216
[2026-04-29 18:36:38] INFO epoch 22 it 100/1704 loss 0.0217
[2026-04-29 18:36:39] INFO epoch 22 it 150/1704 loss 0.0213
[2026-04-29 18:36:39] INFO epoch 22 it 200/1704 loss 0.0228
[2026-04-29 18:36:40] INFO epoch 22 it 250/1704 loss 0.0213
[2026-04-29 18:36:41] INFO epoch 22 it 300/1704 loss 0.0214
[2026-04-29 18:36:41] INFO epoch 22 it 350/1704 loss 0.0212
[2026-04-29 18:36:42] INFO epoch 22 it 400/1704 loss 0.0217
[2026-04-29 18:36:42] INFO epoch 22 it 450/1704 loss 0.0216
[2026-04-29 18:36:43] INFO epoch 22 it 500/1704 loss 0.0211
[2026-04-29 18:36:44] INFO epoch 22 it 550/1704 loss 0.0216
[2026-04-29 18:36:44] INFO epoch 22 it 600/1704 loss 0.0220
[2026-04-29 18:36:45] INFO epoch 22 it 650/1704 loss 0.0211
[2026-04-29 18:36:46] INFO epoch 22 it 700/1704 loss 0.0216
[2026-04-29 18:36:46] INFO epoch 22 it 750/1704 loss 0.0219
[2026-04-29 18:36:47] INFO epoch 22 it 800/1704 loss 0.0215
[2026-04-29 18:36:48] INFO epoch 22 it 850/1704 loss 0.0215
[2026-04-29 18:36:48] INFO epoch 22 it 900/1704 loss 0.0211
[2026-04-29 18:36:49] INFO epoch 22 it 950/1704 loss 0.0216
[2026-04-29 18:36:50] INFO epoch 22 it 1000/1704 loss 0.0213
[2026-04-29 18:36:50] INFO epoch 22 it 1050/1704 loss 0.0213
[2026-04-29 18:36:51] INFO epoch 22 it 1100/1704 loss 0.0225
[2026-04-29 18:36:52] INFO epoch 22 it 1150/1704 loss 0.0217
[2026-04-29 18:36:52] INFO epoch 22 it 1200/1704 loss 0.0203
[2026-04-29 18:36:53] INFO epoch 22 it 1250/1704 loss 0.0210
[2026-04-29 18:36:54] INFO epoch 22 it 1300/1704 loss 0.0212
[2026-04-29 18:36:54] INFO epoch 22 it 1350/1704 loss 0.0219
[2026-04-29 18:36:55] INFO epoch 22 it 1400/1704 loss 0.0215
[2026-04-29 18:36:56] INFO epoch 22 it 1450/1704 loss 0.0215
[2026-04-29 18:36:56] INFO epoch 22 it 1500/1704 loss 0.0209
[2026-04-29 18:36:57] INFO epoch 22 it 1550/1704 loss 0.0220
[2026-04-29 18:36:58] INFO epoch 22 it 1600/1704 loss 0.0210
[2026-04-29 18:36:58] INFO epoch 22 it 1650/1704 loss 0.0213
[2026-04-29 18:36:59] INFO epoch 22 it 1700/1704 loss 0.0218
[2026-04-29 18:37:00] INFO epoch 22 done in 63.5s lr=9.99e-05 avg_train_loss=0.0215
[2026-04-29 18:37:41] INFO epoch 22 val MAE(HU): 26.67
[2026-04-29 18:38:22] INFO epoch 23 it 50/1704 loss 0.0207
[2026-04-29 18:38:22] INFO epoch 23 it 100/1704 loss 0.0205
[2026-04-29 18:38:23] INFO epoch 23 it 150/1704 loss 0.0211
[2026-04-29 18:38:24] INFO epoch 23 it 200/1704 loss 0.0214
[2026-04-29 18:38:24] INFO epoch 23 it 250/1704 loss 0.0212
[2026-04-29 18:38:25] INFO epoch 23 it 300/1704 loss 0.0205
[2026-04-29 18:38:26] INFO epoch 23 it 350/1704 loss 0.0211
[2026-04-29 18:38:26] INFO epoch 23 it 400/1704 loss 0.0210
[2026-04-29 18:38:27] INFO epoch 23 it 450/1704 loss 0.0205
[2026-04-29 18:38:28] INFO epoch 23 it 500/1704 loss 0.0215
[2026-04-29 18:38:28] INFO epoch 23 it 550/1704 loss 0.0216
[2026-04-29 18:38:29] INFO epoch 23 it 600/1704 loss 0.0215
[2026-04-29 18:38:30] INFO epoch 23 it 650/1704 loss 0.0214
[2026-04-29 18:38:30] INFO epoch 23 it 700/1704 loss 0.0218
[2026-04-29 18:38:31] INFO epoch 23 it 750/1704 loss 0.0201
[2026-04-29 18:38:31] INFO epoch 23 it 800/1704 loss 0.0211
[2026-04-29 18:38:32] INFO epoch 23 it 850/1704 loss 0.0215
[2026-04-29 18:38:33] INFO epoch 23 it 900/1704 loss 0.0208
[2026-04-29 18:38:33] INFO epoch 23 it 950/1704 loss 0.0213
[2026-04-29 18:38:34] INFO epoch 23 it 1000/1704 loss 0.0206
[2026-04-29 18:38:35] INFO epoch 23 it 1050/1704 loss 0.0214
[2026-04-29 18:38:35] INFO epoch 23 it 1100/1704 loss 0.0214
[2026-04-29 18:38:36] INFO epoch 23 it 1150/1704 loss 0.0213
[2026-04-29 18:38:37] INFO epoch 23 it 1200/1704 loss 0.0219
[2026-04-29 18:38:37] INFO epoch 23 it 1250/1704 loss 0.0216
[2026-04-29 18:38:38] INFO epoch 23 it 1300/1704 loss 0.0205
[2026-04-29 18:38:39] INFO epoch 23 it 1350/1704 loss 0.0217
[2026-04-29 18:38:39] INFO epoch 23 it 1400/1704 loss 0.0220
[2026-04-29 18:38:40] INFO epoch 23 it 1450/1704 loss 0.0217
[2026-04-29 18:38:41] INFO epoch 23 it 1500/1704 loss 0.0213
[2026-04-29 18:38:41] INFO epoch 23 it 1550/1704 loss 0.0218
[2026-04-29 18:38:42] INFO epoch 23 it 1600/1704 loss 0.0199
[2026-04-29 18:38:43] INFO epoch 23 it 1650/1704 loss 0.0217
[2026-04-29 18:38:44] INFO epoch 23 it 1700/1704 loss 0.0210
[2026-04-29 18:38:45] INFO epoch 23 done in 64.1s lr=9.99e-05 avg_train_loss=0.0212
[2026-04-29 18:39:25] INFO epoch 23 val MAE(HU): 26.96
[2026-04-29 18:40:07] INFO epoch 24 it 50/1704 loss 0.0205
[2026-04-29 18:40:07] INFO epoch 24 it 100/1704 loss 0.0210
[2026-04-29 18:40:08] INFO epoch 24 it 150/1704 loss 0.0211
[2026-04-29 18:40:09] INFO epoch 24 it 200/1704 loss 0.0206
[2026-04-29 18:40:09] INFO epoch 24 it 250/1704 loss 0.0212
[2026-04-29 18:40:10] INFO epoch 24 it 300/1704 loss 0.0207
[2026-04-29 18:40:11] INFO epoch 24 it 350/1704 loss 0.0209
[2026-04-29 18:40:11] INFO epoch 24 it 400/1704 loss 0.0219
[2026-04-29 18:40:12] INFO epoch 24 it 450/1704 loss 0.0204
[2026-04-29 18:40:13] INFO epoch 24 it 500/1704 loss 0.0218
[2026-04-29 18:40:13] INFO epoch 24 it 550/1704 loss 0.0208
[2026-04-29 18:40:14] INFO epoch 24 it 600/1704 loss 0.0207
[2026-04-29 18:40:14] INFO epoch 24 it 650/1704 loss 0.0205
[2026-04-29 18:40:15] INFO epoch 24 it 700/1704 loss 0.0208
[2026-04-29 18:40:16] INFO epoch 24 it 750/1704 loss 0.0207
[2026-04-29 18:40:16] INFO epoch 24 it 800/1704 loss 0.0208
[2026-04-29 18:40:17] INFO epoch 24 it 850/1704 loss 0.0208
[2026-04-29 18:40:18] INFO epoch 24 it 900/1704 loss 0.0211
[2026-04-29 18:40:18] INFO epoch 24 it 950/1704 loss 0.0208
[2026-04-29 18:40:19] INFO epoch 24 it 1000/1704 loss 0.0214
[2026-04-29 18:40:19] INFO epoch 24 it 1050/1704 loss 0.0208
[2026-04-29 18:40:20] INFO epoch 24 it 1100/1704 loss 0.0215
[2026-04-29 18:40:21] INFO epoch 24 it 1150/1704 loss 0.0211
[2026-04-29 18:40:21] INFO epoch 24 it 1200/1704 loss 0.0213
[2026-04-29 18:40:22] INFO epoch 24 it 1250/1704 loss 0.0214
[2026-04-29 18:40:23] INFO epoch 24 it 1300/1704 loss 0.0209
[2026-04-29 18:40:23] INFO epoch 24 it 1350/1704 loss 0.0203
[2026-04-29 18:40:24] INFO epoch 24 it 1400/1704 loss 0.0210
[2026-04-29 18:40:25] INFO epoch 24 it 1450/1704 loss 0.0215
[2026-04-29 18:40:25] INFO epoch 24 it 1500/1704 loss 0.0210
[2026-04-29 18:40:26] INFO epoch 24 it 1550/1704 loss 0.0200
[2026-04-29 18:40:26] INFO epoch 24 it 1600/1704 loss 0.0206
[2026-04-29 18:40:27] INFO epoch 24 it 1650/1704 loss 0.0209
[2026-04-29 18:40:28] INFO epoch 24 it 1700/1704 loss 0.0209
[2026-04-29 18:40:29] INFO epoch 24 done in 63.6s lr=9.98e-05 avg_train_loss=0.0209
[2026-04-29 18:41:10] INFO epoch 24 val MAE(HU): 26.77
[2026-04-29 18:41:52] INFO epoch 25 it 50/1704 loss 0.0212
[2026-04-29 18:41:53] INFO epoch 25 it 100/1704 loss 0.0209
[2026-04-29 18:41:53] INFO epoch 25 it 150/1704 loss 0.0218
[2026-04-29 18:41:54] INFO epoch 25 it 200/1704 loss 0.0202
[2026-04-29 18:41:54] INFO epoch 25 it 250/1704 loss 0.0216
[2026-04-29 18:41:55] INFO epoch 25 it 300/1704 loss 0.0208
[2026-04-29 18:41:55] INFO epoch 25 it 350/1704 loss 0.0198
[2026-04-29 18:41:56] INFO epoch 25 it 400/1704 loss 0.0203
[2026-04-29 18:41:57] INFO epoch 25 it 450/1704 loss 0.0208
[2026-04-29 18:41:57] INFO epoch 25 it 500/1704 loss 0.0205
[2026-04-29 18:41:58] INFO epoch 25 it 550/1704 loss 0.0208
[2026-04-29 18:41:58] INFO epoch 25 it 600/1704 loss 0.0204
[2026-04-29 18:41:59] INFO epoch 25 it 650/1704 loss 0.0207
[2026-04-29 18:41:59] INFO epoch 25 it 700/1704 loss 0.0212
[2026-04-29 18:42:00] INFO epoch 25 it 750/1704 loss 0.0215
[2026-04-29 18:42:01] INFO epoch 25 it 800/1704 loss 0.0205
[2026-04-29 18:42:01] INFO epoch 25 it 850/1704 loss 0.0208
[2026-04-29 18:42:02] INFO epoch 25 it 900/1704 loss 0.0197
[2026-04-29 18:42:02] INFO epoch 25 it 950/1704 loss 0.0205
[2026-04-29 18:42:03] INFO epoch 25 it 1000/1704 loss 0.0207
[2026-04-29 18:42:03] INFO epoch 25 it 1050/1704 loss 0.0202
[2026-04-29 18:42:04] INFO epoch 25 it 1100/1704 loss 0.0210
[2026-04-29 18:42:05] INFO epoch 25 it 1150/1704 loss 0.0207
[2026-04-29 18:42:05] INFO epoch 25 it 1200/1704 loss 0.0204
[2026-04-29 18:42:06] INFO epoch 25 it 1250/1704 loss 0.0201
[2026-04-29 18:42:06] INFO epoch 25 it 1300/1704 loss 0.0211
[2026-04-29 18:42:07] INFO epoch 25 it 1350/1704 loss 0.0201
[2026-04-29 18:42:07] INFO epoch 25 it 1400/1704 loss 0.0208
[2026-04-29 18:42:08] INFO epoch 25 it 1450/1704 loss 0.0210
[2026-04-29 18:42:08] INFO epoch 25 it 1500/1704 loss 0.0209
[2026-04-29 18:42:09] INFO epoch 25 it 1550/1704 loss 0.0208
[2026-04-29 18:42:10] INFO epoch 25 it 1600/1704 loss 0.0213
[2026-04-29 18:42:10] INFO epoch 25 it 1650/1704 loss 0.0214
[2026-04-29 18:42:11] INFO epoch 25 it 1700/1704 loss 0.0209
[2026-04-29 18:42:12] INFO epoch 25 done in 61.5s lr=9.98e-05 avg_train_loss=0.0207
[2026-04-29 18:42:51] INFO epoch 25 val MAE(HU): 26.64
[2026-04-29 18:43:33] INFO epoch 26 it 50/1704 loss 0.0203
[2026-04-29 18:43:33] INFO epoch 26 it 100/1704 loss 0.0206
[2026-04-29 18:43:34] INFO epoch 26 it 150/1704 loss 0.0202
[2026-04-29 18:43:35] INFO epoch 26 it 200/1704 loss 0.0197
[2026-04-29 18:43:35] INFO epoch 26 it 250/1704 loss 0.0207
[2026-04-29 18:43:36] INFO epoch 26 it 300/1704 loss 0.0207
[2026-04-29 18:43:36] INFO epoch 26 it 350/1704 loss 0.0208
[2026-04-29 18:43:37] INFO epoch 26 it 400/1704 loss 0.0204
[2026-04-29 18:43:37] INFO epoch 26 it 450/1704 loss 0.0205
[2026-04-29 18:43:38] INFO epoch 26 it 500/1704 loss 0.0208
[2026-04-29 18:43:39] INFO epoch 26 it 550/1704 loss 0.0201
[2026-04-29 18:43:39] INFO epoch 26 it 600/1704 loss 0.0205
[2026-04-29 18:43:40] INFO epoch 26 it 650/1704 loss 0.0202
[2026-04-29 18:43:40] INFO epoch 26 it 700/1704 loss 0.0202
[2026-04-29 18:43:41] INFO epoch 26 it 750/1704 loss 0.0213
[2026-04-29 18:43:41] INFO epoch 26 it 800/1704 loss 0.0204
[2026-04-29 18:43:42] INFO epoch 26 it 850/1704 loss 0.0217
[2026-04-29 18:43:42] INFO epoch 26 it 900/1704 loss 0.0204
[2026-04-29 18:43:43] INFO epoch 26 it 950/1704 loss 0.0208
[2026-04-29 18:43:44] INFO epoch 26 it 1000/1704 loss 0.0206
[2026-04-29 18:43:44] INFO epoch 26 it 1050/1704 loss 0.0200
[2026-04-29 18:43:45] INFO epoch 26 it 1100/1704 loss 0.0196
[2026-04-29 18:43:45] INFO epoch 26 it 1150/1704 loss 0.0205
[2026-04-29 18:43:46] INFO epoch 26 it 1200/1704 loss 0.0210
[2026-04-29 18:43:47] INFO epoch 26 it 1250/1704 loss 0.0202
[2026-04-29 18:43:48] INFO epoch 26 it 1300/1704 loss 0.0202
[2026-04-29 18:43:48] INFO epoch 26 it 1350/1704 loss 0.0216
[2026-04-29 18:43:49] INFO epoch 26 it 1400/1704 loss 0.0208
[2026-04-29 18:43:49] INFO epoch 26 it 1450/1704 loss 0.0210
[2026-04-29 18:43:50] INFO epoch 26 it 1500/1704 loss 0.0210
[2026-04-29 18:43:51] INFO epoch 26 it 1550/1704 loss 0.0201
[2026-04-29 18:43:51] INFO epoch 26 it 1600/1704 loss 0.0207
[2026-04-29 18:43:52] INFO epoch 26 it 1650/1704 loss 0.0198
[2026-04-29 18:43:52] INFO epoch 26 it 1700/1704 loss 0.0196
[2026-04-29 18:43:54] INFO epoch 26 done in 62.4s lr=9.98e-05 avg_train_loss=0.0205
[2026-04-29 18:44:36] INFO epoch 26 val MAE(HU): 26.47
[2026-04-29 18:44:36] INFO new best MAE: 26.47 ¡æ saved best.pth
[2026-04-29 18:45:18] INFO epoch 27 it 50/1704 loss 0.0205
[2026-04-29 18:45:18] INFO epoch 27 it 100/1704 loss 0.0194
[2026-04-29 18:45:19] INFO epoch 27 it 150/1704 loss 0.0199
[2026-04-29 18:45:20] INFO epoch 27 it 200/1704 loss 0.0203
[2026-04-29 18:45:20] INFO epoch 27 it 250/1704 loss 0.0196
[2026-04-29 18:45:21] INFO epoch 27 it 300/1704 loss 0.0200
[2026-04-29 18:45:21] INFO epoch 27 it 350/1704 loss 0.0208
[2026-04-29 18:45:22] INFO epoch 27 it 400/1704 loss 0.0200
[2026-04-29 18:45:23] INFO epoch 27 it 450/1704 loss 0.0199
[2026-04-29 18:45:23] INFO epoch 27 it 500/1704 loss 0.0206
[2026-04-29 18:45:24] INFO epoch 27 it 550/1704 loss 0.0206
[2026-04-29 18:45:25] INFO epoch 27 it 600/1704 loss 0.0203
[2026-04-29 18:45:25] INFO epoch 27 it 650/1704 loss 0.0209
[2026-04-29 18:45:26] INFO epoch 27 it 700/1704 loss 0.0202
[2026-04-29 18:45:27] INFO epoch 27 it 750/1704 loss 0.0209
[2026-04-29 18:45:27] INFO epoch 27 it 800/1704 loss 0.0206
[2026-04-29 18:45:28] INFO epoch 27 it 850/1704 loss 0.0195
[2026-04-29 18:45:29] INFO epoch 27 it 900/1704 loss 0.0209
[2026-04-29 18:45:29] INFO epoch 27 it 950/1704 loss 0.0204
[2026-04-29 18:45:30] INFO epoch 27 it 1000/1704 loss 0.0210
[2026-04-29 18:45:31] INFO epoch 27 it 1050/1704 loss 0.0202
[2026-04-29 18:45:31] INFO epoch 27 it 1100/1704 loss 0.0203
[2026-04-29 18:45:32] INFO epoch 27 it 1150/1704 loss 0.0206
[2026-04-29 18:45:33] INFO epoch 27 it 1200/1704 loss 0.0209
[2026-04-29 18:45:34] INFO epoch 27 it 1250/1704 loss 0.0200
[2026-04-29 18:45:34] INFO epoch 27 it 1300/1704 loss 0.0202
[2026-04-29 18:45:35] INFO epoch 27 it 1350/1704 loss 0.0197
[2026-04-29 18:45:36] INFO epoch 27 it 1400/1704 loss 0.0201
[2026-04-29 18:45:36] INFO epoch 27 it 1450/1704 loss 0.0202
[2026-04-29 18:45:37] INFO epoch 27 it 1500/1704 loss 0.0197
[2026-04-29 18:45:38] INFO epoch 27 it 1550/1704 loss 0.0202
[2026-04-29 18:45:38] INFO epoch 27 it 1600/1704 loss 0.0198
[2026-04-29 18:45:39] INFO epoch 27 it 1650/1704 loss 0.0198
[2026-04-29 18:45:40] INFO epoch 27 it 1700/1704 loss 0.0209
[2026-04-29 18:45:41] INFO epoch 27 done in 65.2s lr=9.98e-05 avg_train_loss=0.0203
[2026-04-29 18:46:22] INFO epoch 27 val MAE(HU): 26.86
[2026-04-29 18:47:03] INFO epoch 28 it 50/1704 loss 0.0203
[2026-04-29 18:47:03] INFO epoch 28 it 100/1704 loss 0.0201
[2026-04-29 18:47:04] INFO epoch 28 it 150/1704 loss 0.0200
[2026-04-29 18:47:04] INFO epoch 28 it 200/1704 loss 0.0203
[2026-04-29 18:47:05] INFO epoch 28 it 250/1704 loss 0.0196
[2026-04-29 18:47:06] INFO epoch 28 it 300/1704 loss 0.0197
[2026-04-29 18:47:06] INFO epoch 28 it 350/1704 loss 0.0193
[2026-04-29 18:47:07] INFO epoch 28 it 400/1704 loss 0.0206
[2026-04-29 18:47:08] INFO epoch 28 it 450/1704 loss 0.0186
[2026-04-29 18:47:08] INFO epoch 28 it 500/1704 loss 0.0191
[2026-04-29 18:47:09] INFO epoch 28 it 550/1704 loss 0.0199
[2026-04-29 18:47:10] INFO epoch 28 it 600/1704 loss 0.0199
[2026-04-29 18:47:10] INFO epoch 28 it 650/1704 loss 0.0202
[2026-04-29 18:47:11] INFO epoch 28 it 700/1704 loss 0.0207
[2026-04-29 18:47:12] INFO epoch 28 it 750/1704 loss 0.0209
[2026-04-29 18:47:12] INFO epoch 28 it 800/1704 loss 0.0202
[2026-04-29 18:47:13] INFO epoch 28 it 850/1704 loss 0.0202
[2026-04-29 18:47:13] INFO epoch 28 it 900/1704 loss 0.0197
[2026-04-29 18:47:14] INFO epoch 28 it 950/1704 loss 0.0210
[2026-04-29 18:47:15] INFO epoch 28 it 1000/1704 loss 0.0199
[2026-04-29 18:47:15] INFO epoch 28 it 1050/1704 loss 0.0205
[2026-04-29 18:47:16] INFO epoch 28 it 1100/1704 loss 0.0205
[2026-04-29 18:47:17] INFO epoch 28 it 1150/1704 loss 0.0194
[2026-04-29 18:47:17] INFO epoch 28 it 1200/1704 loss 0.0200
[2026-04-29 18:47:18] INFO epoch 28 it 1250/1704 loss 0.0203
[2026-04-29 18:47:18] INFO epoch 28 it 1300/1704 loss 0.0203
[2026-04-29 18:47:19] INFO epoch 28 it 1350/1704 loss 0.0201
[2026-04-29 18:47:20] INFO epoch 28 it 1400/1704 loss 0.0196
[2026-04-29 18:47:20] INFO epoch 28 it 1450/1704 loss 0.0205
[2026-04-29 18:47:21] INFO epoch 28 it 1500/1704 loss 0.0205
[2026-04-29 18:47:22] INFO epoch 28 it 1550/1704 loss 0.0200
[2026-04-29 18:47:22] INFO epoch 28 it 1600/1704 loss 0.0201
[2026-04-29 18:47:23] INFO epoch 28 it 1650/1704 loss 0.0200
[2026-04-29 18:47:24] INFO epoch 28 it 1700/1704 loss 0.0199
[2026-04-29 18:47:25] INFO epoch 28 done in 63.1s lr=9.98e-05 avg_train_loss=0.0201
[2026-04-29 18:48:05] INFO epoch 28 val MAE(HU): 26.71
[2026-04-29 18:48:48] INFO epoch 29 it 50/1704 loss 0.0200
[2026-04-29 18:48:48] INFO epoch 29 it 100/1704 loss 0.0194
[2026-04-29 18:48:49] INFO epoch 29 it 150/1704 loss 0.0205
[2026-04-29 18:48:50] INFO epoch 29 it 200/1704 loss 0.0202
[2026-04-29 18:48:50] INFO epoch 29 it 250/1704 loss 0.0201
[2026-04-29 18:48:51] INFO epoch 29 it 300/1704 loss 0.0204
[2026-04-29 18:48:51] INFO epoch 29 it 350/1704 loss 0.0191
[2026-04-29 18:48:52] INFO epoch 29 it 400/1704 loss 0.0184
[2026-04-29 18:48:52] INFO epoch 29 it 450/1704 loss 0.0204
[2026-04-29 18:48:53] INFO epoch 29 it 500/1704 loss 0.0197
[2026-04-29 18:48:54] INFO epoch 29 it 550/1704 loss 0.0194
[2026-04-29 18:48:54] INFO epoch 29 it 600/1704 loss 0.0200
[2026-04-29 18:48:55] INFO epoch 29 it 650/1704 loss 0.0198
[2026-04-29 18:48:55] INFO epoch 29 it 700/1704 loss 0.0191
[2026-04-29 18:48:56] INFO epoch 29 it 750/1704 loss 0.0197
[2026-04-29 18:48:56] INFO epoch 29 it 800/1704 loss 0.0204
[2026-04-29 18:48:57] INFO epoch 29 it 850/1704 loss 0.0198
[2026-04-29 18:48:57] INFO epoch 29 it 900/1704 loss 0.0197
[2026-04-29 18:48:58] INFO epoch 29 it 950/1704 loss 0.0198
[2026-04-29 18:48:59] INFO epoch 29 it 1000/1704 loss 0.0203
[2026-04-29 18:48:59] INFO epoch 29 it 1050/1704 loss 0.0199
[2026-04-29 18:49:00] INFO epoch 29 it 1100/1704 loss 0.0197
[2026-04-29 18:49:00] INFO epoch 29 it 1150/1704 loss 0.0201
[2026-04-29 18:49:01] INFO epoch 29 it 1200/1704 loss 0.0199
[2026-04-29 18:49:02] INFO epoch 29 it 1250/1704 loss 0.0203
[2026-04-29 18:49:02] INFO epoch 29 it 1300/1704 loss 0.0194
[2026-04-29 18:49:03] INFO epoch 29 it 1350/1704 loss 0.0200
[2026-04-29 18:49:03] INFO epoch 29 it 1400/1704 loss 0.0200
[2026-04-29 18:49:04] INFO epoch 29 it 1450/1704 loss 0.0196
[2026-04-29 18:49:04] INFO epoch 29 it 1500/1704 loss 0.0203
[2026-04-29 18:49:05] INFO epoch 29 it 1550/1704 loss 0.0194
[2026-04-29 18:49:06] INFO epoch 29 it 1600/1704 loss 0.0209
[2026-04-29 18:49:06] INFO epoch 29 it 1650/1704 loss 0.0195
[2026-04-29 18:49:07] INFO epoch 29 it 1700/1704 loss 0.0201
[2026-04-29 18:49:09] INFO epoch 29 done in 62.8s lr=9.98e-05 avg_train_loss=0.0199
[2026-04-29 18:49:50] INFO epoch 29 val MAE(HU): 26.49
[2026-04-29 18:50:31] INFO epoch 30 it 50/1704 loss 0.0202
[2026-04-29 18:50:31] INFO epoch 30 it 100/1704 loss 0.0192
[2026-04-29 18:50:32] INFO epoch 30 it 150/1704 loss 0.0188
[2026-04-29 18:50:33] INFO epoch 30 it 200/1704 loss 0.0201
[2026-04-29 18:50:33] INFO epoch 30 it 250/1704 loss 0.0204
[2026-04-29 18:50:34] INFO epoch 30 it 300/1704 loss 0.0197
[2026-04-29 18:50:35] INFO epoch 30 it 350/1704 loss 0.0190
[2026-04-29 18:50:35] INFO epoch 30 it 400/1704 loss 0.0189
[2026-04-29 18:50:36] INFO epoch 30 it 450/1704 loss 0.0199
[2026-04-29 18:50:37] INFO epoch 30 it 500/1704 loss 0.0202
[2026-04-29 18:50:37] INFO epoch 30 it 550/1704 loss 0.0205
[2026-04-29 18:50:38] INFO epoch 30 it 600/1704 loss 0.0205
[2026-04-29 18:50:39] INFO epoch 30 it 650/1704 loss 0.0198
[2026-04-29 18:50:39] INFO epoch 30 it 700/1704 loss 0.0201
[2026-04-29 18:50:40] INFO epoch 30 it 750/1704 loss 0.0202
[2026-04-29 18:50:41] INFO epoch 30 it 800/1704 loss 0.0200
[2026-04-29 18:50:41] INFO epoch 30 it 850/1704 loss 0.0195
[2026-04-29 18:50:42] INFO epoch 30 it 900/1704 loss 0.0186
[2026-04-29 18:50:43] INFO epoch 30 it 950/1704 loss 0.0194
[2026-04-29 18:50:44] INFO epoch 30 it 1000/1704 loss 0.0202
[2026-04-29 18:50:44] INFO epoch 30 it 1050/1704 loss 0.0205
[2026-04-29 18:50:45] INFO epoch 30 it 1100/1704 loss 0.0192
[2026-04-29 18:50:46] INFO epoch 30 it 1150/1704 loss 0.0195
[2026-04-29 18:50:46] INFO epoch 30 it 1200/1704 loss 0.0198
[2026-04-29 18:50:47] INFO epoch 30 it 1250/1704 loss 0.0194
[2026-04-29 18:50:48] INFO epoch 30 it 1300/1704 loss 0.0204
[2026-04-29 18:50:48] INFO epoch 30 it 1350/1704 loss 0.0198
[2026-04-29 18:50:49] INFO epoch 30 it 1400/1704 loss 0.0195
[2026-04-29 18:50:50] INFO epoch 30 it 1450/1704 loss 0.0194
[2026-04-29 18:50:50] INFO epoch 30 it 1500/1704 loss 0.0201
[2026-04-29 18:50:51] INFO epoch 30 it 1550/1704 loss 0.0199
[2026-04-29 18:50:52] INFO epoch 30 it 1600/1704 loss 0.0191
[2026-04-29 18:50:52] INFO epoch 30 it 1650/1704 loss 0.0198
[2026-04-29 18:50:53] INFO epoch 30 it 1700/1704 loss 0.0197
[2026-04-29 18:50:54] INFO epoch 30 done in 64.3s lr=9.98e-05 avg_train_loss=0.0197
[2026-04-29 18:51:35] INFO epoch 30 val MAE(HU): 26.74
[2026-04-29 18:52:17] INFO epoch 31 it 50/1704 loss 0.0190
[2026-04-29 18:52:18] INFO epoch 31 it 100/1704 loss 0.0196
[2026-04-29 18:52:19] INFO epoch 31 it 150/1704 loss 0.0199
[2026-04-29 18:52:19] INFO epoch 31 it 200/1704 loss 0.0189
[2026-04-29 18:52:20] INFO epoch 31 it 250/1704 loss 0.0195
[2026-04-29 18:52:21] INFO epoch 31 it 300/1704 loss 0.0195
[2026-04-29 18:52:21] INFO epoch 31 it 350/1704 loss 0.0193
[2026-04-29 18:52:22] INFO epoch 31 it 400/1704 loss 0.0192
[2026-04-29 18:52:23] INFO epoch 31 it 450/1704 loss 0.0194
[2026-04-29 18:52:23] INFO epoch 31 it 500/1704 loss 0.0194
[2026-04-29 18:52:24] INFO epoch 31 it 550/1704 loss 0.0194
[2026-04-29 18:52:25] INFO epoch 31 it 600/1704 loss 0.0200
[2026-04-29 18:52:25] INFO epoch 31 it 650/1704 loss 0.0197
[2026-04-29 18:52:26] INFO epoch 31 it 700/1704 loss 0.0195
[2026-04-29 18:52:27] INFO epoch 31 it 750/1704 loss 0.0192
[2026-04-29 18:52:27] INFO epoch 31 it 800/1704 loss 0.0190
[2026-04-29 18:52:28] INFO epoch 31 it 850/1704 loss 0.0196
[2026-04-29 18:52:29] INFO epoch 31 it 900/1704 loss 0.0190
[2026-04-29 18:52:29] INFO epoch 31 it 950/1704 loss 0.0198
[2026-04-29 18:52:30] INFO epoch 31 it 1000/1704 loss 0.0198
[2026-04-29 18:52:31] INFO epoch 31 it 1050/1704 loss 0.0201
[2026-04-29 18:52:31] INFO epoch 31 it 1100/1704 loss 0.0196
[2026-04-29 18:52:32] INFO epoch 31 it 1150/1704 loss 0.0202
[2026-04-29 18:52:33] INFO epoch 31 it 1200/1704 loss 0.0200
[2026-04-29 18:52:33] INFO epoch 31 it 1250/1704 loss 0.0189
[2026-04-29 18:52:34] INFO epoch 31 it 1300/1704 loss 0.0196
[2026-04-29 18:52:35] INFO epoch 31 it 1350/1704 loss 0.0200
[2026-04-29 18:52:35] INFO epoch 31 it 1400/1704 loss 0.0194
[2026-04-29 18:52:36] INFO epoch 31 it 1450/1704 loss 0.0189
[2026-04-29 18:52:37] INFO epoch 31 it 1500/1704 loss 0.0202
[2026-04-29 18:52:37] INFO epoch 31 it 1550/1704 loss 0.0197
[2026-04-29 18:52:38] INFO epoch 31 it 1600/1704 loss 0.0201
[2026-04-29 18:52:39] INFO epoch 31 it 1650/1704 loss 0.0203
[2026-04-29 18:52:39] INFO epoch 31 it 1700/1704 loss 0.0200
[2026-04-29 18:52:41] INFO epoch 31 done in 65.3s lr=9.97e-05 avg_train_loss=0.0196
[2026-04-29 18:53:22] INFO epoch 31 val MAE(HU): 26.37
[2026-04-29 18:53:22] INFO new best MAE: 26.37 ¡æ saved best.pth
[2026-04-29 18:54:04] INFO epoch 32 it 50/1704 loss 0.0193
[2026-04-29 18:54:04] INFO epoch 32 it 100/1704 loss 0.0198
[2026-04-29 18:54:05] INFO epoch 32 it 150/1704 loss 0.0195
[2026-04-29 18:54:06] INFO epoch 32 it 200/1704 loss 0.0193
[2026-04-29 18:54:06] INFO epoch 32 it 250/1704 loss 0.0192
[2026-04-29 18:54:07] INFO epoch 32 it 300/1704 loss 0.0189
[2026-04-29 18:54:08] INFO epoch 32 it 350/1704 loss 0.0191
[2026-04-29 18:54:08] INFO epoch 32 it 400/1704 loss 0.0194
[2026-04-29 18:54:09] INFO epoch 32 it 450/1704 loss 0.0201
[2026-04-29 18:54:10] INFO epoch 32 it 500/1704 loss 0.0197
[2026-04-29 18:54:10] INFO epoch 32 it 550/1704 loss 0.0196
[2026-04-29 18:54:11] INFO epoch 32 it 600/1704 loss 0.0194
[2026-04-29 18:54:12] INFO epoch 32 it 650/1704 loss 0.0196
[2026-04-29 18:54:12] INFO epoch 32 it 700/1704 loss 0.0199
[2026-04-29 18:54:13] INFO epoch 32 it 750/1704 loss 0.0188
[2026-04-29 18:54:14] INFO epoch 32 it 800/1704 loss 0.0200
[2026-04-29 18:54:14] INFO epoch 32 it 850/1704 loss 0.0187
[2026-04-29 18:54:15] INFO epoch 32 it 900/1704 loss 0.0187
[2026-04-29 18:54:16] INFO epoch 32 it 950/1704 loss 0.0186
[2026-04-29 18:54:16] INFO epoch 32 it 1000/1704 loss 0.0187
[2026-04-29 18:54:17] INFO epoch 32 it 1050/1704 loss 0.0193
[2026-04-29 18:54:18] INFO epoch 32 it 1100/1704 loss 0.0196
[2026-04-29 18:54:18] INFO epoch 32 it 1150/1704 loss 0.0194
[2026-04-29 18:54:19] INFO epoch 32 it 1200/1704 loss 0.0193
[2026-04-29 18:54:20] INFO epoch 32 it 1250/1704 loss 0.0193
[2026-04-29 18:54:20] INFO epoch 32 it 1300/1704 loss 0.0201
[2026-04-29 18:54:21] INFO epoch 32 it 1350/1704 loss 0.0200
[2026-04-29 18:54:22] INFO epoch 32 it 1400/1704 loss 0.0200
[2026-04-29 18:54:22] INFO epoch 32 it 1450/1704 loss 0.0189
[2026-04-29 18:54:23] INFO epoch 32 it 1500/1704 loss 0.0200
[2026-04-29 18:54:24] INFO epoch 32 it 1550/1704 loss 0.0190
[2026-04-29 18:54:24] INFO epoch 32 it 1600/1704 loss 0.0193
[2026-04-29 18:54:25] INFO epoch 32 it 1650/1704 loss 0.0203
[2026-04-29 18:54:26] INFO epoch 32 it 1700/1704 loss 0.0190
[2026-04-29 18:54:27] INFO epoch 32 done in 65.2s lr=9.97e-05 avg_train_loss=0.0194
[2026-04-29 18:55:07] INFO epoch 32 val MAE(HU): 26.49
[2026-04-29 18:55:48] INFO epoch 33 it 50/1704 loss 0.0188
[2026-04-29 18:55:49] INFO epoch 33 it 100/1704 loss 0.0190
[2026-04-29 18:55:50] INFO epoch 33 it 150/1704 loss 0.0191
[2026-04-29 18:55:50] INFO epoch 33 it 200/1704 loss 0.0190
[2026-04-29 18:55:51] INFO epoch 33 it 250/1704 loss 0.0191
[2026-04-29 18:55:52] INFO epoch 33 it 300/1704 loss 0.0198
[2026-04-29 18:55:52] INFO epoch 33 it 350/1704 loss 0.0191
[2026-04-29 18:55:53] INFO epoch 33 it 400/1704 loss 0.0193
[2026-04-29 18:55:54] INFO epoch 33 it 450/1704 loss 0.0197
[2026-04-29 18:55:54] INFO epoch 33 it 500/1704 loss 0.0194
[2026-04-29 18:55:55] INFO epoch 33 it 550/1704 loss 0.0191
[2026-04-29 18:55:55] INFO epoch 33 it 600/1704 loss 0.0193
[2026-04-29 18:55:56] INFO epoch 33 it 650/1704 loss 0.0194
[2026-04-29 18:55:57] INFO epoch 33 it 700/1704 loss 0.0194
[2026-04-29 18:55:57] INFO epoch 33 it 750/1704 loss 0.0194
[2026-04-29 18:55:58] INFO epoch 33 it 800/1704 loss 0.0187
[2026-04-29 18:55:58] INFO epoch 33 it 850/1704 loss 0.0192
[2026-04-29 18:55:59] INFO epoch 33 it 900/1704 loss 0.0193
[2026-04-29 18:56:00] INFO epoch 33 it 950/1704 loss 0.0189
[2026-04-29 18:56:00] INFO epoch 33 it 1000/1704 loss 0.0197
[2026-04-29 18:56:01] INFO epoch 33 it 1050/1704 loss 0.0189
[2026-04-29 18:56:01] INFO epoch 33 it 1100/1704 loss 0.0198
[2026-04-29 18:56:02] INFO epoch 33 it 1150/1704 loss 0.0189
[2026-04-29 18:56:03] INFO epoch 33 it 1200/1704 loss 0.0210
[2026-04-29 18:56:03] INFO epoch 33 it 1250/1704 loss 0.0193
[2026-04-29 18:56:04] INFO epoch 33 it 1300/1704 loss 0.0190
[2026-04-29 18:56:05] INFO epoch 33 it 1350/1704 loss 0.0195
[2026-04-29 18:56:05] INFO epoch 33 it 1400/1704 loss 0.0195
[2026-04-29 18:56:06] INFO epoch 33 it 1450/1704 loss 0.0189
[2026-04-29 18:56:06] INFO epoch 33 it 1500/1704 loss 0.0199
[2026-04-29 18:56:07] INFO epoch 33 it 1550/1704 loss 0.0192
[2026-04-29 18:56:08] INFO epoch 33 it 1600/1704 loss 0.0197
[2026-04-29 18:56:08] INFO epoch 33 it 1650/1704 loss 0.0191
[2026-04-29 18:56:09] INFO epoch 33 it 1700/1704 loss 0.0188
[2026-04-29 18:56:10] INFO epoch 33 done in 62.8s lr=9.97e-05 avg_train_loss=0.0193
[2026-04-29 18:56:50] INFO epoch 33 val MAE(HU): 26.44
[2026-04-29 18:57:32] INFO epoch 34 it 50/1704 loss 0.0194
[2026-04-29 18:57:33] INFO epoch 34 it 100/1704 loss 0.0186
[2026-04-29 18:57:33] INFO epoch 34 it 150/1704 loss 0.0191
[2026-04-29 18:57:34] INFO epoch 34 it 200/1704 loss 0.0196
[2026-04-29 18:57:35] INFO epoch 34 it 250/1704 loss 0.0193
[2026-04-29 18:57:35] INFO epoch 34 it 300/1704 loss 0.0191
[2026-04-29 18:57:36] INFO epoch 34 it 350/1704 loss 0.0188
[2026-04-29 18:57:37] INFO epoch 34 it 400/1704 loss 0.0195
[2026-04-29 18:57:37] INFO epoch 34 it 450/1704 loss 0.0192
[2026-04-29 18:57:38] INFO epoch 34 it 500/1704 loss 0.0196
[2026-04-29 18:57:39] INFO epoch 34 it 550/1704 loss 0.0187
[2026-04-29 18:57:39] INFO epoch 34 it 600/1704 loss 0.0198
[2026-04-29 18:57:40] INFO epoch 34 it 650/1704 loss 0.0186
[2026-04-29 18:57:41] INFO epoch 34 it 700/1704 loss 0.0195
[2026-04-29 18:57:41] INFO epoch 34 it 750/1704 loss 0.0193
[2026-04-29 18:57:42] INFO epoch 34 it 800/1704 loss 0.0190
[2026-04-29 18:57:43] INFO epoch 34 it 850/1704 loss 0.0188
[2026-04-29 18:57:43] INFO epoch 34 it 900/1704 loss 0.0192
[2026-04-29 18:57:44] INFO epoch 34 it 950/1704 loss 0.0195
[2026-04-29 18:57:45] INFO epoch 34 it 1000/1704 loss 0.0196
[2026-04-29 18:57:45] INFO epoch 34 it 1050/1704 loss 0.0198
[2026-04-29 18:57:46] INFO epoch 34 it 1100/1704 loss 0.0190
[2026-04-29 18:57:47] INFO epoch 34 it 1150/1704 loss 0.0186
[2026-04-29 18:57:47] INFO epoch 34 it 1200/1704 loss 0.0196
[2026-04-29 18:57:48] INFO epoch 34 it 1250/1704 loss 0.0199
[2026-04-29 18:57:48] INFO epoch 34 it 1300/1704 loss 0.0186
[2026-04-29 18:57:49] INFO epoch 34 it 1350/1704 loss 0.0198
[2026-04-29 18:57:50] INFO epoch 34 it 1400/1704 loss 0.0179
[2026-04-29 18:57:50] INFO epoch 34 it 1450/1704 loss 0.0190
[2026-04-29 18:57:51] INFO epoch 34 it 1500/1704 loss 0.0189
[2026-04-29 18:57:52] INFO epoch 34 it 1550/1704 loss 0.0198
[2026-04-29 18:57:52] INFO epoch 34 it 1600/1704 loss 0.0189
[2026-04-29 18:57:53] INFO epoch 34 it 1650/1704 loss 0.0190
[2026-04-29 18:57:54] INFO epoch 34 it 1700/1704 loss 0.0199
[2026-04-29 18:57:55] INFO epoch 34 done in 64.7s lr=9.97e-05 avg_train_loss=0.0192
[2026-04-29 18:58:35] INFO epoch 34 val MAE(HU): 26.76
[2026-04-29 18:59:17] INFO epoch 35 it 50/1704 loss 0.0193
[2026-04-29 18:59:18] INFO epoch 35 it 100/1704 loss 0.0190
[2026-04-29 18:59:18] INFO epoch 35 it 150/1704 loss 0.0185
[2026-04-29 18:59:19] INFO epoch 35 it 200/1704 loss 0.0185
[2026-04-29 18:59:19] INFO epoch 35 it 250/1704 loss 0.0195
[2026-04-29 18:59:20] INFO epoch 35 it 300/1704 loss 0.0189
[2026-04-29 18:59:20] INFO epoch 35 it 350/1704 loss 0.0194
[2026-04-29 18:59:21] INFO epoch 35 it 400/1704 loss 0.0195
[2026-04-29 18:59:22] INFO epoch 35 it 450/1704 loss 0.0183
[2026-04-29 18:59:22] INFO epoch 35 it 500/1704 loss 0.0186
[2026-04-29 18:59:23] INFO epoch 35 it 550/1704 loss 0.0192
[2026-04-29 18:59:23] INFO epoch 35 it 600/1704 loss 0.0191
[2026-04-29 18:59:24] INFO epoch 35 it 650/1704 loss 0.0197
[2026-04-29 18:59:24] INFO epoch 35 it 700/1704 loss 0.0189
[2026-04-29 18:59:25] INFO epoch 35 it 750/1704 loss 0.0192
[2026-04-29 18:59:26] INFO epoch 35 it 800/1704 loss 0.0180
[2026-04-29 18:59:26] INFO epoch 35 it 850/1704 loss 0.0194
[2026-04-29 18:59:27] INFO epoch 35 it 900/1704 loss 0.0201
[2026-04-29 18:59:27] INFO epoch 35 it 950/1704 loss 0.0190
[2026-04-29 18:59:28] INFO epoch 35 it 1000/1704 loss 0.0197
[2026-04-29 18:59:28] INFO epoch 35 it 1050/1704 loss 0.0192
[2026-04-29 18:59:29] INFO epoch 35 it 1100/1704 loss 0.0190
[2026-04-29 18:59:29] INFO epoch 35 it 1150/1704 loss 0.0187
[2026-04-29 18:59:30] INFO epoch 35 it 1200/1704 loss 0.0189
[2026-04-29 18:59:31] INFO epoch 35 it 1250/1704 loss 0.0186
[2026-04-29 18:59:31] INFO epoch 35 it 1300/1704 loss 0.0195
[2026-04-29 18:59:32] INFO epoch 35 it 1350/1704 loss 0.0195
[2026-04-29 18:59:32] INFO epoch 35 it 1400/1704 loss 0.0192
[2026-04-29 18:59:33] INFO epoch 35 it 1450/1704 loss 0.0194
[2026-04-29 18:59:33] INFO epoch 35 it 1500/1704 loss 0.0179
[2026-04-29 18:59:34] INFO epoch 35 it 1550/1704 loss 0.0191
[2026-04-29 18:59:35] INFO epoch 35 it 1600/1704 loss 0.0191
[2026-04-29 18:59:35] INFO epoch 35 it 1650/1704 loss 0.0180
[2026-04-29 18:59:36] INFO epoch 35 it 1700/1704 loss 0.0199
[2026-04-29 18:59:37] INFO epoch 35 done in 61.9s lr=9.97e-05 avg_train_loss=0.0190
[2026-04-29 19:00:16] INFO epoch 35 val MAE(HU): 26.72
[2026-04-29 19:00:58] INFO epoch 36 it 50/1704 loss 0.0202
[2026-04-29 19:00:58] INFO epoch 36 it 100/1704 loss 0.0186
[2026-04-29 19:00:59] INFO epoch 36 it 150/1704 loss 0.0188
[2026-04-29 19:01:00] INFO epoch 36 it 200/1704 loss 0.0191
[2026-04-29 19:01:00] INFO epoch 36 it 250/1704 loss 0.0182
[2026-04-29 19:01:01] INFO epoch 36 it 300/1704 loss 0.0197
[2026-04-29 19:01:01] INFO epoch 36 it 350/1704 loss 0.0190
[2026-04-29 19:01:02] INFO epoch 36 it 400/1704 loss 0.0191
[2026-04-29 19:01:02] INFO epoch 36 it 450/1704 loss 0.0187
[2026-04-29 19:01:03] INFO epoch 36 it 500/1704 loss 0.0189
[2026-04-29 19:01:04] INFO epoch 36 it 550/1704 loss 0.0189
[2026-04-29 19:01:04] INFO epoch 36 it 600/1704 loss 0.0193
[2026-04-29 19:01:05] INFO epoch 36 it 650/1704 loss 0.0181
[2026-04-29 19:01:05] INFO epoch 36 it 700/1704 loss 0.0196
[2026-04-29 19:01:06] INFO epoch 36 it 750/1704 loss 0.0188
[2026-04-29 19:01:06] INFO epoch 36 it 800/1704 loss 0.0187
[2026-04-29 19:01:07] INFO epoch 36 it 850/1704 loss 0.0191
[2026-04-29 19:01:07] INFO epoch 36 it 900/1704 loss 0.0189
[2026-04-29 19:01:08] INFO epoch 36 it 950/1704 loss 0.0183
[2026-04-29 19:01:09] INFO epoch 36 it 1000/1704 loss 0.0195
[2026-04-29 19:01:09] INFO epoch 36 it 1050/1704 loss 0.0190
[2026-04-29 19:01:10] INFO epoch 36 it 1100/1704 loss 0.0190
[2026-04-29 19:01:11] INFO epoch 36 it 1150/1704 loss 0.0190
[2026-04-29 19:01:12] INFO epoch 36 it 1200/1704 loss 0.0186
[2026-04-29 19:01:12] INFO epoch 36 it 1250/1704 loss 0.0189
[2026-04-29 19:01:13] INFO epoch 36 it 1300/1704 loss 0.0189
[2026-04-29 19:01:13] INFO epoch 36 it 1350/1704 loss 0.0181
[2026-04-29 19:01:14] INFO epoch 36 it 1400/1704 loss 0.0186
[2026-04-29 19:01:15] INFO epoch 36 it 1450/1704 loss 0.0191
[2026-04-29 19:01:15] INFO epoch 36 it 1500/1704 loss 0.0196
[2026-04-29 19:01:16] INFO epoch 36 it 1550/1704 loss 0.0195
[2026-04-29 19:01:16] INFO epoch 36 it 1600/1704 loss 0.0183
[2026-04-29 19:01:17] INFO epoch 36 it 1650/1704 loss 0.0192
[2026-04-29 19:01:18] INFO epoch 36 it 1700/1704 loss 0.0193
[2026-04-29 19:01:19] INFO epoch 36 done in 62.5s lr=9.97e-05 avg_train_loss=0.0190
[2026-04-29 19:02:00] INFO epoch 36 val MAE(HU): 26.68
[2026-04-29 19:02:42] INFO epoch 37 it 50/1704 loss 0.0192
[2026-04-29 19:02:43] INFO epoch 37 it 100/1704 loss 0.0184
[2026-04-29 19:02:44] INFO epoch 37 it 150/1704 loss 0.0194
[2026-04-29 19:02:44] INFO epoch 37 it 200/1704 loss 0.0180
[2026-04-29 19:02:45] INFO epoch 37 it 250/1704 loss 0.0198
[2026-04-29 19:02:45] INFO epoch 37 it 300/1704 loss 0.0183
[2026-04-29 19:02:46] INFO epoch 37 it 350/1704 loss 0.0184
[2026-04-29 19:02:47] INFO epoch 37 it 400/1704 loss 0.0187
[2026-04-29 19:02:47] INFO epoch 37 it 450/1704 loss 0.0189
[2026-04-29 19:02:48] INFO epoch 37 it 500/1704 loss 0.0188
[2026-04-29 19:02:48] INFO epoch 37 it 550/1704 loss 0.0180
[2026-04-29 19:02:49] INFO epoch 37 it 600/1704 loss 0.0190
[2026-04-29 19:02:49] INFO epoch 37 it 650/1704 loss 0.0185
[2026-04-29 19:02:50] INFO epoch 37 it 700/1704 loss 0.0191
[2026-04-29 19:02:51] INFO epoch 37 it 750/1704 loss 0.0196
[2026-04-29 19:02:51] INFO epoch 37 it 800/1704 loss 0.0187
[2026-04-29 19:02:52] INFO epoch 37 it 850/1704 loss 0.0187
[2026-04-29 19:02:53] INFO epoch 37 it 900/1704 loss 0.0196
[2026-04-29 19:02:53] INFO epoch 37 it 950/1704 loss 0.0179
[2026-04-29 19:02:54] INFO epoch 37 it 1000/1704 loss 0.0196
[2026-04-29 19:02:55] INFO epoch 37 it 1050/1704 loss 0.0189
[2026-04-29 19:02:55] INFO epoch 37 it 1100/1704 loss 0.0183
[2026-04-29 19:02:56] INFO epoch 37 it 1150/1704 loss 0.0187
[2026-04-29 19:02:57] INFO epoch 37 it 1200/1704 loss 0.0198
[2026-04-29 19:02:57] INFO epoch 37 it 1250/1704 loss 0.0192
[2026-04-29 19:02:58] INFO epoch 37 it 1300/1704 loss 0.0191
[2026-04-29 19:02:59] INFO epoch 37 it 1350/1704 loss 0.0191
[2026-04-29 19:02:59] INFO epoch 37 it 1400/1704 loss 0.0193
[2026-04-29 19:03:00] INFO epoch 37 it 1450/1704 loss 0.0188
[2026-04-29 19:03:00] INFO epoch 37 it 1500/1704 loss 0.0185
[2026-04-29 19:03:01] INFO epoch 37 it 1550/1704 loss 0.0186
[2026-04-29 19:03:01] INFO epoch 37 it 1600/1704 loss 0.0193
[2026-04-29 19:03:02] INFO epoch 37 it 1650/1704 loss 0.0188
[2026-04-29 19:03:02] INFO epoch 37 it 1700/1704 loss 0.0189
[2026-04-29 19:03:04] INFO epoch 37 done in 63.6s lr=9.96e-05 avg_train_loss=0.0189
[2026-04-29 19:03:43] INFO epoch 37 val MAE(HU): 26.70
[2026-04-29 19:04:25] INFO epoch 38 it 50/1704 loss 0.0197
[2026-04-29 19:04:25] INFO epoch 38 it 100/1704 loss 0.0182
[2026-04-29 19:04:26] INFO epoch 38 it 150/1704 loss 0.0186
[2026-04-29 19:04:26] INFO epoch 38 it 200/1704 loss 0.0186
[2026-04-29 19:04:27] INFO epoch 38 it 250/1704 loss 0.0186
[2026-04-29 19:04:28] INFO epoch 38 it 300/1704 loss 0.0178
[2026-04-29 19:04:28] INFO epoch 38 it 350/1704 loss 0.0187
[2026-04-29 19:04:29] INFO epoch 38 it 400/1704 loss 0.0189
[2026-04-29 19:04:29] INFO epoch 38 it 450/1704 loss 0.0199
[2026-04-29 19:04:30] INFO epoch 38 it 500/1704 loss 0.0190
[2026-04-29 19:04:31] INFO epoch 38 it 550/1704 loss 0.0186
[2026-04-29 19:04:31] INFO epoch 38 it 600/1704 loss 0.0179
[2026-04-29 19:04:32] INFO epoch 38 it 650/1704 loss 0.0190
[2026-04-29 19:04:32] INFO epoch 38 it 700/1704 loss 0.0188
[2026-04-29 19:04:33] INFO epoch 38 it 750/1704 loss 0.0191
[2026-04-29 19:04:33] INFO epoch 38 it 800/1704 loss 0.0192
[2026-04-29 19:04:34] INFO epoch 38 it 850/1704 loss 0.0187
[2026-04-29 19:04:35] INFO epoch 38 it 900/1704 loss 0.0189
[2026-04-29 19:04:35] INFO epoch 38 it 950/1704 loss 0.0186
[2026-04-29 19:04:36] INFO epoch 38 it 1000/1704 loss 0.0189
[2026-04-29 19:04:36] INFO epoch 38 it 1050/1704 loss 0.0180
[2026-04-29 19:04:37] INFO epoch 38 it 1100/1704 loss 0.0185
[2026-04-29 19:04:37] INFO epoch 38 it 1150/1704 loss 0.0189
[2026-04-29 19:04:38] INFO epoch 38 it 1200/1704 loss 0.0186
[2026-04-29 19:04:39] INFO epoch 38 it 1250/1704 loss 0.0181
[2026-04-29 19:04:39] INFO epoch 38 it 1300/1704 loss 0.0192
[2026-04-29 19:04:40] INFO epoch 38 it 1350/1704 loss 0.0188
[2026-04-29 19:04:40] INFO epoch 38 it 1400/1704 loss 0.0191
[2026-04-29 19:04:41] INFO epoch 38 it 1450/1704 loss 0.0183
[2026-04-29 19:04:41] INFO epoch 38 it 1500/1704 loss 0.0183
[2026-04-29 19:04:42] INFO epoch 38 it 1550/1704 loss 0.0186
[2026-04-29 19:04:43] INFO epoch 38 it 1600/1704 loss 0.0189
[2026-04-29 19:04:43] INFO epoch 38 it 1650/1704 loss 0.0191
[2026-04-29 19:04:44] INFO epoch 38 it 1700/1704 loss 0.0186
[2026-04-29 19:04:45] INFO epoch 38 done in 61.8s lr=9.96e-05 avg_train_loss=0.0187
[2026-04-29 19:05:25] INFO epoch 38 val MAE(HU): 26.59
[2026-04-29 19:06:06] INFO epoch 39 it 50/1704 loss 0.0192
[2026-04-29 19:06:06] INFO epoch 39 it 100/1704 loss 0.0189
[2026-04-29 19:06:07] INFO epoch 39 it 150/1704 loss 0.0185
[2026-04-29 19:06:08] INFO epoch 39 it 200/1704 loss 0.0184
[2026-04-29 19:06:08] INFO epoch 39 it 250/1704 loss 0.0186
[2026-04-29 19:06:09] INFO epoch 39 it 300/1704 loss 0.0185
[2026-04-29 19:06:09] INFO epoch 39 it 350/1704 loss 0.0181
[2026-04-29 19:06:10] INFO epoch 39 it 400/1704 loss 0.0188
[2026-04-29 19:06:11] INFO epoch 39 it 450/1704 loss 0.0184
[2026-04-29 19:06:11] INFO epoch 39 it 500/1704 loss 0.0181
[2026-04-29 19:06:12] INFO epoch 39 it 550/1704 loss 0.0188
[2026-04-29 19:06:13] INFO epoch 39 it 600/1704 loss 0.0191
[2026-04-29 19:06:14] INFO epoch 39 it 650/1704 loss 0.0187
[2026-04-29 19:06:14] INFO epoch 39 it 700/1704 loss 0.0200
[2026-04-29 19:06:15] INFO epoch 39 it 750/1704 loss 0.0192
[2026-04-29 19:06:15] INFO epoch 39 it 800/1704 loss 0.0182
[2026-04-29 19:06:16] INFO epoch 39 it 850/1704 loss 0.0188
[2026-04-29 19:06:17] INFO epoch 39 it 900/1704 loss 0.0193
[2026-04-29 19:06:17] INFO epoch 39 it 950/1704 loss 0.0180
[2026-04-29 19:06:18] INFO epoch 39 it 1000/1704 loss 0.0184
[2026-04-29 19:06:19] INFO epoch 39 it 1050/1704 loss 0.0189
[2026-04-29 19:06:19] INFO epoch 39 it 1100/1704 loss 0.0183
[2026-04-29 19:06:20] INFO epoch 39 it 1150/1704 loss 0.0180
[2026-04-29 19:06:21] INFO epoch 39 it 1200/1704 loss 0.0189
[2026-04-29 19:06:21] INFO epoch 39 it 1250/1704 loss 0.0180
[2026-04-29 19:06:22] INFO epoch 39 it 1300/1704 loss 0.0195
[2026-04-29 19:06:23] INFO epoch 39 it 1350/1704 loss 0.0176
[2026-04-29 19:06:23] INFO epoch 39 it 1400/1704 loss 0.0191
[2026-04-29 19:06:24] INFO epoch 39 it 1450/1704 loss 0.0190
[2026-04-29 19:06:25] INFO epoch 39 it 1500/1704 loss 0.0183
[2026-04-29 19:06:25] INFO epoch 39 it 1550/1704 loss 0.0186
[2026-04-29 19:06:26] INFO epoch 39 it 1600/1704 loss 0.0187
[2026-04-29 19:06:27] INFO epoch 39 it 1650/1704 loss 0.0191
[2026-04-29 19:06:27] INFO epoch 39 it 1700/1704 loss 0.0187
[2026-04-29 19:06:29] INFO epoch 39 done in 64.0s lr=9.96e-05 avg_train_loss=0.0187
[2026-04-29 19:07:08] INFO epoch 39 val MAE(HU): 26.70
[2026-04-29 19:07:51] INFO epoch 40 it 50/1704 loss 0.0179
[2026-04-29 19:07:51] INFO epoch 40 it 100/1704 loss 0.0185
[2026-04-29 19:07:52] INFO epoch 40 it 150/1704 loss 0.0190
[2026-04-29 19:07:53] INFO epoch 40 it 200/1704 loss 0.0185
[2026-04-29 19:07:53] INFO epoch 40 it 250/1704 loss 0.0179
[2026-04-29 19:07:54] INFO epoch 40 it 300/1704 loss 0.0186
[2026-04-29 19:07:54] INFO epoch 40 it 350/1704 loss 0.0184
[2026-04-29 19:07:55] INFO epoch 40 it 400/1704 loss 0.0188
[2026-04-29 19:07:56] INFO epoch 40 it 450/1704 loss 0.0178
[2026-04-29 19:07:56] INFO epoch 40 it 500/1704 loss 0.0181
[2026-04-29 19:07:57] INFO epoch 40 it 550/1704 loss 0.0184
[2026-04-29 19:07:57] INFO epoch 40 it 600/1704 loss 0.0184
[2026-04-29 19:07:58] INFO epoch 40 it 650/1704 loss 0.0191
[2026-04-29 19:07:59] INFO epoch 40 it 700/1704 loss 0.0182
[2026-04-29 19:07:59] INFO epoch 40 it 750/1704 loss 0.0178
[2026-04-29 19:08:00] INFO epoch 40 it 800/1704 loss 0.0189
[2026-04-29 19:08:00] INFO epoch 40 it 850/1704 loss 0.0187
[2026-04-29 19:08:01] INFO epoch 40 it 900/1704 loss 0.0188
[2026-04-29 19:08:02] INFO epoch 40 it 950/1704 loss 0.0190
[2026-04-29 19:08:02] INFO epoch 40 it 1000/1704 loss 0.0194
[2026-04-29 19:08:03] INFO epoch 40 it 1050/1704 loss 0.0192
[2026-04-29 19:08:03] INFO epoch 40 it 1100/1704 loss 0.0182
[2026-04-29 19:08:04] INFO epoch 40 it 1150/1704 loss 0.0187
[2026-04-29 19:08:04] INFO epoch 40 it 1200/1704 loss 0.0187
[2026-04-29 19:08:05] INFO epoch 40 it 1250/1704 loss 0.0182
[2026-04-29 19:08:06] INFO epoch 40 it 1300/1704 loss 0.0185
[2026-04-29 19:08:06] INFO epoch 40 it 1350/1704 loss 0.0184
[2026-04-29 19:08:07] INFO epoch 40 it 1400/1704 loss 0.0190
[2026-04-29 19:08:07] INFO epoch 40 it 1450/1704 loss 0.0185
[2026-04-29 19:08:08] INFO epoch 40 it 1500/1704 loss 0.0184
[2026-04-29 19:08:08] INFO epoch 40 it 1550/1704 loss 0.0192
[2026-04-29 19:08:09] INFO epoch 40 it 1600/1704 loss 0.0184
[2026-04-29 19:08:10] INFO epoch 40 it 1650/1704 loss 0.0188
[2026-04-29 19:08:10] INFO epoch 40 it 1700/1704 loss 0.0190
[2026-04-29 19:08:12] INFO epoch 40 done in 63.7s lr=9.96e-05 avg_train_loss=0.0186
[2026-04-29 19:08:54] INFO epoch 40 val MAE(HU): 26.53
[2026-04-29 19:09:36] INFO epoch 41 it 50/1704 loss 0.0182
[2026-04-29 19:09:37] INFO epoch 41 it 100/1704 loss 0.0185
[2026-04-29 19:09:38] INFO epoch 41 it 150/1704 loss 0.0175
[2026-04-29 19:09:38] INFO epoch 41 it 200/1704 loss 0.0184
[2026-04-29 19:09:39] INFO epoch 41 it 250/1704 loss 0.0189
[2026-04-29 19:09:40] INFO epoch 41 it 300/1704 loss 0.0188
[2026-04-29 19:09:40] INFO epoch 41 it 350/1704 loss 0.0179
[2026-04-29 19:09:41] INFO epoch 41 it 400/1704 loss 0.0185
[2026-04-29 19:09:41] INFO epoch 41 it 450/1704 loss 0.0184
[2026-04-29 19:09:42] INFO epoch 41 it 500/1704 loss 0.0186
[2026-04-29 19:09:43] INFO epoch 41 it 550/1704 loss 0.0188
[2026-04-29 19:09:43] INFO epoch 41 it 600/1704 loss 0.0184
[2026-04-29 19:09:44] INFO epoch 41 it 650/1704 loss 0.0186
[2026-04-29 19:09:45] INFO epoch 41 it 700/1704 loss 0.0188
[2026-04-29 19:09:46] INFO epoch 41 it 750/1704 loss 0.0188
[2026-04-29 19:09:46] INFO epoch 41 it 800/1704 loss 0.0181
[2026-04-29 19:09:47] INFO epoch 41 it 850/1704 loss 0.0185
[2026-04-29 19:09:47] INFO epoch 41 it 900/1704 loss 0.0186
[2026-04-29 19:09:48] INFO epoch 41 it 950/1704 loss 0.0186
[2026-04-29 19:09:49] INFO epoch 41 it 1000/1704 loss 0.0179
[2026-04-29 19:09:49] INFO epoch 41 it 1050/1704 loss 0.0185
[2026-04-29 19:09:50] INFO epoch 41 it 1100/1704 loss 0.0186
[2026-04-29 19:09:51] INFO epoch 41 it 1150/1704 loss 0.0191
[2026-04-29 19:09:51] INFO epoch 41 it 1200/1704 loss 0.0184
[2026-04-29 19:09:52] INFO epoch 41 it 1250/1704 loss 0.0192
[2026-04-29 19:09:53] INFO epoch 41 it 1300/1704 loss 0.0188
[2026-04-29 19:09:54] INFO epoch 41 it 1350/1704 loss 0.0190
[2026-04-29 19:09:54] INFO epoch 41 it 1400/1704 loss 0.0192
[2026-04-29 19:09:55] INFO epoch 41 it 1450/1704 loss 0.0182
[2026-04-29 19:09:56] INFO epoch 41 it 1500/1704 loss 0.0183
[2026-04-29 19:09:57] INFO epoch 41 it 1550/1704 loss 0.0188
[2026-04-29 19:09:57] INFO epoch 41 it 1600/1704 loss 0.0185
[2026-04-29 19:09:58] INFO epoch 41 it 1650/1704 loss 0.0181
[2026-04-29 19:09:58] INFO epoch 41 it 1700/1704 loss 0.0183
[2026-04-29 19:10:00] INFO epoch 41 done in 65.7s lr=9.96e-05 avg_train_loss=0.0185
